NCCL version 2.31.1+cuda13.0
WARN: device rdmap85s0 is not supported (expected HCA interface: mlx5). Skipping...

WARN: device rdmap85s0 is not supported (expected HCA interface: mlx5). Skipping...

WARN: device rdmap86s0 is not supported (expected HCA interface: mlx5). Skipping...

WARN: device rdmap86s0 is not supported (expected HCA interface: mlx5). Skipping...

WARN: device rdmap87s0 is not supported (expected HCA interface: mlx5). Skipping...

WARN: device rdmap87s0 is not supported (expected HCA interface: mlx5). Skipping...

WARN: device rdmap88s0 is not supported (expected HCA interface: mlx5). Skipping...

WARN: device rdmap85s0 is not supported (expected HCA interface: mlx5). Skipping...

WARN: device rdmap88s0 is not supported (expected HCA interface: mlx5). Skipping...

WARN: device rdmap110s0 is not supported (expected HCA interface: mlx5). Skipping...

WARN: device rdmap86s0 is not supported (expected HCA interface: mlx5). Skipping...

WARN: device rdmap110s0 is not supported (expected HCA interface: mlx5). Skipping...

WARN: device rdmap111s0 is not supported (expected HCA interface: mlx5). Skipping...

WARN: device rdmap87s0 is not supported (expected HCA interface: mlx5). Skipping...

WARN: device rdmap111s0 is not supported (expected HCA interface: mlx5). Skipping...

WARN: device rdmap112s0 is not supported (expected HCA interface: mlx5). Skipping...

WARN: device rdmap88s0 is not supported (expected HCA interface: mlx5). Skipping...

WARN: device rdmap85s0 is not supported (expected HCA interface: mlx5). Skipping...

WARN: device rdmap112s0 is not supported (expected HCA interface: mlx5). Skipping...

WARN: device rdmap85s0 is not supported (expected HCA interface: mlx5). Skipping...

WARN: device rdmap113s0 is not supported (expected HCA interface: mlx5). Skipping...

WARN: device rdmap110s0 is not supported (expected HCA interface: mlx5). Skipping...

WARN: device rdmap113s0 is not supported (expected HCA interface: mlx5). Skipping...

WARN: device rdmap86s0 is not supported (expected HCA interface: mlx5). Skipping...

WARN: device rdmap85s0 is not supported (expected HCA interface: mlx5). Skipping...

WARN: device rdmap85s0 is not supported (expected HCA interface: mlx5). Skipping...

WARN: device rdmap135s0 is not supported (expected HCA interface: mlx5). Skipping...

WARN: device rdmap86s0 is not supported (expected HCA interface: mlx5). Skipping...

WARN: device rdmap111s0 is not supported (expected HCA interface: mlx5). Skipping...

WARN: device rdmap135s0 is not supported (expected HCA interface: mlx5). Skipping...

WARN: device rdmap87s0 is not supported (expected HCA interface: mlx5). Skipping...

WARN: device rdmap86s0 is not supported (expected HCA interface: mlx5). Skipping...

WARN: device rdmap86s0 is not supported (expected HCA interface: mlx5). Skipping...

WARN: device rdmap85s0 is not supported (expected HCA interface: mlx5). Skipping...

WARN: device rdmap136s0 is not supported (expected HCA interface: mlx5). Skipping...

WARN: device rdmap87s0 is not supported (expected HCA interface: mlx5). Skipping...

WARN: device rdmap112s0 is not supported (expected HCA interface: mlx5). Skipping...

WARN: device rdmap88s0 is not supported (expected HCA interface: mlx5). Skipping...

WARN: device rdmap136s0 is not supported (expected HCA interface: mlx5). Skipping...

WARN: device rdmap86s0 is not supported (expected HCA interface: mlx5). Skipping...

WARN: device rdmap87s0 is not supported (expected HCA interface: mlx5). Skipping...

WARN: device rdmap137s0 is not supported (expected HCA interface: mlx5). Skipping...

WARN: device rdmap88s0 is not supported (expected HCA interface: mlx5). Skipping...

WARN: device rdmap113s0 is not supported (expected HCA interface: mlx5). Skipping...

WARN: device rdmap110s0 is not supported (expected HCA interface: mlx5). Skipping...

WARN: device rdmap87s0 is not supported (expected HCA interface: mlx5). Skipping...

WARN: device rdmap137s0 is not supported (expected HCA interface: mlx5). Skipping...

WARN: device rdmap88s0 is not supported (expected HCA interface: mlx5). Skipping...

WARN: device rdmap110s0 is not supported (expected HCA interface: mlx5). Skipping...

WARN: device rdmap87s0 is not supported (expected HCA interface: mlx5). Skipping...

WARN: device rdmap135s0 is not supported (expected HCA interface: mlx5). Skipping...

WARN: device rdmap88s0 is not supported (expected HCA interface: mlx5). Skipping...

WARN: device rdmap138s0 is not supported (expected HCA interface: mlx5). Skipping...

WARN: device rdmap111s0 is not supported (expected HCA interface: mlx5). Skipping...

WARN: device rdmap138s0 is not supported (expected HCA interface: mlx5). Skipping...

WARN: device rdmap110s0 is not supported (expected HCA interface: mlx5). Skipping...

WARN: device rdmap88s0 is not supported (expected HCA interface: mlx5). Skipping...

WARN: WARN: device rdmap111s0 is not supported (expected HCA interface: mlx5). Skipping...
WARN: device rdmap110s0 is not supported (expected HCA interface: mlx5). Skipping...
device rdmap136s0 is not supported (expected HCA interface: mlx5). Skipping...



WARN: device rdmap160s0 is not supported (expected HCA interface: mlx5). Skipping...

WARN: device rdmap112s0 is not supported (expected HCA interface: mlx5). Skipping...

WARN: device rdmap160s0 is not supported (expected HCA interface: mlx5). Skipping...

WARN: device rdmap110s0 is not supported (expected HCA interface: mlx5). Skipping...

WARN: device rdmap111s0 is not supported (expected HCA interface: mlx5). Skipping...

WARN: device rdmap112s0 is not supported (expected HCA interface: mlx5). Skipping...

WARN: device rdmap137s0 is not supported (expected HCA interface: mlx5). Skipping...

WARN: device rdmap111s0 is not supported (expected HCA interface: mlx5). Skipping...

WARN: WARN: device rdmap113s0 is not supported (expected HCA interface: mlx5). Skipping...
device rdmap161s0 is not supported (expected HCA interface: mlx5). Skipping...


WARN: device rdmap161s0 is not supported (expected HCA interface: mlx5). Skipping...

WARN: device rdmap112s0 is not supported (expected HCA interface: mlx5). Skipping...

WARN: device rdmap111s0 is not supported (expected HCA interface: mlx5). Skipping...

WARN: device rdmap113s0 is not supported (expected HCA interface: mlx5). Skipping...

WARN: device rdmap138s0 is not supported (expected HCA interface: mlx5). Skipping...

WARN: WARN: device rdmap112s0 is not supported (expected HCA interface: mlx5). Skipping...
device rdmap135s0 is not supported (expected HCA interface: mlx5). Skipping...


WARN: device rdmap162s0 is not supported (expected HCA interface: mlx5). Skipping...

WARN: device rdmap162s0 is not supported (expected HCA interface: mlx5). Skipping...

WARN: device rdmap113s0 is not supported (expected HCA interface: mlx5). Skipping...

WARN: WARN: device rdmap112s0 is not supported (expected HCA interface: mlx5). Skipping...
device rdmap135s0 is not supported (expected HCA interface: mlx5). Skipping...


WARN: device rdmap160s0 is not supported (expected HCA interface: mlx5). Skipping...

WARN: device rdmap113s0 is not supported (expected HCA interface: mlx5). Skipping...

WARN: device rdmap136s0 is not supported (expected HCA interface: mlx5). Skipping...

WARN: device rdmap163s0 is not supported (expected HCA interface: mlx5). Skipping...

/dvs/p4/build/sw/rel/gpgpu/toolkit/r13.0/main_nvshmem/src/host/transport/transport.cpp:nvshmemi_transport_init:282: init failed for transport: IBGDA
WARN: WARN: device rdmap163s0 is not supported (expected HCA interface: mlx5). Skipping...
device rdmap135s0 is not supported (expected HCA interface: mlx5). Skipping...


/dvs/p4/build/sw/rel/gpgpu/toolkit/r13.0/main_nvshmem/src/host/transport/transport.cpp:nvshmemi_transport_init:282: init failed for transport: IBGDA
WARN: device rdmap113s0 is not supported (expected HCA interface: mlx5). Skipping...

WARN: device rdmap136s0 is not supported (expected HCA interface: mlx5). Skipping...

WARN: device rdmap135s0 is not supported (expected HCA interface: mlx5). Skipping...

WARN: device rdmap161s0 is not supported (expected HCA interface: mlx5). Skipping...

WARN: device rdmap137s0 is not supported (expected HCA interface: mlx5). Skipping...

WARN: device rdmap135s0 is not supported (expected HCA interface: mlx5). Skipping...

WARN: device rdmap136s0 is not supported (expected HCA interface: mlx5). Skipping...

WARN: device rdmap162s0 is not supported (expected HCA interface: mlx5). Skipping...

WARN: device rdmap137s0 is not supported (expected HCA interface: mlx5). Skipping...

WARN: device rdmap136s0 is not supported (expected HCA interface: mlx5). Skipping...

WARN: device rdmap138s0 is not supported (expected HCA interface: mlx5). Skipping...

WARN: WARN: device rdmap136s0 is not supported (expected HCA interface: mlx5). Skipping...
device rdmap137s0 is not supported (expected HCA interface: mlx5). Skipping...


WARN: WARN: device rdmap138s0 is not supported (expected HCA interface: mlx5). Skipping...
device rdmap163s0 is not supported (expected HCA interface: mlx5). Skipping...


/dvs/p4/build/sw/rel/gpgpu/toolkit/r13.0/main_nvshmem/src/host/transport/transport.cpp:nvshmemi_transport_init:282: init failed for transport: IBGDA
WARN: device rdmap137s0 is not supported (expected HCA interface: mlx5). Skipping...

WARN: device rdmap160s0 is not supported (expected HCA interface: mlx5). Skipping...

WARN: device rdmap138s0 is not supported (expected HCA interface: mlx5). Skipping...

WARN: device rdmap137s0 is not supported (expected HCA interface: mlx5). Skipping...

WARN: device rdmap160s0 is not supported (expected HCA interface: mlx5). Skipping...

WARN: device rdmap138s0 is not supported (expected HCA interface: mlx5). Skipping...

WARN: device rdmap161s0 is not supported (expected HCA interface: mlx5). Skipping...

WARN: device rdmap160s0 is not supported (expected HCA interface: mlx5). Skipping...

WARN: device rdmap138s0 is not supported (expected HCA interface: mlx5). Skipping...

WARN: device rdmap162s0 is not supported (expected HCA interface: mlx5). Skipping...

WARN: device rdmap160s0 is not supported (expected HCA interface: mlx5). Skipping...

WARN: device rdmap161s0 is not supported (expected HCA interface: mlx5). Skipping...

/dvs/p4/build/sw/rel/gpgpu/toolkit/r13.0/main_nvshmem/src/host/transport/transport.cpp:nvshmemi_transport_init:282: init failed for transport: IBGDA
WARN: device rdmap163s0 is not supported (expected HCA interface: mlx5). Skipping...

WARN: device rdmap160s0 is not supported (expected HCA interface: mlx5). Skipping...

WARN: device rdmap161s0 is not supported (expected HCA interface: mlx5). Skipping...

WARN: device rdmap162s0 is not supported (expected HCA interface: mlx5). Skipping...

WARN: device rdmap161s0 is not supported (expected HCA interface: mlx5). Skipping...

/dvs/p4/build/sw/rel/gpgpu/toolkit/r13.0/main_nvshmem/src/host/transport/transport.cpp:nvshmemi_transport_init:282: init failed for transport: IBGDA
WARN: device rdmap163s0 is not supported (expected HCA interface: mlx5). Skipping...

WARN: device rdmap161s0 is not supported (expected HCA interface: mlx5). Skipping...

WARN: device rdmap162s0 is not supported (expected HCA interface: mlx5). Skipping...

WARN: device rdmap162s0 is not supported (expected HCA interface: mlx5). Skipping...

WARN: device rdmap162s0 is not supported (expected HCA interface: mlx5). Skipping...

/dvs/p4/build/sw/rel/gpgpu/toolkit/r13.0/main_nvshmem/src/host/transport/transport.cpp:nvshmemi_transport_init:282: init failed for transport: IBGDA
WARN: device rdmap163s0 is not supported (expected HCA interface: mlx5). Skipping...

/dvs/p4/build/sw/rel/gpgpu/toolkit/r13.0/main_nvshmem/src/host/transport/transport.cpp:nvshmemi_transport_init:282: init failed for transport: IBGDA
WARN: device rdmap163s0 is not supported (expected HCA interface: mlx5). Skipping...

/dvs/p4/build/sw/rel/gpgpu/toolkit/r13.0/main_nvshmem/src/host/transport/transport.cpp:nvshmemi_transport_init:282: init failed for transport: IBGDA
WARN: device rdmap163s0 is not supported (expected HCA interface: mlx5). Skipping...

NCCL version 2.31.1+cuda13.0
NCCL version 2.31.1+cuda13.0
NCCL version 2.31.1+cuda13.0
NCCL version 2.31.1+cuda13.0
NCCL version 2.31.1+cuda13.0
NCCL version 2.31.1+cuda13.0
NCCL version 2.31.1+cuda13.0
=== capacity=4 ranks=8 ===
/usr/local/lib/python3.12/dist-packages/torch/distributed/c10d_logger.py:83: FutureWarning: `torch.distributed.all_gather_into_tensor` is deprecated. Please use `torch.distributed.all_gather_single` instead.
  return func(*args, **kwargs)
/usr/local/lib/python3.12/dist-packages/torch/distributed/c10d_logger.py:83: FutureWarning: `torch.distributed.all_gather_into_tensor` is deprecated. Please use `torch.distributed.all_gather_single` instead.
  return func(*args, **kwargs)
/usr/local/lib/python3.12/dist-packages/torch/distributed/c10d_logger.py:83: FutureWarning: `torch.distributed.all_gather_into_tensor` is deprecated. Please use `torch.distributed.all_gather_single` instead.
  return func(*args, **kwargs)
/usr/local/lib/python3.12/dist-packages/torch/distributed/c10d_logger.py:83: FutureWarning: `torch.distributed.all_gather_into_tensor` is deprecated. Please use `torch.distributed.all_gather_single` instead.
  return func(*args, **kwargs)
/usr/local/lib/python3.12/dist-packages/torch/distributed/c10d_logger.py:83: FutureWarning: `torch.distributed.all_gather_into_tensor` is deprecated. Please use `torch.distributed.all_gather_single` instead.
  return func(*args, **kwargs)
/usr/local/lib/python3.12/dist-packages/torch/distributed/c10d_logger.py:83: FutureWarning: `torch.distributed.all_gather_into_tensor` is deprecated. Please use `torch.distributed.all_gather_single` instead.
  return func(*args, **kwargs)
/usr/local/lib/python3.12/dist-packages/torch/distributed/c10d_logger.py:83: FutureWarning: `torch.distributed.all_gather_into_tensor` is deprecated. Please use `torch.distributed.all_gather_single` instead.
  return func(*args, **kwargs)
/usr/local/lib/python3.12/dist-packages/torch/distributed/c10d_logger.py:83: FutureWarning: `torch.distributed.all_gather_into_tensor` is deprecated. Please use `torch.distributed.all_gather_single` instead.
  return func(*args, **kwargs)
  tokens=4     pair=   40.45 us (p50   39.65, rank-max   40.58) | disp    231.5 KiB  comb    448.0 KiB
              disp=   30.37 us  comb(sub)=   10.09 us
WARN: device rdmap85s0 is not supported (expected HCA interface: mlx5). Skipping...

WARN: device rdmap86s0 is not supported (expected HCA interface: mlx5). Skipping...

WARN: device rdmap85s0 is not supported (expected HCA interface: mlx5). Skipping...

WARN: device rdmap85s0 is not supported (expected HCA interface: mlx5). Skipping...

WARN: device rdmap87s0 is not supported (expected HCA interface: mlx5). Skipping...

WARN: device rdmap86s0 is not supported (expected HCA interface: mlx5). Skipping...

WARN: device rdmap85s0 is not supported (expected HCA interface: mlx5). Skipping...

WARN: device rdmap86s0 is not supported (expected HCA interface: mlx5). Skipping...

WARN: device rdmap85s0 is not supported (expected HCA interface: mlx5). Skipping...

WARN: device rdmap88s0 is not supported (expected HCA interface: mlx5). Skipping...

WARN: device rdmap87s0 is not supported (expected HCA interface: mlx5). Skipping...

WARN: device rdmap86s0 is not supported (expected HCA interface: mlx5). Skipping...

WARN: device rdmap85s0 is not supported (expected HCA interface: mlx5). Skipping...

WARN: device rdmap87s0 is not supported (expected HCA interface: mlx5). Skipping...

WARN: device rdmap86s0 is not supported (expected HCA interface: mlx5). Skipping...

WARN: device rdmap110s0 is not supported (expected HCA interface: mlx5). Skipping...

WARN: WARN: device rdmap87s0 is not supported (expected HCA interface: mlx5). Skipping...

device rdmap86s0 is not supported (expected HCA interface: mlx5). Skipping...
WARN: 
device rdmap88s0 is not supported (expected HCA interface: mlx5). Skipping...

WARN: device rdmap85s0 is not supported (expected HCA interface: mlx5). Skipping...

WARN: WARN: device rdmap87s0 is not supported (expected HCA interface: mlx5). Skipping...
device rdmap88s0 is not supported (expected HCA interface: mlx5). Skipping...


WARN: device rdmap111s0 is not supported (expected HCA interface: mlx5). Skipping...

WARN: device rdmap85s0 is not supported (expected HCA interface: mlx5). Skipping...

WARN: device rdmap110s0 is not supported (expected HCA interface: mlx5). Skipping...

WARN: device rdmap86s0 is not supported (expected HCA interface: mlx5). Skipping...

WARN: device rdmap87s0 is not supported (expected HCA interface: mlx5). Skipping...
WARN: 
device rdmap88s0 is not supported (expected HCA interface: mlx5). Skipping...

WARN: device rdmap110s0 is not supported (expected HCA interface: mlx5). Skipping...

WARN: device rdmap88s0 is not supported (expected HCA interface: mlx5). Skipping...

WARN: device rdmap112s0 is not supported (expected HCA interface: mlx5). Skipping...

WARN: device rdmap86s0 is not supported (expected HCA interface: mlx5). Skipping...

WARN: device rdmap111s0 is not supported (expected HCA interface: mlx5). Skipping...

WARN: device rdmap87s0 is not supported (expected HCA interface: mlx5). Skipping...

WARN: device rdmap111s0 is not supported (expected HCA interface: mlx5). Skipping...

WARN: device rdmap88s0 is not supported (expected HCA interface: mlx5). Skipping...

WARN: device rdmap110s0 is not supported (expected HCA interface: mlx5). Skipping...

WARN: device rdmap113s0 is not supported (expected HCA interface: mlx5). Skipping...

WARN: device rdmap110s0 is not supported (expected HCA interface: mlx5). Skipping...

WARN: device rdmap112s0 is not supported (expected HCA interface: mlx5). Skipping...

WARN: device rdmap87s0 is not supported (expected HCA interface: mlx5). Skipping...

WARN: device rdmap112s0 is not supported (expected HCA interface: mlx5). Skipping...

WARN: device rdmap111s0 is not supported (expected HCA interface: mlx5). Skipping...

WARN: device rdmap88s0 is not supported (expected HCA interface: mlx5). Skipping...

WARN: device rdmap110s0 is not supported (expected HCA interface: mlx5). Skipping...

WARN: device rdmap135s0 is not supported (expected HCA interface: mlx5). Skipping...

WARN: device rdmap111s0 is not supported (expected HCA interface: mlx5). Skipping...

WARN: device rdmap113s0 is not supported (expected HCA interface: mlx5). Skipping...

WARN: device rdmap88s0 is not supported (expected HCA interface: mlx5). Skipping...

WARN: device rdmap110s0 is not supported (expected HCA interface: mlx5). Skipping...

WARN: device rdmap112s0 is not supported (expected HCA interface: mlx5). Skipping...

WARN: device rdmap113s0 is not supported (expected HCA interface: mlx5). Skipping...

WARN: device rdmap111s0 is not supported (expected HCA interface: mlx5). Skipping...

WARN: WARN: device rdmap112s0 is not supported (expected HCA interface: mlx5). Skipping...
device rdmap136s0 is not supported (expected HCA interface: mlx5). Skipping...


WARN: device rdmap110s0 is not supported (expected HCA interface: mlx5). Skipping...

WARN: device rdmap135s0 is not supported (expected HCA interface: mlx5). Skipping...

WARN: device rdmap111s0 is not supported (expected HCA interface: mlx5). Skipping...

WARN: device rdmap112s0 is not supported (expected HCA interface: mlx5). Skipping...

WARN: device rdmap113s0 is not supported (expected HCA interface: mlx5). Skipping...

WARN: device rdmap135s0 is not supported (expected HCA interface: mlx5). Skipping...

WARN: device rdmap137s0 is not supported (expected HCA interface: mlx5). Skipping...

WARN: device rdmap113s0 is not supported (expected HCA interface: mlx5). Skipping...

WARN: device rdmap111s0 is not supported (expected HCA interface: mlx5). Skipping...

WARN: WARN: device rdmap112s0 is not supported (expected HCA interface: mlx5). Skipping...
device rdmap136s0 is not supported (expected HCA interface: mlx5). Skipping...


WARN: device rdmap136s0 is not supported (expected HCA interface: mlx5). Skipping...

WARN: device rdmap113s0 is not supported (expected HCA interface: mlx5). Skipping...

WARN: device rdmap135s0 is not supported (expected HCA interface: mlx5). Skipping...

WARN: device rdmap138s0 is not supported (expected HCA interface: mlx5). Skipping...

WARN: device rdmap135s0 is not supported (expected HCA interface: mlx5). Skipping...

WARN: device rdmap137s0 is not supported (expected HCA interface: mlx5). Skipping...

WARN: device rdmap112s0 is not supported (expected HCA interface: mlx5). Skipping...

WARN: device rdmap113s0 is not supported (expected HCA interface: mlx5). Skipping...

WARN: device rdmap137s0 is not supported (expected HCA interface: mlx5). Skipping...

WARN: device rdmap136s0 is not supported (expected HCA interface: mlx5). Skipping...

WARN: WARN: device rdmap160s0 is not supported (expected HCA interface: mlx5). Skipping...

device rdmap135s0 is not supported (expected HCA interface: mlx5). Skipping...

WARN: device rdmap136s0 is not supported (expected HCA interface: mlx5). Skipping...

WARN: device rdmap138s0 is not supported (expected HCA interface: mlx5). Skipping...

WARN: device rdmap113s0 is not supported (expected HCA interface: mlx5). Skipping...

WARN: device rdmap135s0 is not supported (expected HCA interface: mlx5). Skipping...

WARN: device rdmap137s0 is not supported (expected HCA interface: mlx5). Skipping...

WARN: device rdmap138s0 is not supported (expected HCA interface: mlx5). Skipping...

WARN: device rdmap136s0 is not supported (expected HCA interface: mlx5). Skipping...

WARN: device rdmap161s0 is not supported (expected HCA interface: mlx5). Skipping...

WARN: device rdmap137s0 is not supported (expected HCA interface: mlx5). Skipping...

WARN: device rdmap160s0 is not supported (expected HCA interface: mlx5). Skipping...

WARN: device rdmap136s0 is not supported (expected HCA interface: mlx5). Skipping...

WARN: WARN: device rdmap160s0 is not supported (expected HCA interface: mlx5). Skipping...
device rdmap135s0 is not supported (expected HCA interface: mlx5). Skipping...


WARN: device rdmap137s0 is not supported (expected HCA interface: mlx5). Skipping...

WARN: device rdmap138s0 is not supported (expected HCA interface: mlx5). Skipping...

WARN: device rdmap162s0 is not supported (expected HCA interface: mlx5). Skipping...

WARN: device rdmap138s0 is not supported (expected HCA interface: mlx5). Skipping...

WARN: device rdmap161s0 is not supported (expected HCA interface: mlx5). Skipping...

WARN: device rdmap137s0 is not supported (expected HCA interface: mlx5). Skipping...

WARN: device rdmap136s0 is not supported (expected HCA interface: mlx5). Skipping...

WARN: device rdmap160s0 is not supported (expected HCA interface: mlx5). Skipping...

WARN: device rdmap163s0 is not supported (expected HCA interface: mlx5). Skipping...
WARN: 
device rdmap161s0 is not supported (expected HCA interface: mlx5). Skipping...

/dvs/p4/build/sw/rel/gpgpu/toolkit/r13.0/main_nvshmem/src/host/transport/transport.cpp:nvshmemi_transport_init:282: init failed for transport: IBGDA
WARN: device rdmap138s0 is not supported (expected HCA interface: mlx5). Skipping...

WARN: device rdmap160s0 is not supported (expected HCA interface: mlx5). Skipping...

WARN: device rdmap162s0 is not supported (expected HCA interface: mlx5). Skipping...

WARN: device rdmap137s0 is not supported (expected HCA interface: mlx5). Skipping...

WARN: device rdmap138s0 is not supported (expected HCA interface: mlx5). Skipping...

WARN: device rdmap162s0 is not supported (expected HCA interface: mlx5). Skipping...

WARN: device rdmap160s0 is not supported (expected HCA interface: mlx5). Skipping...

WARN: device rdmap161s0 is not supported (expected HCA interface: mlx5). Skipping...

WARN: device rdmap161s0 is not supported (expected HCA interface: mlx5). Skipping...

WARN: device rdmap160s0 is not supported (expected HCA interface: mlx5). Skipping...

WARN: device rdmap163s0 is not supported (expected HCA interface: mlx5). Skipping...

/dvs/p4/build/sw/rel/gpgpu/toolkit/r13.0/main_nvshmem/src/host/transport/transport.cpp:nvshmemi_transport_init:282: init failed for transport: IBGDA
WARN: device rdmap138s0 is not supported (expected HCA interface: mlx5). Skipping...

WARN: device rdmap162s0 is not supported (expected HCA interface: mlx5). Skipping...

WARN: device rdmap163s0 is not supported (expected HCA interface: mlx5). Skipping...

WARN: device rdmap161s0 is not supported (expected HCA interface: mlx5). Skipping...

/dvs/p4/build/sw/rel/gpgpu/toolkit/r13.0/main_nvshmem/src/host/transport/transport.cpp:nvshmemi_transport_init:282: init failed for transport: IBGDA
WARN: device rdmap162s0 is not supported (expected HCA interface: mlx5). Skipping...

WARN: device rdmap160s0 is not supported (expected HCA interface: mlx5). Skipping...

WARN: device rdmap161s0 is not supported (expected HCA interface: mlx5). Skipping...

WARN: device rdmap162s0 is not supported (expected HCA interface: mlx5). Skipping...

WARN: device rdmap163s0 is not supported (expected HCA interface: mlx5). Skipping...

/dvs/p4/build/sw/rel/gpgpu/toolkit/r13.0/main_nvshmem/src/host/transport/transport.cpp:nvshmemi_transport_init:282: init failed for transport: IBGDA
WARN: device rdmap163s0 is not supported (expected HCA interface: mlx5). Skipping...

/dvs/p4/build/sw/rel/gpgpu/toolkit/r13.0/main_nvshmem/src/host/transport/transport.cpp:nvshmemi_transport_init:282: init failed for transport: IBGDA
WARN: device rdmap162s0 is not supported (expected HCA interface: mlx5). Skipping...

WARN: device rdmap161s0 is not supported (expected HCA interface: mlx5). Skipping...

WARN: device rdmap163s0 is not supported (expected HCA interface: mlx5). Skipping...

/dvs/p4/build/sw/rel/gpgpu/toolkit/r13.0/main_nvshmem/src/host/transport/transport.cpp:nvshmemi_transport_init:282: init failed for transport: IBGDA
WARN: device rdmap162s0 is not supported (expected HCA interface: mlx5). Skipping...

WARN: device rdmap163s0 is not supported (expected HCA interface: mlx5). Skipping...

/dvs/p4/build/sw/rel/gpgpu/toolkit/r13.0/main_nvshmem/src/host/transport/transport.cpp:nvshmemi_transport_init:282: init failed for transport: IBGDA
WARN: device rdmap163s0 is not supported (expected HCA interface: mlx5). Skipping...

/dvs/p4/build/sw/rel/gpgpu/toolkit/r13.0/main_nvshmem/src/host/transport/transport.cpp:nvshmemi_transport_init:282: init failed for transport: IBGDA
=== capacity=8 ranks=8 ===
  tokens=8     pair=   90.28 us (p50   86.21, rank-max   90.38) | disp    463.0 KiB  comb    896.0 KiB
              disp=   37.70 us  comb(sub)=   52.59 us
WARN: device rdmap85s0 is not supported (expected HCA interface: mlx5). Skipping...

WARN: device rdmap85s0 is not supported (expected HCA interface: mlx5). Skipping...

WARN: device rdmap85s0 is not supported (expected HCA interface: mlx5). Skipping...

WARN: device rdmap86s0 is not supported (expected HCA interface: mlx5). Skipping...

WARN: device rdmap86s0 is not supported (expected HCA interface: mlx5). Skipping...

WARN: device rdmap85s0 is not supported (expected HCA interface: mlx5). Skipping...

WARN: device rdmap86s0 is not supported (expected HCA interface: mlx5). Skipping...

WARN: device rdmap87s0 is not supported (expected HCA interface: mlx5). Skipping...

WARN: device rdmap87s0 is not supported (expected HCA interface: mlx5). Skipping...

WARN: device rdmap85s0 is not supported (expected HCA interface: mlx5). Skipping...

WARN: device rdmap86s0 is not supported (expected HCA interface: mlx5). Skipping...

WARN: device rdmap87s0 is not supported (expected HCA interface: mlx5). Skipping...

WARN: device rdmap88s0 is not supported (expected HCA interface: mlx5). Skipping...

WARN: device rdmap88s0 is not supported (expected HCA interface: mlx5). Skipping...

WARN: device rdmap85s0 is not supported (expected HCA interface: mlx5). Skipping...

WARN: device rdmap86s0 is not supported (expected HCA interface: mlx5). Skipping...

WARN: device rdmap87s0 is not supported (expected HCA interface: mlx5). Skipping...

WARN: device rdmap110s0 is not supported (expected HCA interface: mlx5). Skipping...

WARN: device rdmap88s0 is not supported (expected HCA interface: mlx5). Skipping...

WARN: device rdmap110s0 is not supported (expected HCA interface: mlx5). Skipping...

WARN: device rdmap86s0 is not supported (expected HCA interface: mlx5). Skipping...

WARN: device rdmap87s0 is not supported (expected HCA interface: mlx5). Skipping...

WARN: device rdmap85s0 is not supported (expected HCA interface: mlx5). Skipping...

WARN: device rdmap88s0 is not supported (expected HCA interface: mlx5). Skipping...

WARN: device rdmap111s0 is not supported (expected HCA interface: mlx5). Skipping...

WARN: device rdmap85s0 is not supported (expected HCA interface: mlx5). Skipping...

WARN: device rdmap110s0 is not supported (expected HCA interface: mlx5). Skipping...

WARN: device rdmap111s0 is not supported (expected HCA interface: mlx5). Skipping...

WARN: device rdmap87s0 is not supported (expected HCA interface: mlx5). Skipping...

WARN: device rdmap88s0 is not supported (expected HCA interface: mlx5). Skipping...

WARN: device rdmap86s0 is not supported (expected HCA interface: mlx5). Skipping...

WARN: device rdmap110s0 is not supported (expected HCA interface: mlx5). Skipping...

WARN: device rdmap111s0 is not supported (expected HCA interface: mlx5). Skipping...

WARN: device rdmap112s0 is not supported (expected HCA interface: mlx5). Skipping...

WARN: device rdmap86s0 is not supported (expected HCA interface: mlx5). Skipping...

WARN: device rdmap112s0 is not supported (expected HCA interface: mlx5). Skipping...

WARN: device rdmap88s0 is not supported (expected HCA interface: mlx5). Skipping...

WARN: device rdmap110s0 is not supported (expected HCA interface: mlx5). Skipping...

WARN: device rdmap87s0 is not supported (expected HCA interface: mlx5). Skipping...

WARN: device rdmap111s0 is not supported (expected HCA interface: mlx5). Skipping...

WARN: device rdmap87s0 is not supported (expected HCA interface: mlx5). Skipping...

WARN: device rdmap113s0 is not supported (expected HCA interface: mlx5). Skipping...

WARN: device rdmap112s0 is not supported (expected HCA interface: mlx5). Skipping...

WARN: device rdmap113s0 is not supported (expected HCA interface: mlx5). Skipping...

WARN: device rdmap110s0 is not supported (expected HCA interface: mlx5). Skipping...

WARN: device rdmap111s0 is not supported (expected HCA interface: mlx5). Skipping...

WARN: device rdmap88s0 is not supported (expected HCA interface: mlx5). Skipping...

WARN: device rdmap112s0 is not supported (expected HCA interface: mlx5). Skipping...

WARN: device rdmap88s0 is not supported (expected HCA interface: mlx5). Skipping...

WARN: device rdmap113s0 is not supported (expected HCA interface: mlx5). Skipping...

WARN: device rdmap135s0 is not supported (expected HCA interface: mlx5). Skipping...

WARN: device rdmap111s0 is not supported (expected HCA interface: mlx5). Skipping...
WARN: 
device rdmap135s0 is not supported (expected HCA interface: mlx5). Skipping...

WARN: device rdmap112s0 is not supported (expected HCA interface: mlx5). Skipping...

WARN: device rdmap110s0 is not supported (expected HCA interface: mlx5). Skipping...

WARN: device rdmap113s0 is not supported (expected HCA interface: mlx5). Skipping...

WARN: device rdmap110s0 is not supported (expected HCA interface: mlx5). Skipping...

WARN: device rdmap135s0 is not supported (expected HCA interface: mlx5). Skipping...

WARN: device rdmap136s0 is not supported (expected HCA interface: mlx5). Skipping...

WARN: device rdmap112s0 is not supported (expected HCA interface: mlx5). Skipping...

WARN: device rdmap136s0 is not supported (expected HCA interface: mlx5). Skipping...

WARN: device rdmap113s0 is not supported (expected HCA interface: mlx5). Skipping...

WARN: device rdmap111s0 is not supported (expected HCA interface: mlx5). Skipping...

WARN: device rdmap135s0 is not supported (expected HCA interface: mlx5). Skipping...

WARN: device rdmap111s0 is not supported (expected HCA interface: mlx5). Skipping...

WARN: device rdmap136s0 is not supported (expected HCA interface: mlx5). Skipping...

WARN: device rdmap137s0 is not supported (expected HCA interface: mlx5). Skipping...

WARN: device rdmap113s0 is not supported (expected HCA interface: mlx5). Skipping...

WARN: device rdmap137s0 is not supported (expected HCA interface: mlx5). Skipping...

WARN: device rdmap112s0 is not supported (expected HCA interface: mlx5). Skipping...

WARN: device rdmap135s0 is not supported (expected HCA interface: mlx5). Skipping...

WARN: device rdmap112s0 is not supported (expected HCA interface: mlx5). Skipping...

WARN: device rdmap136s0 is not supported (expected HCA interface: mlx5). Skipping...

WARN: device rdmap138s0 is not supported (expected HCA interface: mlx5). Skipping...

WARN: device rdmap137s0 is not supported (expected HCA interface: mlx5). Skipping...

WARN: device rdmap135s0 is not supported (expected HCA interface: mlx5). Skipping...

WARN: device rdmap138s0 is not supported (expected HCA interface: mlx5). Skipping...

WARN: device rdmap113s0 is not supported (expected HCA interface: mlx5). Skipping...

WARN: device rdmap136s0 is not supported (expected HCA interface: mlx5). Skipping...

WARN: device rdmap113s0 is not supported (expected HCA interface: mlx5). Skipping...

WARN: device rdmap137s0 is not supported (expected HCA interface: mlx5). Skipping...

WARN: device rdmap160s0 is not supported (expected HCA interface: mlx5). Skipping...

WARN: device rdmap138s0 is not supported (expected HCA interface: mlx5). Skipping...

WARN: device rdmap136s0 is not supported (expected HCA interface: mlx5). Skipping...

WARN: device rdmap160s0 is not supported (expected HCA interface: mlx5). Skipping...

WARN: device rdmap135s0 is not supported (expected HCA interface: mlx5). Skipping...

WARN: device rdmap137s0 is not supported (expected HCA interface: mlx5). Skipping...

WARN: device rdmap135s0 is not supported (expected HCA interface: mlx5). Skipping...

WARN: device rdmap138s0 is not supported (expected HCA interface: mlx5). Skipping...

WARN: device rdmap161s0 is not supported (expected HCA interface: mlx5). Skipping...

WARN: device rdmap160s0 is not supported (expected HCA interface: mlx5). Skipping...

WARN: device rdmap136s0 is not supported (expected HCA interface: mlx5). Skipping...

WARN: device rdmap161s0 is not supported (expected HCA interface: mlx5). Skipping...

WARN: device rdmap137s0 is not supported (expected HCA interface: mlx5). Skipping...

WARN: device rdmap136s0 is not supported (expected HCA interface: mlx5). Skipping...

WARN: device rdmap138s0 is not supported (expected HCA interface: mlx5). Skipping...

WARN: device rdmap160s0 is not supported (expected HCA interface: mlx5). Skipping...

WARN: device rdmap161s0 is not supported (expected HCA interface: mlx5). Skipping...

WARN: device rdmap162s0 is not supported (expected HCA interface: mlx5). Skipping...

WARN: device rdmap137s0 is not supported (expected HCA interface: mlx5). Skipping...

WARN: device rdmap162s0 is not supported (expected HCA interface: mlx5). Skipping...

WARN: device rdmap138s0 is not supported (expected HCA interface: mlx5). Skipping...

WARN: device rdmap137s0 is not supported (expected HCA interface: mlx5). Skipping...

WARN: device rdmap160s0 is not supported (expected HCA interface: mlx5). Skipping...

WARN: device rdmap161s0 is not supported (expected HCA interface: mlx5). Skipping...

WARN: device rdmap162s0 is not supported (expected HCA interface: mlx5). Skipping...

WARN: device rdmap138s0 is not supported (expected HCA interface: mlx5). Skipping...

WARN: device rdmap163s0 is not supported (expected HCA interface: mlx5). Skipping...

/dvs/p4/build/sw/rel/gpgpu/toolkit/r13.0/main_nvshmem/src/host/transport/transport.cpp:nvshmemi_transport_init:282: init failed for transport: IBGDA
WARN: device rdmap160s0 is not supported (expected HCA interface: mlx5). Skipping...

WARN: device rdmap138s0 is not supported (expected HCA interface: mlx5). Skipping...

WARN: device rdmap163s0 is not supported (expected HCA interface: mlx5). Skipping...

/dvs/p4/build/sw/rel/gpgpu/toolkit/r13.0/main_nvshmem/src/host/transport/transport.cpp:nvshmemi_transport_init:282: init failed for transport: IBGDA
WARN: device rdmap161s0 is not supported (expected HCA interface: mlx5). Skipping...

WARN: device rdmap162s0 is not supported (expected HCA interface: mlx5). Skipping...

WARN: device rdmap160s0 is not supported (expected HCA interface: mlx5). Skipping...

/dvs/p4/build/sw/rel/gpgpu/toolkit/r13.0/main_nvshmem/src/host/transport/transport.cpp:nvshmemi_transport_init:282: init failed for transport: IBGDA
WARN: device rdmap163s0 is not supported (expected HCA interface: mlx5). Skipping...

WARN: device rdmap161s0 is not supported (expected HCA interface: mlx5). Skipping...

WARN: device rdmap160s0 is not supported (expected HCA interface: mlx5). Skipping...

WARN: device rdmap162s0 is not supported (expected HCA interface: mlx5). Skipping...

WARN: device rdmap163s0 is not supported (expected HCA interface: mlx5). Skipping...

/dvs/p4/build/sw/rel/gpgpu/toolkit/r13.0/main_nvshmem/src/host/transport/transport.cpp:nvshmemi_transport_init:282: init failed for transport: IBGDA
WARN: device rdmap161s0 is not supported (expected HCA interface: mlx5). Skipping...

WARN: device rdmap161s0 is not supported (expected HCA interface: mlx5). Skipping...

WARN: device rdmap162s0 is not supported (expected HCA interface: mlx5). Skipping...

/dvs/p4/build/sw/rel/gpgpu/toolkit/r13.0/main_nvshmem/src/host/transport/transport.cpp:nvshmemi_transport_init:282: init failed for transport: IBGDA
WARN: device rdmap163s0 is not supported (expected HCA interface: mlx5). Skipping...

WARN: device rdmap162s0 is not supported (expected HCA interface: mlx5). Skipping...

WARN: device rdmap162s0 is not supported (expected HCA interface: mlx5). Skipping...

WARN: device rdmap163s0 is not supported (expected HCA interface: mlx5). Skipping...

/dvs/p4/build/sw/rel/gpgpu/toolkit/r13.0/main_nvshmem/src/host/transport/transport.cpp:nvshmemi_transport_init:282: init failed for transport: IBGDA
/dvs/p4/build/sw/rel/gpgpu/toolkit/r13.0/main_nvshmem/src/host/transport/transport.cpp:nvshmemi_transport_init:282: init failed for transport: IBGDA
WARN: device rdmap163s0 is not supported (expected HCA interface: mlx5). Skipping...

/dvs/p4/build/sw/rel/gpgpu/toolkit/r13.0/main_nvshmem/src/host/transport/transport.cpp:nvshmemi_transport_init:282: init failed for transport: IBGDA
WARN: device rdmap163s0 is not supported (expected HCA interface: mlx5). Skipping...

=== capacity=16 ranks=8 ===
  tokens=16    pair=   42.18 us (p50   41.41, rank-max   42.27) | disp    926.0 KiB  comb   1792.0 KiB
              disp=   29.86 us  comb(sub)=   12.32 us
WARN: device rdmap85s0 is not supported (expected HCA interface: mlx5). Skipping...

WARN: device rdmap85s0 is not supported (expected HCA interface: mlx5). Skipping...

WARN: device rdmap86s0 is not supported (expected HCA interface: mlx5). Skipping...

WARN: device rdmap85s0 is not supported (expected HCA interface: mlx5). Skipping...

WARN: device rdmap86s0 is not supported (expected HCA interface: mlx5). Skipping...

WARN: device rdmap87s0 is not supported (expected HCA interface: mlx5). Skipping...

WARN: device rdmap86s0 is not supported (expected HCA interface: mlx5). Skipping...

WARN: device rdmap85s0 is not supported (expected HCA interface: mlx5). Skipping...

WARN: device rdmap87s0 is not supported (expected HCA interface: mlx5). Skipping...

WARN: device rdmap88s0 is not supported (expected HCA interface: mlx5). Skipping...

WARN: device rdmap87s0 is not supported (expected HCA interface: mlx5). Skipping...

WARN: device rdmap86s0 is not supported (expected HCA interface: mlx5). Skipping...

WARN: device rdmap85s0 is not supported (expected HCA interface: mlx5). Skipping...

WARN: device rdmap85s0 is not supported (expected HCA interface: mlx5). Skipping...

WARN: device rdmap88s0 is not supported (expected HCA interface: mlx5). Skipping...

WARN: WARN: device rdmap88s0 is not supported (expected HCA interface: mlx5). Skipping...
device rdmap110s0 is not supported (expected HCA interface: mlx5). Skipping...


WARN: device rdmap87s0 is not supported (expected HCA interface: mlx5). Skipping...

WARN: device rdmap86s0 is not supported (expected HCA interface: mlx5). Skipping...

WARN: device rdmap86s0 is not supported (expected HCA interface: mlx5). Skipping...

WARN: device rdmap85s0 is not supported (expected HCA interface: mlx5). Skipping...

WARN: device rdmap85s0 is not supported (expected HCA interface: mlx5). Skipping...

WARN: device rdmap110s0 is not supported (expected HCA interface: mlx5). Skipping...

WARN: device rdmap111s0 is not supported (expected HCA interface: mlx5). Skipping...

WARN: device rdmap88s0 is not supported (expected HCA interface: mlx5). Skipping...

WARN: device rdmap110s0 is not supported (expected HCA interface: mlx5). Skipping...

WARN: device rdmap87s0 is not supported (expected HCA interface: mlx5). Skipping...

WARN: device rdmap87s0 is not supported (expected HCA interface: mlx5). Skipping...

WARN: device rdmap86s0 is not supported (expected HCA interface: mlx5). Skipping...

WARN: device rdmap86s0 is not supported (expected HCA interface: mlx5). Skipping...

WARN: device rdmap111s0 is not supported (expected HCA interface: mlx5). Skipping...

WARN: device rdmap112s0 is not supported (expected HCA interface: mlx5). Skipping...

WARN: device rdmap111s0 is not supported (expected HCA interface: mlx5). Skipping...

WARN: device rdmap88s0 is not supported (expected HCA interface: mlx5). Skipping...

WARN: device rdmap110s0 is not supported (expected HCA interface: mlx5). Skipping...

WARN: device rdmap88s0 is not supported (expected HCA interface: mlx5). Skipping...

WARN: device rdmap87s0 is not supported (expected HCA interface: mlx5). Skipping...

WARN: device rdmap87s0 is not supported (expected HCA interface: mlx5). Skipping...

WARN: device rdmap112s0 is not supported (expected HCA interface: mlx5). Skipping...

WARN: device rdmap113s0 is not supported (expected HCA interface: mlx5). Skipping...

WARN: device rdmap111s0 is not supported (expected HCA interface: mlx5). Skipping...

WARN: device rdmap112s0 is not supported (expected HCA interface: mlx5). Skipping...

WARN: device rdmap110s0 is not supported (expected HCA interface: mlx5). Skipping...

WARN: device rdmap88s0 is not supported (expected HCA interface: mlx5). Skipping...

WARN: device rdmap110s0 is not supported (expected HCA interface: mlx5). Skipping...

WARN: device rdmap88s0 is not supported (expected HCA interface: mlx5). Skipping...

WARN: device rdmap113s0 is not supported (expected HCA interface: mlx5). Skipping...

WARN: device rdmap135s0 is not supported (expected HCA interface: mlx5). Skipping...

WARN: device rdmap113s0 is not supported (expected HCA interface: mlx5). Skipping...

WARN: device rdmap112s0 is not supported (expected HCA interface: mlx5). Skipping...

WARN: device rdmap111s0 is not supported (expected HCA interface: mlx5). Skipping...

WARN: device rdmap111s0 is not supported (expected HCA interface: mlx5). Skipping...

WARN: device rdmap110s0 is not supported (expected HCA interface: mlx5). Skipping...

WARN: device rdmap135s0 is not supported (expected HCA interface: mlx5). Skipping...

WARN: device rdmap110s0 is not supported (expected HCA interface: mlx5). Skipping...

WARN: WARN: device rdmap135s0 is not supported (expected HCA interface: mlx5). Skipping...

device rdmap136s0 is not supported (expected HCA interface: mlx5). Skipping...

WARN: device rdmap113s0 is not supported (expected HCA interface: mlx5). Skipping...

WARN: device rdmap112s0 is not supported (expected HCA interface: mlx5). Skipping...

WARN: device rdmap112s0 is not supported (expected HCA interface: mlx5). Skipping...

WARN: device rdmap111s0 is not supported (expected HCA interface: mlx5). Skipping...

WARN: device rdmap111s0 is not supported (expected HCA interface: mlx5). Skipping...

WARN: device rdmap136s0 is not supported (expected HCA interface: mlx5). Skipping...

WARN: device rdmap137s0 is not supported (expected HCA interface: mlx5). Skipping...

WARN: device rdmap135s0 is not supported (expected HCA interface: mlx5). Skipping...

WARN: device rdmap136s0 is not supported (expected HCA interface: mlx5). Skipping...

WARN: device rdmap113s0 is not supported (expected HCA interface: mlx5). Skipping...

WARN: device rdmap113s0 is not supported (expected HCA interface: mlx5). Skipping...

WARN: device rdmap112s0 is not supported (expected HCA interface: mlx5). Skipping...

WARN: WARN: device rdmap112s0 is not supported (expected HCA interface: mlx5). Skipping...

device rdmap137s0 is not supported (expected HCA interface: mlx5). Skipping...

WARN: device rdmap138s0 is not supported (expected HCA interface: mlx5). Skipping...

WARN: device rdmap137s0 is not supported (expected HCA interface: mlx5). Skipping...

WARN: device rdmap135s0 is not supported (expected HCA interface: mlx5). Skipping...

WARN: device rdmap136s0 is not supported (expected HCA interface: mlx5). Skipping...

WARN: device rdmap135s0 is not supported (expected HCA interface: mlx5). Skipping...

WARN: device rdmap113s0 is not supported (expected HCA interface: mlx5). Skipping...

WARN: device rdmap113s0 is not supported (expected HCA interface: mlx5). Skipping...

WARN: device rdmap138s0 is not supported (expected HCA interface: mlx5). Skipping...

WARN: device rdmap160s0 is not supported (expected HCA interface: mlx5). Skipping...

WARN: device rdmap138s0 is not supported (expected HCA interface: mlx5). Skipping...

WARN: device rdmap137s0 is not supported (expected HCA interface: mlx5). Skipping...

WARN: device rdmap136s0 is not supported (expected HCA interface: mlx5). Skipping...

WARN: device rdmap135s0 is not supported (expected HCA interface: mlx5). Skipping...

WARN: device rdmap136s0 is not supported (expected HCA interface: mlx5). Skipping...

WARN: device rdmap135s0 is not supported (expected HCA interface: mlx5). Skipping...

WARN: device rdmap161s0 is not supported (expected HCA interface: mlx5). Skipping...

WARN: device rdmap160s0 is not supported (expected HCA interface: mlx5). Skipping...

WARN: device rdmap138s0 is not supported (expected HCA interface: mlx5). Skipping...

WARN: device rdmap137s0 is not supported (expected HCA interface: mlx5). Skipping...

WARN: device rdmap160s0 is not supported (expected HCA interface: mlx5). Skipping...

WARN: device rdmap137s0 is not supported (expected HCA interface: mlx5). Skipping...

WARN: device rdmap136s0 is not supported (expected HCA interface: mlx5). Skipping...

WARN: device rdmap162s0 is not supported (expected HCA interface: mlx5). Skipping...

WARN: device rdmap136s0 is not supported (expected HCA interface: mlx5). Skipping...

WARN: device rdmap160s0 is not supported (expected HCA interface: mlx5). Skipping...

WARN: device rdmap161s0 is not supported (expected HCA interface: mlx5). Skipping...

WARN: device rdmap138s0 is not supported (expected HCA interface: mlx5). Skipping...

WARN: device rdmap161s0 is not supported (expected HCA interface: mlx5). Skipping...

WARN: device rdmap138s0 is not supported (expected HCA interface: mlx5). Skipping...

WARN: device rdmap137s0 is not supported (expected HCA interface: mlx5). Skipping...

WARN: device rdmap163s0 is not supported (expected HCA interface: mlx5). Skipping...

/dvs/p4/build/sw/rel/gpgpu/toolkit/r13.0/main_nvshmem/src/host/transport/transport.cpp:nvshmemi_transport_init:282: init failed for transport: IBGDA
WARN: device rdmap137s0 is not supported (expected HCA interface: mlx5). Skipping...

WARN: device rdmap162s0 is not supported (expected HCA interface: mlx5). Skipping...

WARN: device rdmap161s0 is not supported (expected HCA interface: mlx5). Skipping...

WARN: device rdmap162s0 is not supported (expected HCA interface: mlx5). Skipping...

WARN: device rdmap160s0 is not supported (expected HCA interface: mlx5). Skipping...

WARN: device rdmap138s0 is not supported (expected HCA interface: mlx5). Skipping...

WARN: device rdmap160s0 is not supported (expected HCA interface: mlx5). Skipping...

WARN: device rdmap138s0 is not supported (expected HCA interface: mlx5). Skipping...

WARN: device rdmap163s0 is not supported (expected HCA interface: mlx5). Skipping...

/dvs/p4/build/sw/rel/gpgpu/toolkit/r13.0/main_nvshmem/src/host/transport/transport.cpp:nvshmemi_transport_init:282: init failed for transport: IBGDA
WARN: device rdmap162s0 is not supported (expected HCA interface: mlx5). Skipping...

WARN: device rdmap163s0 is not supported (expected HCA interface: mlx5). Skipping...

/dvs/p4/build/sw/rel/gpgpu/toolkit/r13.0/main_nvshmem/src/host/transport/transport.cpp:nvshmemi_transport_init:282: init failed for transport: IBGDA
WARN: device rdmap161s0 is not supported (expected HCA interface: mlx5). Skipping...

WARN: device rdmap160s0 is not supported (expected HCA interface: mlx5). Skipping...

WARN: device rdmap161s0 is not supported (expected HCA interface: mlx5). Skipping...

WARN: device rdmap160s0 is not supported (expected HCA interface: mlx5). Skipping...

WARN: device rdmap163s0 is not supported (expected HCA interface: mlx5). Skipping...

/dvs/p4/build/sw/rel/gpgpu/toolkit/r13.0/main_nvshmem/src/host/transport/transport.cpp:nvshmemi_transport_init:282: init failed for transport: IBGDA
WARN: device rdmap162s0 is not supported (expected HCA interface: mlx5). Skipping...

WARN: device rdmap162s0 is not supported (expected HCA interface: mlx5). Skipping...

WARN: device rdmap161s0 is not supported (expected HCA interface: mlx5). Skipping...

WARN: device rdmap161s0 is not supported (expected HCA interface: mlx5). Skipping...

/dvs/p4/build/sw/rel/gpgpu/toolkit/r13.0/main_nvshmem/src/host/transport/transport.cpp:nvshmemi_transport_init:282: init failed for transport: IBGDA
WARN: device rdmap163s0 is not supported (expected HCA interface: mlx5). Skipping...

WARN: device rdmap163s0 is not supported (expected HCA interface: mlx5). Skipping...

WARN: device rdmap162s0 is not supported (expected HCA interface: mlx5). Skipping...

/dvs/p4/build/sw/rel/gpgpu/toolkit/r13.0/main_nvshmem/src/host/transport/transport.cpp:nvshmemi_transport_init:282: init failed for transport: IBGDA
WARN: device rdmap162s0 is not supported (expected HCA interface: mlx5). Skipping...

WARN: device rdmap163s0 is not supported (expected HCA interface: mlx5). Skipping...

/dvs/p4/build/sw/rel/gpgpu/toolkit/r13.0/main_nvshmem/src/host/transport/transport.cpp:nvshmemi_transport_init:282: init failed for transport: IBGDA
WARN: device rdmap163s0 is not supported (expected HCA interface: mlx5). Skipping...

/dvs/p4/build/sw/rel/gpgpu/toolkit/r13.0/main_nvshmem/src/host/transport/transport.cpp:nvshmemi_transport_init:282: init failed for transport: IBGDA
=== capacity=32 ranks=8 ===
  tokens=32    pair=   50.91 us (p50   50.50, rank-max   51.08) | disp   1852.0 KiB  comb   3584.0 KiB
              disp=   31.27 us  comb(sub)=   19.64 us
WARN: device rdmap85s0 is not supported (expected HCA interface: mlx5). Skipping...

WARN: device rdmap86s0 is not supported (expected HCA interface: mlx5). Skipping...

WARN: device rdmap85s0 is not supported (expected HCA interface: mlx5). Skipping...

WARN: device rdmap87s0 is not supported (expected HCA interface: mlx5). Skipping...

WARN: device rdmap85s0 is not supported (expected HCA interface: mlx5). Skipping...

WARN: device rdmap86s0 is not supported (expected HCA interface: mlx5). Skipping...

WARN: device rdmap85s0 is not supported (expected HCA interface: mlx5). Skipping...

WARN: device rdmap88s0 is not supported (expected HCA interface: mlx5). Skipping...

WARN: device rdmap86s0 is not supported (expected HCA interface: mlx5). Skipping...

WARN: device rdmap87s0 is not supported (expected HCA interface: mlx5). Skipping...

WARN: device rdmap85s0 is not supported (expected HCA interface: mlx5). Skipping...

WARN: device rdmap86s0 is not supported (expected HCA interface: mlx5). Skipping...

WARN: device rdmap110s0 is not supported (expected HCA interface: mlx5). Skipping...

WARN: device rdmap87s0 is not supported (expected HCA interface: mlx5). Skipping...

WARN: device rdmap86s0 is not supported (expected HCA interface: mlx5). Skipping...

WARN: device rdmap88s0 is not supported (expected HCA interface: mlx5). Skipping...

WARN: device rdmap87s0 is not supported (expected HCA interface: mlx5). Skipping...

WARN: device rdmap85s0 is not supported (expected HCA interface: mlx5). Skipping...

WARN: device rdmap111s0 is not supported (expected HCA interface: mlx5). Skipping...

WARN: device rdmap88s0 is not supported (expected HCA interface: mlx5). Skipping...

WARN: device rdmap87s0 is not supported (expected HCA interface: mlx5). Skipping...

WARN: device rdmap110s0 is not supported (expected HCA interface: mlx5). Skipping...

WARN: device rdmap86s0 is not supported (expected HCA interface: mlx5). Skipping...

WARN: device rdmap88s0 is not supported (expected HCA interface: mlx5). Skipping...

WARN: device rdmap85s0 is not supported (expected HCA interface: mlx5). Skipping...

WARN: device rdmap85s0 is not supported (expected HCA interface: mlx5). Skipping...

WARN: device rdmap110s0 is not supported (expected HCA interface: mlx5). Skipping...

WARN: device rdmap112s0 is not supported (expected HCA interface: mlx5). Skipping...

WARN: device rdmap88s0 is not supported (expected HCA interface: mlx5). Skipping...

WARN: device rdmap87s0 is not supported (expected HCA interface: mlx5). Skipping...

WARN: device rdmap110s0 is not supported (expected HCA interface: mlx5). Skipping...

WARN: device rdmap111s0 is not supported (expected HCA interface: mlx5). Skipping...
WARN: 
device rdmap86s0 is not supported (expected HCA interface: mlx5). Skipping...

WARN: device rdmap86s0 is not supported (expected HCA interface: mlx5). Skipping...

WARN: device rdmap113s0 is not supported (expected HCA interface: mlx5). Skipping...

WARN: WARN: device rdmap110s0 is not supported (expected HCA interface: mlx5). Skipping...
device rdmap111s0 is not supported (expected HCA interface: mlx5). Skipping...


WARN: device rdmap88s0 is not supported (expected HCA interface: mlx5). Skipping...

WARN: device rdmap87s0 is not supported (expected HCA interface: mlx5). Skipping...

WARN: device rdmap112s0 is not supported (expected HCA interface: mlx5). Skipping...
WARN: 
device rdmap111s0 is not supported (expected HCA interface: mlx5). Skipping...

WARN: device rdmap87s0 is not supported (expected HCA interface: mlx5). Skipping...

WARN: device rdmap135s0 is not supported (expected HCA interface: mlx5). Skipping...

WARN: device rdmap110s0 is not supported (expected HCA interface: mlx5). Skipping...

WARN: device rdmap112s0 is not supported (expected HCA interface: mlx5). Skipping...

WARN: device rdmap111s0 is not supported (expected HCA interface: mlx5). Skipping...

WARN: WARN: device rdmap88s0 is not supported (expected HCA interface: mlx5). Skipping...
device rdmap113s0 is not supported (expected HCA interface: mlx5). Skipping...


WARN: device rdmap112s0 is not supported (expected HCA interface: mlx5). Skipping...

WARN: device rdmap88s0 is not supported (expected HCA interface: mlx5). Skipping...

WARN: device rdmap136s0 is not supported (expected HCA interface: mlx5). Skipping...

WARN: device rdmap113s0 is not supported (expected HCA interface: mlx5). Skipping...

WARN: WARN: device rdmap110s0 is not supported (expected HCA interface: mlx5). Skipping...

device rdmap112s0 is not supported (expected HCA interface: mlx5). Skipping...

WARN: WARN: device rdmap111s0 is not supported (expected HCA interface: mlx5). Skipping...
device rdmap135s0 is not supported (expected HCA interface: mlx5). Skipping...


WARN: device rdmap113s0 is not supported (expected HCA interface: mlx5). Skipping...

WARN: device rdmap110s0 is not supported (expected HCA interface: mlx5). Skipping...

WARN: device rdmap135s0 is not supported (expected HCA interface: mlx5). Skipping...

WARN: device rdmap137s0 is not supported (expected HCA interface: mlx5). Skipping...

WARN: device rdmap113s0 is not supported (expected HCA interface: mlx5). Skipping...

WARN: device rdmap112s0 is not supported (expected HCA interface: mlx5). Skipping...

WARN: WARN: WARN: device rdmap111s0 is not supported (expected HCA interface: mlx5). Skipping...
device rdmap136s0 is not supported (expected HCA interface: mlx5). Skipping...
device rdmap135s0 is not supported (expected HCA interface: mlx5). Skipping...



WARN: device rdmap111s0 is not supported (expected HCA interface: mlx5). Skipping...

WARN: device rdmap138s0 is not supported (expected HCA interface: mlx5). Skipping...

WARN: WARN: device rdmap135s0 is not supported (expected HCA interface: mlx5). Skipping...
device rdmap136s0 is not supported (expected HCA interface: mlx5). Skipping...


WARN: device rdmap113s0 is not supported (expected HCA interface: mlx5). Skipping...

WARN: device rdmap112s0 is not supported (expected HCA interface: mlx5). Skipping...

WARN: WARN: device rdmap136s0 is not supported (expected HCA interface: mlx5). Skipping...
device rdmap137s0 is not supported (expected HCA interface: mlx5). Skipping...


WARN: device rdmap112s0 is not supported (expected HCA interface: mlx5). Skipping...

WARN: device rdmap160s0 is not supported (expected HCA interface: mlx5). Skipping...

WARN: device rdmap135s0 is not supported (expected HCA interface: mlx5). Skipping...

WARN: device rdmap136s0 is not supported (expected HCA interface: mlx5). Skipping...

WARN: device rdmap137s0 is not supported (expected HCA interface: mlx5). Skipping...

WARN: device rdmap113s0 is not supported (expected HCA interface: mlx5). Skipping...

WARN: device rdmap138s0 is not supported (expected HCA interface: mlx5). Skipping...

WARN: device rdmap137s0 is not supported (expected HCA interface: mlx5). Skipping...

WARN: device rdmap113s0 is not supported (expected HCA interface: mlx5). Skipping...

WARN: device rdmap161s0 is not supported (expected HCA interface: mlx5). Skipping...

WARN: device rdmap138s0 is not supported (expected HCA interface: mlx5). Skipping...

WARN: WARN: WARN: device rdmap160s0 is not supported (expected HCA interface: mlx5). Skipping...
device rdmap135s0 is not supported (expected HCA interface: mlx5). Skipping...
device rdmap136s0 is not supported (expected HCA interface: mlx5). Skipping...



WARN: device rdmap137s0 is not supported (expected HCA interface: mlx5). Skipping...

WARN: device rdmap138s0 is not supported (expected HCA interface: mlx5). Skipping...

WARN: device rdmap135s0 is not supported (expected HCA interface: mlx5). Skipping...

WARN: device rdmap162s0 is not supported (expected HCA interface: mlx5). Skipping...

WARN: device rdmap160s0 is not supported (expected HCA interface: mlx5). Skipping...

WARN: device rdmap161s0 is not supported (expected HCA interface: mlx5). Skipping...

WARN: device rdmap138s0 is not supported (expected HCA interface: mlx5). Skipping...

WARN: device rdmap136s0 is not supported (expected HCA interface: mlx5). Skipping...

WARN: device rdmap160s0 is not supported (expected HCA interface: mlx5). Skipping...

WARN: device rdmap137s0 is not supported (expected HCA interface: mlx5). Skipping...

WARN: device rdmap136s0 is not supported (expected HCA interface: mlx5). Skipping...

WARN: device rdmap163s0 is not supported (expected HCA interface: mlx5). Skipping...

/dvs/p4/build/sw/rel/gpgpu/toolkit/r13.0/main_nvshmem/src/host/transport/transport.cpp:nvshmemi_transport_init:282: init failed for transport: IBGDA
WARN: WARN: device rdmap160s0 is not supported (expected HCA interface: mlx5). Skipping...
device rdmap162s0 is not supported (expected HCA interface: mlx5). Skipping...


WARN: device rdmap161s0 is not supported (expected HCA interface: mlx5). Skipping...

WARN: device rdmap138s0 is not supported (expected HCA interface: mlx5). Skipping...

WARN: device rdmap137s0 is not supported (expected HCA interface: mlx5). Skipping...

WARN: device rdmap137s0 is not supported (expected HCA interface: mlx5). Skipping...

/dvs/p4/build/sw/rel/gpgpu/toolkit/r13.0/main_nvshmem/src/host/transport/transport.cpp:nvshmemi_transport_init:282: init failed for transport: IBGDA
WARN: device rdmap161s0 is not supported (expected HCA interface: mlx5). Skipping...

WARN: device rdmap163s0 is not supported (expected HCA interface: mlx5). Skipping...

WARN: WARN: device rdmap160s0 is not supported (expected HCA interface: mlx5). Skipping...
device rdmap162s0 is not supported (expected HCA interface: mlx5). Skipping...


WARN: device rdmap138s0 is not supported (expected HCA interface: mlx5). Skipping...

WARN: device rdmap138s0 is not supported (expected HCA interface: mlx5). Skipping...

WARN: device rdmap162s0 is not supported (expected HCA interface: mlx5). Skipping...

WARN: device rdmap161s0 is not supported (expected HCA interface: mlx5). Skipping...

/dvs/p4/build/sw/rel/gpgpu/toolkit/r13.0/main_nvshmem/src/host/transport/transport.cpp:nvshmemi_transport_init:282: init failed for transport: IBGDA
WARN: device rdmap163s0 is not supported (expected HCA interface: mlx5). Skipping...

WARN: device rdmap160s0 is not supported (expected HCA interface: mlx5). Skipping...

WARN: device rdmap160s0 is not supported (expected HCA interface: mlx5). Skipping...

/dvs/p4/build/sw/rel/gpgpu/toolkit/r13.0/main_nvshmem/src/host/transport/transport.cpp:nvshmemi_transport_init:282: init failed for transport: IBGDA
WARN: device rdmap163s0 is not supported (expected HCA interface: mlx5). Skipping...

WARN: device rdmap162s0 is not supported (expected HCA interface: mlx5). Skipping...

WARN: device rdmap161s0 is not supported (expected HCA interface: mlx5). Skipping...

WARN: device rdmap161s0 is not supported (expected HCA interface: mlx5). Skipping...

WARN: device rdmap161s0 is not supported (expected HCA interface: mlx5). Skipping...

WARN: device rdmap163s0 is not supported (expected HCA interface: mlx5). Skipping...

/dvs/p4/build/sw/rel/gpgpu/toolkit/r13.0/main_nvshmem/src/host/transport/transport.cpp:nvshmemi_transport_init:282: init failed for transport: IBGDA
WARN: device rdmap162s0 is not supported (expected HCA interface: mlx5). Skipping...

WARN: device rdmap162s0 is not supported (expected HCA interface: mlx5). Skipping...

WARN: device rdmap162s0 is not supported (expected HCA interface: mlx5). Skipping...

WARN: device rdmap163s0 is not supported (expected HCA interface: mlx5). Skipping...

/dvs/p4/build/sw/rel/gpgpu/toolkit/r13.0/main_nvshmem/src/host/transport/transport.cpp:nvshmemi_transport_init:282: init failed for transport: IBGDA
WARN: device rdmap163s0 is not supported (expected HCA interface: mlx5). Skipping...

/dvs/p4/build/sw/rel/gpgpu/toolkit/r13.0/main_nvshmem/src/host/transport/transport.cpp:nvshmemi_transport_init:282: init failed for transport: IBGDA
WARN: device rdmap163s0 is not supported (expected HCA interface: mlx5). Skipping...

/dvs/p4/build/sw/rel/gpgpu/toolkit/r13.0/main_nvshmem/src/host/transport/transport.cpp:nvshmemi_transport_init:282: init failed for transport: IBGDA
=== capacity=128 ranks=8 ===
  tokens=128   pair=  109.64 us (p50  109.50, rank-max  109.76) | disp   7408.0 KiB  comb  14336.0 KiB
              disp=   70.25 us  comb(sub)=   39.39 us
