NCCL version 2.31.1+cuda13.0
WARN: device rdmap85s0 is not supported (expected HCA interface: mlx5). Skipping...

WARN: device rdmap86s0 is not supported (expected HCA interface: mlx5). Skipping...

WARN: device rdmap85s0 is not supported (expected HCA interface: mlx5). Skipping...

WARN: device rdmap87s0 is not supported (expected HCA interface: mlx5). Skipping...

WARN: device rdmap85s0 is not supported (expected HCA interface: mlx5). Skipping...

WARN: device rdmap86s0 is not supported (expected HCA interface: mlx5). Skipping...

WARN: device rdmap88s0 is not supported (expected HCA interface: mlx5). Skipping...

WARN: device rdmap86s0 is not supported (expected HCA interface: mlx5). Skipping...

WARN: device rdmap85s0 is not supported (expected HCA interface: mlx5). Skipping...

WARN: device rdmap87s0 is not supported (expected HCA interface: mlx5). Skipping...

WARN: device rdmap110s0 is not supported (expected HCA interface: mlx5). Skipping...

WARN: device rdmap86s0 is not supported (expected HCA interface: mlx5). Skipping...

WARN: device rdmap87s0 is not supported (expected HCA interface: mlx5). Skipping...

WARN: device rdmap88s0 is not supported (expected HCA interface: mlx5). Skipping...

WARN: device rdmap111s0 is not supported (expected HCA interface: mlx5). Skipping...

WARN: device rdmap87s0 is not supported (expected HCA interface: mlx5). Skipping...

WARN: device rdmap110s0 is not supported (expected HCA interface: mlx5). Skipping...

WARN: device rdmap88s0 is not supported (expected HCA interface: mlx5). Skipping...

WARN: device rdmap112s0 is not supported (expected HCA interface: mlx5). Skipping...

WARN: device rdmap85s0 is not supported (expected HCA interface: mlx5). Skipping...

WARN: device rdmap85s0 is not supported (expected HCA interface: mlx5). Skipping...

WARN: device rdmap88s0 is not supported (expected HCA interface: mlx5). Skipping...

WARN: device rdmap113s0 is not supported (expected HCA interface: mlx5). Skipping...

WARN: device rdmap111s0 is not supported (expected HCA interface: mlx5). Skipping...

WARN: device rdmap110s0 is not supported (expected HCA interface: mlx5). Skipping...

WARN: device rdmap85s0 is not supported (expected HCA interface: mlx5). Skipping...

WARN: device rdmap86s0 is not supported (expected HCA interface: mlx5). Skipping...

WARN: device rdmap86s0 is not supported (expected HCA interface: mlx5). Skipping...

WARN: device rdmap110s0 is not supported (expected HCA interface: mlx5). Skipping...

WARN: device rdmap112s0 is not supported (expected HCA interface: mlx5). Skipping...

WARN: device rdmap135s0 is not supported (expected HCA interface: mlx5). Skipping...

WARN: device rdmap111s0 is not supported (expected HCA interface: mlx5). Skipping...

WARN: device rdmap86s0 is not supported (expected HCA interface: mlx5). Skipping...

WARN: device rdmap87s0 is not supported (expected HCA interface: mlx5). Skipping...

WARN: device rdmap113s0 is not supported (expected HCA interface: mlx5). Skipping...

WARN: device rdmap87s0 is not supported (expected HCA interface: mlx5). Skipping...

WARN: device rdmap111s0 is not supported (expected HCA interface: mlx5). Skipping...

WARN: device rdmap136s0 is not supported (expected HCA interface: mlx5). Skipping...

WARN: device rdmap112s0 is not supported (expected HCA interface: mlx5). Skipping...

WARN: device rdmap85s0 is not supported (expected HCA interface: mlx5). Skipping...

WARN: device rdmap87s0 is not supported (expected HCA interface: mlx5). Skipping...

WARN: device rdmap88s0 is not supported (expected HCA interface: mlx5). Skipping...

WARN: device rdmap135s0 is not supported (expected HCA interface: mlx5). Skipping...

WARN: WARN: device rdmap137s0 is not supported (expected HCA interface: mlx5). Skipping...
device rdmap113s0 is not supported (expected HCA interface: mlx5). Skipping...


WARN: device rdmap88s0 is not supported (expected HCA interface: mlx5). Skipping...

WARN: device rdmap112s0 is not supported (expected HCA interface: mlx5). Skipping...

WARN: device rdmap86s0 is not supported (expected HCA interface: mlx5). Skipping...

WARN: device rdmap110s0 is not supported (expected HCA interface: mlx5). Skipping...

WARN: WARN: device rdmap88s0 is not supported (expected HCA interface: mlx5). Skipping...
device rdmap138s0 is not supported (expected HCA interface: mlx5). Skipping...

WARN: 
device rdmap136s0 is not supported (expected HCA interface: mlx5). Skipping...

WARN: device rdmap135s0 is not supported (expected HCA interface: mlx5). Skipping...

WARN: device rdmap113s0 is not supported (expected HCA interface: mlx5). Skipping...

WARN: device rdmap110s0 is not supported (expected HCA interface: mlx5). Skipping...

WARN: device rdmap87s0 is not supported (expected HCA interface: mlx5). Skipping...

WARN: device rdmap137s0 is not supported (expected HCA interface: mlx5). Skipping...

WARN: device rdmap111s0 is not supported (expected HCA interface: mlx5). Skipping...

WARN: device rdmap110s0 is not supported (expected HCA interface: mlx5). Skipping...

WARN: device rdmap136s0 is not supported (expected HCA interface: mlx5). Skipping...

WARN: device rdmap160s0 is not supported (expected HCA interface: mlx5). Skipping...

WARN: device rdmap135s0 is not supported (expected HCA interface: mlx5). Skipping...

WARN: device rdmap111s0 is not supported (expected HCA interface: mlx5). Skipping...

WARN: device rdmap88s0 is not supported (expected HCA interface: mlx5). Skipping...

WARN: device rdmap138s0 is not supported (expected HCA interface: mlx5). Skipping...

WARN: device rdmap137s0 is not supported (expected HCA interface: mlx5). Skipping...

WARN: device rdmap161s0 is not supported (expected HCA interface: mlx5). Skipping...

WARN: device rdmap111s0 is not supported (expected HCA interface: mlx5). Skipping...

WARN: device rdmap112s0 is not supported (expected HCA interface: mlx5). Skipping...

WARN: device rdmap136s0 is not supported (expected HCA interface: mlx5). Skipping...

WARN: device rdmap112s0 is not supported (expected HCA interface: mlx5). Skipping...

WARN: device rdmap110s0 is not supported (expected HCA interface: mlx5). Skipping...

WARN: WARN: device rdmap138s0 is not supported (expected HCA interface: mlx5). Skipping...

device rdmap160s0 is not supported (expected HCA interface: mlx5). Skipping...

WARN: device rdmap162s0 is not supported (expected HCA interface: mlx5). Skipping...
WARN: 
device rdmap137s0 is not supported (expected HCA interface: mlx5). Skipping...

WARN: device rdmap112s0 is not supported (expected HCA interface: mlx5). Skipping...

WARN: device rdmap113s0 is not supported (expected HCA interface: mlx5). Skipping...

WARN: device rdmap113s0 is not supported (expected HCA interface: mlx5). Skipping...

WARN: device rdmap161s0 is not supported (expected HCA interface: mlx5). Skipping...

WARN: device rdmap111s0 is not supported (expected HCA interface: mlx5). Skipping...

WARN: device rdmap160s0 is not supported (expected HCA interface: mlx5). Skipping...

WARN: device rdmap138s0 is not supported (expected HCA interface: mlx5). Skipping...

WARN: device rdmap163s0 is not supported (expected HCA interface: mlx5). Skipping...

/dvs/p4/build/sw/rel/gpgpu/toolkit/r13.0/main_nvshmem/src/host/transport/transport.cpp:nvshmemi_transport_init:282: init failed for transport: IBGDA
WARN: device rdmap135s0 is not supported (expected HCA interface: mlx5). Skipping...

WARN: device rdmap113s0 is not supported (expected HCA interface: mlx5). Skipping...

WARN: device rdmap135s0 is not supported (expected HCA interface: mlx5). Skipping...

WARN: device rdmap162s0 is not supported (expected HCA interface: mlx5). Skipping...

WARN: device rdmap161s0 is not supported (expected HCA interface: mlx5). Skipping...

WARN: device rdmap112s0 is not supported (expected HCA interface: mlx5). Skipping...

WARN: device rdmap160s0 is not supported (expected HCA interface: mlx5). Skipping...

WARN: device rdmap135s0 is not supported (expected HCA interface: mlx5). Skipping...

WARN: device rdmap136s0 is not supported (expected HCA interface: mlx5). Skipping...

WARN: device rdmap136s0 is not supported (expected HCA interface: mlx5). Skipping...

WARN: device rdmap163s0 is not supported (expected HCA interface: mlx5). Skipping...

WARN: device rdmap113s0 is not supported (expected HCA interface: mlx5). Skipping...

/dvs/p4/build/sw/rel/gpgpu/toolkit/r13.0/main_nvshmem/src/host/transport/transport.cpp:nvshmemi_transport_init:282: init failed for transport: IBGDA
WARN: device rdmap162s0 is not supported (expected HCA interface: mlx5). Skipping...

WARN: device rdmap161s0 is not supported (expected HCA interface: mlx5). Skipping...

WARN: device rdmap136s0 is not supported (expected HCA interface: mlx5). Skipping...

WARN: device rdmap137s0 is not supported (expected HCA interface: mlx5). Skipping...

WARN: device rdmap137s0 is not supported (expected HCA interface: mlx5). Skipping...

WARN: device rdmap135s0 is not supported (expected HCA interface: mlx5). Skipping...

WARN: device rdmap163s0 is not supported (expected HCA interface: mlx5). Skipping...

/dvs/p4/build/sw/rel/gpgpu/toolkit/r13.0/main_nvshmem/src/host/transport/transport.cpp:nvshmemi_transport_init:282: init failed for transport: IBGDA
WARN: device rdmap162s0 is not supported (expected HCA interface: mlx5). Skipping...

WARN: device rdmap138s0 is not supported (expected HCA interface: mlx5). Skipping...

WARN: device rdmap137s0 is not supported (expected HCA interface: mlx5). Skipping...

WARN: device rdmap136s0 is not supported (expected HCA interface: mlx5). Skipping...

WARN: device rdmap138s0 is not supported (expected HCA interface: mlx5). Skipping...

/dvs/p4/build/sw/rel/gpgpu/toolkit/r13.0/main_nvshmem/src/host/transport/transport.cpp:nvshmemi_transport_init:282: init failed for transport: IBGDA
WARN: device rdmap163s0 is not supported (expected HCA interface: mlx5). Skipping...

WARN: device rdmap160s0 is not supported (expected HCA interface: mlx5). Skipping...

WARN: device rdmap138s0 is not supported (expected HCA interface: mlx5). Skipping...

WARN: device rdmap137s0 is not supported (expected HCA interface: mlx5). Skipping...

WARN: device rdmap160s0 is not supported (expected HCA interface: mlx5). Skipping...

WARN: device rdmap161s0 is not supported (expected HCA interface: mlx5). Skipping...

WARN: device rdmap160s0 is not supported (expected HCA interface: mlx5). Skipping...

WARN: device rdmap161s0 is not supported (expected HCA interface: mlx5). Skipping...

WARN: device rdmap138s0 is not supported (expected HCA interface: mlx5). Skipping...

WARN: device rdmap162s0 is not supported (expected HCA interface: mlx5). Skipping...

WARN: device rdmap161s0 is not supported (expected HCA interface: mlx5). Skipping...

WARN: device rdmap160s0 is not supported (expected HCA interface: mlx5). Skipping...

WARN: device rdmap162s0 is not supported (expected HCA interface: mlx5). Skipping...

/dvs/p4/build/sw/rel/gpgpu/toolkit/r13.0/main_nvshmem/src/host/transport/transport.cpp:nvshmemi_transport_init:282: init failed for transport: IBGDA
WARN: device rdmap163s0 is not supported (expected HCA interface: mlx5). Skipping...

WARN: device rdmap162s0 is not supported (expected HCA interface: mlx5). Skipping...

WARN: device rdmap161s0 is not supported (expected HCA interface: mlx5). Skipping...

WARN: device rdmap163s0 is not supported (expected HCA interface: mlx5). Skipping...

/dvs/p4/build/sw/rel/gpgpu/toolkit/r13.0/main_nvshmem/src/host/transport/transport.cpp:nvshmemi_transport_init:282: init failed for transport: IBGDA
WARN: device rdmap163s0 is not supported (expected HCA interface: mlx5). Skipping...

WARN: device rdmap162s0 is not supported (expected HCA interface: mlx5). Skipping...

/dvs/p4/build/sw/rel/gpgpu/toolkit/r13.0/main_nvshmem/src/host/transport/transport.cpp:nvshmemi_transport_init:282: init failed for transport: IBGDA
WARN: device rdmap163s0 is not supported (expected HCA interface: mlx5). Skipping...

/dvs/p4/build/sw/rel/gpgpu/toolkit/r13.0/main_nvshmem/src/host/transport/transport.cpp:nvshmemi_transport_init:282: init failed for transport: IBGDA
NCCL version 2.31.1+cuda13.0
NCCL version 2.31.1+cuda13.0
NCCL version 2.31.1+cuda13.0
NCCL version 2.31.1+cuda13.0
NCCL version 2.31.1+cuda13.0
NCCL version 2.31.1+cuda13.0
NCCL version 2.31.1+cuda13.0
=== capacity=4 ranks=8 ===
/usr/local/lib/python3.12/dist-packages/torch/distributed/c10d_logger.py:83: FutureWarning: `torch.distributed.all_gather_into_tensor` is deprecated. Please use `torch.distributed.all_gather_single` instead.
  return func(*args, **kwargs)
/usr/local/lib/python3.12/dist-packages/torch/distributed/c10d_logger.py:83: FutureWarning: `torch.distributed.all_gather_into_tensor` is deprecated. Please use `torch.distributed.all_gather_single` instead.
  return func(*args, **kwargs)
/usr/local/lib/python3.12/dist-packages/torch/distributed/c10d_logger.py:83: FutureWarning: `torch.distributed.all_gather_into_tensor` is deprecated. Please use `torch.distributed.all_gather_single` instead.
  return func(*args, **kwargs)
/usr/local/lib/python3.12/dist-packages/torch/distributed/c10d_logger.py:83: FutureWarning: `torch.distributed.all_gather_into_tensor` is deprecated. Please use `torch.distributed.all_gather_single` instead.
  return func(*args, **kwargs)
/usr/local/lib/python3.12/dist-packages/torch/distributed/c10d_logger.py:83: FutureWarning: `torch.distributed.all_gather_into_tensor` is deprecated. Please use `torch.distributed.all_gather_single` instead.
  return func(*args, **kwargs)
/usr/local/lib/python3.12/dist-packages/torch/distributed/c10d_logger.py:83: FutureWarning: `torch.distributed.all_gather_into_tensor` is deprecated. Please use `torch.distributed.all_gather_single` instead.
  return func(*args, **kwargs)
/usr/local/lib/python3.12/dist-packages/torch/distributed/c10d_logger.py:83: FutureWarning: `torch.distributed.all_gather_into_tensor` is deprecated. Please use `torch.distributed.all_gather_single` instead.
  return func(*args, **kwargs)
/usr/local/lib/python3.12/dist-packages/torch/distributed/c10d_logger.py:83: FutureWarning: `torch.distributed.all_gather_into_tensor` is deprecated. Please use `torch.distributed.all_gather_single` instead.
  return func(*args, **kwargs)
  tokens=4     pair=   40.52 us (p50   39.26, rank-max   40.60) | disp     99.4 KiB  comb    192.0 KiB
              disp=   30.18 us  comb(sub)=   10.35 us
WARN: device rdmap85s0 is not supported (expected HCA interface: mlx5). Skipping...

WARN: device rdmap85s0 is not supported (expected HCA interface: mlx5). Skipping...

WARN: device rdmap86s0 is not supported (expected HCA interface: mlx5). Skipping...

WARN: device rdmap85s0 is not supported (expected HCA interface: mlx5). Skipping...

WARN: device rdmap85s0 is not supported (expected HCA interface: mlx5). Skipping...

WARN: device rdmap86s0 is not supported (expected HCA interface: mlx5). Skipping...

WARN: device rdmap87s0 is not supported (expected HCA interface: mlx5). Skipping...

WARN: device rdmap85s0 is not supported (expected HCA interface: mlx5). Skipping...

WARN: device rdmap86s0 is not supported (expected HCA interface: mlx5). Skipping...

WARN: device rdmap88s0 is not supported (expected HCA interface: mlx5). Skipping...

WARN: device rdmap86s0 is not supported (expected HCA interface: mlx5). Skipping...

WARN: device rdmap87s0 is not supported (expected HCA interface: mlx5). Skipping...

WARN: device rdmap85s0 is not supported (expected HCA interface: mlx5). Skipping...

WARN: device rdmap86s0 is not supported (expected HCA interface: mlx5). Skipping...

WARN: device rdmap87s0 is not supported (expected HCA interface: mlx5). Skipping...

WARN: device rdmap110s0 is not supported (expected HCA interface: mlx5). Skipping...

WARN: device rdmap88s0 is not supported (expected HCA interface: mlx5). Skipping...

WARN: device rdmap87s0 is not supported (expected HCA interface: mlx5). Skipping...

WARN: device rdmap85s0 is not supported (expected HCA interface: mlx5). Skipping...

WARN: device rdmap88s0 is not supported (expected HCA interface: mlx5). Skipping...

WARN: WARN: device rdmap86s0 is not supported (expected HCA interface: mlx5). Skipping...

device rdmap85s0 is not supported (expected HCA interface: mlx5). Skipping...

WARN: device rdmap111s0 is not supported (expected HCA interface: mlx5). Skipping...

WARN: device rdmap87s0 is not supported (expected HCA interface: mlx5). Skipping...

WARN: device rdmap110s0 is not supported (expected HCA interface: mlx5). Skipping...

WARN: device rdmap88s0 is not supported (expected HCA interface: mlx5). Skipping...

WARN: device rdmap86s0 is not supported (expected HCA interface: mlx5). Skipping...

WARN: device rdmap87s0 is not supported (expected HCA interface: mlx5). Skipping...

WARN: device rdmap110s0 is not supported (expected HCA interface: mlx5). Skipping...

WARN: device rdmap112s0 is not supported (expected HCA interface: mlx5). Skipping...

WARN: device rdmap88s0 is not supported (expected HCA interface: mlx5). Skipping...

WARN: device rdmap86s0 is not supported (expected HCA interface: mlx5). Skipping...

WARN: device rdmap111s0 is not supported (expected HCA interface: mlx5). Skipping...

WARN: device rdmap110s0 is not supported (expected HCA interface: mlx5). Skipping...

WARN: device rdmap88s0 is not supported (expected HCA interface: mlx5). Skipping...

WARN: device rdmap113s0 is not supported (expected HCA interface: mlx5). Skipping...

WARN: device rdmap111s0 is not supported (expected HCA interface: mlx5). Skipping...

WARN: device rdmap87s0 is not supported (expected HCA interface: mlx5). Skipping...

WARN: device rdmap110s0 is not supported (expected HCA interface: mlx5). Skipping...

WARN: device rdmap112s0 is not supported (expected HCA interface: mlx5). Skipping...

WARN: device rdmap111s0 is not supported (expected HCA interface: mlx5). Skipping...

WARN: device rdmap87s0 is not supported (expected HCA interface: mlx5). Skipping...

WARN: WARN: device rdmap135s0 is not supported (expected HCA interface: mlx5). Skipping...
device rdmap110s0 is not supported (expected HCA interface: mlx5). Skipping...


WARN: device rdmap112s0 is not supported (expected HCA interface: mlx5). Skipping...

WARN: device rdmap88s0 is not supported (expected HCA interface: mlx5). Skipping...

WARN: device rdmap113s0 is not supported (expected HCA interface: mlx5). Skipping...

WARN: device rdmap111s0 is not supported (expected HCA interface: mlx5). Skipping...

WARN: device rdmap112s0 is not supported (expected HCA interface: mlx5). Skipping...

WARN: device rdmap88s0 is not supported (expected HCA interface: mlx5). Skipping...

WARN: device rdmap111s0 is not supported (expected HCA interface: mlx5). Skipping...

WARN: device rdmap135s0 is not supported (expected HCA interface: mlx5). Skipping...

WARN: device rdmap136s0 is not supported (expected HCA interface: mlx5). Skipping...

WARN: device rdmap110s0 is not supported (expected HCA interface: mlx5). Skipping...

WARN: device rdmap112s0 is not supported (expected HCA interface: mlx5). Skipping...

WARN: device rdmap113s0 is not supported (expected HCA interface: mlx5). Skipping...

WARN: device rdmap110s0 is not supported (expected HCA interface: mlx5). Skipping...

WARN: device rdmap113s0 is not supported (expected HCA interface: mlx5). Skipping...

WARN: device rdmap112s0 is not supported (expected HCA interface: mlx5). Skipping...

WARN: device rdmap137s0 is not supported (expected HCA interface: mlx5). Skipping...

WARN: device rdmap111s0 is not supported (expected HCA interface: mlx5). Skipping...

WARN: device rdmap135s0 is not supported (expected HCA interface: mlx5). Skipping...

WARN: device rdmap136s0 is not supported (expected HCA interface: mlx5). Skipping...

WARN: device rdmap113s0 is not supported (expected HCA interface: mlx5). Skipping...

WARN: WARN: device rdmap111s0 is not supported (expected HCA interface: mlx5). Skipping...
device rdmap135s0 is not supported (expected HCA interface: mlx5). Skipping...


WARN: device rdmap138s0 is not supported (expected HCA interface: mlx5). Skipping...

WARN: WARN: device rdmap112s0 is not supported (expected HCA interface: mlx5). Skipping...
device rdmap137s0 is not supported (expected HCA interface: mlx5). Skipping...


WARN: device rdmap113s0 is not supported (expected HCA interface: mlx5). Skipping...

WARN: device rdmap135s0 is not supported (expected HCA interface: mlx5). Skipping...

WARN: device rdmap136s0 is not supported (expected HCA interface: mlx5). Skipping...

WARN: device rdmap112s0 is not supported (expected HCA interface: mlx5). Skipping...

WARN: device rdmap136s0 is not supported (expected HCA interface: mlx5). Skipping...

WARN: device rdmap160s0 is not supported (expected HCA interface: mlx5). Skipping...

WARN: device rdmap135s0 is not supported (expected HCA interface: mlx5). Skipping...

WARN: device rdmap138s0 is not supported (expected HCA interface: mlx5). Skipping...

WARN: device rdmap137s0 is not supported (expected HCA interface: mlx5). Skipping...

WARN: device rdmap113s0 is not supported (expected HCA interface: mlx5). Skipping...

WARN: device rdmap136s0 is not supported (expected HCA interface: mlx5). Skipping...

WARN: device rdmap137s0 is not supported (expected HCA interface: mlx5). Skipping...

WARN: device rdmap113s0 is not supported (expected HCA interface: mlx5). Skipping...

WARN: device rdmap161s0 is not supported (expected HCA interface: mlx5). Skipping...

WARN: device rdmap160s0 is not supported (expected HCA interface: mlx5). Skipping...

WARN: device rdmap138s0 is not supported (expected HCA interface: mlx5). Skipping...

WARN: device rdmap136s0 is not supported (expected HCA interface: mlx5). Skipping...

WARN: device rdmap137s0 is not supported (expected HCA interface: mlx5). Skipping...

WARN: device rdmap135s0 is not supported (expected HCA interface: mlx5). Skipping...

WARN: device rdmap138s0 is not supported (expected HCA interface: mlx5). Skipping...

WARN: device rdmap135s0 is not supported (expected HCA interface: mlx5). Skipping...

WARN: device rdmap162s0 is not supported (expected HCA interface: mlx5). Skipping...

WARN: device rdmap161s0 is not supported (expected HCA interface: mlx5). Skipping...

WARN: device rdmap137s0 is not supported (expected HCA interface: mlx5). Skipping...

WARN: device rdmap136s0 is not supported (expected HCA interface: mlx5). Skipping...

WARN: device rdmap138s0 is not supported (expected HCA interface: mlx5). Skipping...

WARN: device rdmap160s0 is not supported (expected HCA interface: mlx5). Skipping...

WARN: device rdmap136s0 is not supported (expected HCA interface: mlx5). Skipping...

WARN: device rdmap160s0 is not supported (expected HCA interface: mlx5). Skipping...

WARN: device rdmap163s0 is not supported (expected HCA interface: mlx5). Skipping...

WARN: device rdmap162s0 is not supported (expected HCA interface: mlx5). Skipping...

/dvs/p4/build/sw/rel/gpgpu/toolkit/r13.0/main_nvshmem/src/host/transport/transport.cpp:nvshmemi_transport_init:282: init failed for transport: IBGDA
WARN: device rdmap138s0 is not supported (expected HCA interface: mlx5). Skipping...

WARN: device rdmap137s0 is not supported (expected HCA interface: mlx5). Skipping...

WARN: device rdmap161s0 is not supported (expected HCA interface: mlx5). Skipping...

WARN: device rdmap160s0 is not supported (expected HCA interface: mlx5). Skipping...

WARN: device rdmap137s0 is not supported (expected HCA interface: mlx5). Skipping...

WARN: device rdmap161s0 is not supported (expected HCA interface: mlx5). Skipping...

WARN: device rdmap163s0 is not supported (expected HCA interface: mlx5). Skipping...

/dvs/p4/build/sw/rel/gpgpu/toolkit/r13.0/main_nvshmem/src/host/transport/transport.cpp:nvshmemi_transport_init:282: init failed for transport: IBGDA
WARN: WARN: device rdmap138s0 is not supported (expected HCA interface: mlx5). Skipping...
device rdmap160s0 is not supported (expected HCA interface: mlx5). Skipping...


WARN: device rdmap162s0 is not supported (expected HCA interface: mlx5). Skipping...

WARN: device rdmap161s0 is not supported (expected HCA interface: mlx5). Skipping...

WARN: device rdmap138s0 is not supported (expected HCA interface: mlx5). Skipping...

WARN: device rdmap162s0 is not supported (expected HCA interface: mlx5). Skipping...

/dvs/p4/build/sw/rel/gpgpu/toolkit/r13.0/main_nvshmem/src/host/transport/transport.cpp:nvshmemi_transport_init:282: init failed for transport: IBGDA
WARN: WARN: device rdmap161s0 is not supported (expected HCA interface: mlx5). Skipping...
device rdmap160s0 is not supported (expected HCA interface: mlx5). Skipping...


WARN: device rdmap163s0 is not supported (expected HCA interface: mlx5). Skipping...

WARN: device rdmap162s0 is not supported (expected HCA interface: mlx5). Skipping...

WARN: device rdmap160s0 is not supported (expected HCA interface: mlx5). Skipping...

WARN: device rdmap163s0 is not supported (expected HCA interface: mlx5). Skipping...

/dvs/p4/build/sw/rel/gpgpu/toolkit/r13.0/main_nvshmem/src/host/transport/transport.cpp:nvshmemi_transport_init:282: init failed for transport: IBGDA
WARN: device rdmap162s0 is not supported (expected HCA interface: mlx5). Skipping...

WARN: device rdmap161s0 is not supported (expected HCA interface: mlx5). Skipping...

/dvs/p4/build/sw/rel/gpgpu/toolkit/r13.0/main_nvshmem/src/host/transport/transport.cpp:nvshmemi_transport_init:282: init failed for transport: IBGDA
WARN: device rdmap163s0 is not supported (expected HCA interface: mlx5). Skipping...

WARN: device rdmap161s0 is not supported (expected HCA interface: mlx5). Skipping...

/dvs/p4/build/sw/rel/gpgpu/toolkit/r13.0/main_nvshmem/src/host/transport/transport.cpp:nvshmemi_transport_init:282: init failed for transport: IBGDA
WARN: device rdmap163s0 is not supported (expected HCA interface: mlx5). Skipping...

WARN: device rdmap162s0 is not supported (expected HCA interface: mlx5). Skipping...

WARN: device rdmap162s0 is not supported (expected HCA interface: mlx5). Skipping...

/dvs/p4/build/sw/rel/gpgpu/toolkit/r13.0/main_nvshmem/src/host/transport/transport.cpp:nvshmemi_transport_init:282: init failed for transport: IBGDA
WARN: device rdmap163s0 is not supported (expected HCA interface: mlx5). Skipping...

WARN: device rdmap163s0 is not supported (expected HCA interface: mlx5). Skipping...

/dvs/p4/build/sw/rel/gpgpu/toolkit/r13.0/main_nvshmem/src/host/transport/transport.cpp:nvshmemi_transport_init:282: init failed for transport: IBGDA
=== capacity=8 ranks=8 ===
  tokens=8     pair=   41.96 us (p50   40.03, rank-max   42.13) | disp    198.8 KiB  comb    384.0 KiB
              disp=   31.76 us  comb(sub)=   10.20 us
WARN: device rdmap85s0 is not supported (expected HCA interface: mlx5). Skipping...

WARN: device rdmap85s0 is not supported (expected HCA interface: mlx5). Skipping...

WARN: WARN: device rdmap86s0 is not supported (expected HCA interface: mlx5). Skipping...

device rdmap85s0 is not supported (expected HCA interface: mlx5). Skipping...

WARN: device rdmap86s0 is not supported (expected HCA interface: mlx5). Skipping...

WARN: device rdmap87s0 is not supported (expected HCA interface: mlx5). Skipping...

WARN: device rdmap86s0 is not supported (expected HCA interface: mlx5). Skipping...

WARN: device rdmap87s0 is not supported (expected HCA interface: mlx5). Skipping...

WARN: device rdmap85s0 is not supported (expected HCA interface: mlx5). Skipping...

WARN: device rdmap85s0 is not supported (expected HCA interface: mlx5). Skipping...

WARN: device rdmap88s0 is not supported (expected HCA interface: mlx5). Skipping...

WARN: device rdmap87s0 is not supported (expected HCA interface: mlx5). Skipping...

WARN: device rdmap88s0 is not supported (expected HCA interface: mlx5). Skipping...

WARN: device rdmap86s0 is not supported (expected HCA interface: mlx5). Skipping...

WARN: device rdmap86s0 is not supported (expected HCA interface: mlx5). Skipping...

WARN: device rdmap85s0 is not supported (expected HCA interface: mlx5). Skipping...

WARN: device rdmap110s0 is not supported (expected HCA interface: mlx5). Skipping...

WARN: device rdmap88s0 is not supported (expected HCA interface: mlx5). Skipping...

WARN: device rdmap110s0 is not supported (expected HCA interface: mlx5). Skipping...

WARN: device rdmap87s0 is not supported (expected HCA interface: mlx5). Skipping...

WARN: device rdmap85s0 is not supported (expected HCA interface: mlx5). Skipping...

WARN: device rdmap86s0 is not supported (expected HCA interface: mlx5). Skipping...

WARN: device rdmap87s0 is not supported (expected HCA interface: mlx5). Skipping...

WARN: WARN: device rdmap110s0 is not supported (expected HCA interface: mlx5). Skipping...
device rdmap111s0 is not supported (expected HCA interface: mlx5). Skipping...


WARN: WARN: device rdmap111s0 is not supported (expected HCA interface: mlx5). Skipping...

device rdmap85s0 is not supported (expected HCA interface: mlx5). Skipping...

WARN: device rdmap88s0 is not supported (expected HCA interface: mlx5). Skipping...

WARN: device rdmap86s0 is not supported (expected HCA interface: mlx5). Skipping...

WARN: device rdmap88s0 is not supported (expected HCA interface: mlx5). Skipping...

WARN: device rdmap87s0 is not supported (expected HCA interface: mlx5). Skipping...

WARN: device rdmap112s0 is not supported (expected HCA interface: mlx5). Skipping...

WARN: device rdmap111s0 is not supported (expected HCA interface: mlx5). Skipping...

WARN: device rdmap112s0 is not supported (expected HCA interface: mlx5). Skipping...

WARN: device rdmap86s0 is not supported (expected HCA interface: mlx5). Skipping...

WARN: device rdmap110s0 is not supported (expected HCA interface: mlx5). Skipping...

WARN: device rdmap87s0 is not supported (expected HCA interface: mlx5). Skipping...

WARN: device rdmap110s0 is not supported (expected HCA interface: mlx5). Skipping...

WARN: device rdmap88s0 is not supported (expected HCA interface: mlx5). Skipping...

WARN: device rdmap113s0 is not supported (expected HCA interface: mlx5). Skipping...

WARN: device rdmap112s0 is not supported (expected HCA interface: mlx5). Skipping...

WARN: device rdmap113s0 is not supported (expected HCA interface: mlx5). Skipping...

WARN: device rdmap87s0 is not supported (expected HCA interface: mlx5). Skipping...

WARN: device rdmap111s0 is not supported (expected HCA interface: mlx5). Skipping...

WARN: device rdmap88s0 is not supported (expected HCA interface: mlx5). Skipping...

WARN: device rdmap110s0 is not supported (expected HCA interface: mlx5). Skipping...

WARN: device rdmap111s0 is not supported (expected HCA interface: mlx5). Skipping...

WARN: device rdmap135s0 is not supported (expected HCA interface: mlx5). Skipping...

WARN: device rdmap113s0 is not supported (expected HCA interface: mlx5). Skipping...

WARN: device rdmap135s0 is not supported (expected HCA interface: mlx5). Skipping...

WARN: device rdmap88s0 is not supported (expected HCA interface: mlx5). Skipping...

WARN: device rdmap112s0 is not supported (expected HCA interface: mlx5). Skipping...

WARN: device rdmap110s0 is not supported (expected HCA interface: mlx5). Skipping...

WARN: device rdmap112s0 is not supported (expected HCA interface: mlx5). Skipping...

WARN: device rdmap111s0 is not supported (expected HCA interface: mlx5). Skipping...

WARN: device rdmap136s0 is not supported (expected HCA interface: mlx5). Skipping...

WARN: device rdmap135s0 is not supported (expected HCA interface: mlx5). Skipping...

WARN: device rdmap136s0 is not supported (expected HCA interface: mlx5). Skipping...

WARN: device rdmap110s0 is not supported (expected HCA interface: mlx5). Skipping...

WARN: device rdmap113s0 is not supported (expected HCA interface: mlx5). Skipping...

WARN: device rdmap111s0 is not supported (expected HCA interface: mlx5). Skipping...

WARN: device rdmap113s0 is not supported (expected HCA interface: mlx5). Skipping...

WARN: device rdmap112s0 is not supported (expected HCA interface: mlx5). Skipping...

WARN: device rdmap137s0 is not supported (expected HCA interface: mlx5). Skipping...

WARN: device rdmap136s0 is not supported (expected HCA interface: mlx5). Skipping...

WARN: device rdmap137s0 is not supported (expected HCA interface: mlx5). Skipping...

WARN: device rdmap135s0 is not supported (expected HCA interface: mlx5). Skipping...

WARN: device rdmap111s0 is not supported (expected HCA interface: mlx5). Skipping...

WARN: WARN: device rdmap112s0 is not supported (expected HCA interface: mlx5). Skipping...
device rdmap135s0 is not supported (expected HCA interface: mlx5). Skipping...


WARN: device rdmap113s0 is not supported (expected HCA interface: mlx5). Skipping...

WARN: device rdmap138s0 is not supported (expected HCA interface: mlx5). Skipping...

WARN: device rdmap137s0 is not supported (expected HCA interface: mlx5). Skipping...

WARN: device rdmap138s0 is not supported (expected HCA interface: mlx5). Skipping...

WARN: device rdmap136s0 is not supported (expected HCA interface: mlx5). Skipping...

WARN: device rdmap112s0 is not supported (expected HCA interface: mlx5). Skipping...

WARN: device rdmap113s0 is not supported (expected HCA interface: mlx5). Skipping...

WARN: device rdmap136s0 is not supported (expected HCA interface: mlx5). Skipping...

WARN: device rdmap135s0 is not supported (expected HCA interface: mlx5). Skipping...

WARN: device rdmap160s0 is not supported (expected HCA interface: mlx5). Skipping...

WARN: device rdmap138s0 is not supported (expected HCA interface: mlx5). Skipping...

WARN: device rdmap160s0 is not supported (expected HCA interface: mlx5). Skipping...

WARN: device rdmap137s0 is not supported (expected HCA interface: mlx5). Skipping...

WARN: device rdmap113s0 is not supported (expected HCA interface: mlx5). Skipping...

WARN: device rdmap135s0 is not supported (expected HCA interface: mlx5). Skipping...

WARN: device rdmap137s0 is not supported (expected HCA interface: mlx5). Skipping...

WARN: device rdmap136s0 is not supported (expected HCA interface: mlx5). Skipping...

WARN: device rdmap161s0 is not supported (expected HCA interface: mlx5). Skipping...

WARN: device rdmap160s0 is not supported (expected HCA interface: mlx5). Skipping...

WARN: device rdmap161s0 is not supported (expected HCA interface: mlx5). Skipping...

WARN: device rdmap135s0 is not supported (expected HCA interface: mlx5). Skipping...

WARN: device rdmap138s0 is not supported (expected HCA interface: mlx5). Skipping...

WARN: device rdmap136s0 is not supported (expected HCA interface: mlx5). Skipping...

WARN: device rdmap138s0 is not supported (expected HCA interface: mlx5). Skipping...

WARN: device rdmap137s0 is not supported (expected HCA interface: mlx5). Skipping...

WARN: device rdmap161s0 is not supported (expected HCA interface: mlx5). Skipping...

WARN: device rdmap162s0 is not supported (expected HCA interface: mlx5). Skipping...

WARN: device rdmap162s0 is not supported (expected HCA interface: mlx5). Skipping...

WARN: device rdmap160s0 is not supported (expected HCA interface: mlx5). Skipping...

WARN: device rdmap136s0 is not supported (expected HCA interface: mlx5). Skipping...

WARN: device rdmap137s0 is not supported (expected HCA interface: mlx5). Skipping...

WARN: device rdmap160s0 is not supported (expected HCA interface: mlx5). Skipping...

WARN: device rdmap138s0 is not supported (expected HCA interface: mlx5). Skipping...

/dvs/p4/build/sw/rel/gpgpu/toolkit/r13.0/main_nvshmem/src/host/transport/transport.cpp:nvshmemi_transport_init:282: init failed for transport: IBGDA
WARN: WARN: device rdmap163s0 is not supported (expected HCA interface: mlx5). Skipping...
device rdmap162s0 is not supported (expected HCA interface: mlx5). Skipping...


WARN: device rdmap161s0 is not supported (expected HCA interface: mlx5). Skipping...

WARN: device rdmap137s0 is not supported (expected HCA interface: mlx5). Skipping...

/dvs/p4/build/sw/rel/gpgpu/toolkit/r13.0/main_nvshmem/src/host/transport/transport.cpp:nvshmemi_transport_init:282: init failed for transport: IBGDA
WARN: device rdmap163s0 is not supported (expected HCA interface: mlx5). Skipping...

WARN: device rdmap138s0 is not supported (expected HCA interface: mlx5). Skipping...

WARN: WARN: device rdmap161s0 is not supported (expected HCA interface: mlx5). Skipping...
device rdmap160s0 is not supported (expected HCA interface: mlx5). Skipping...


WARN: device rdmap162s0 is not supported (expected HCA interface: mlx5). Skipping...

WARN: device rdmap163s0 is not supported (expected HCA interface: mlx5). Skipping...

/dvs/p4/build/sw/rel/gpgpu/toolkit/r13.0/main_nvshmem/src/host/transport/transport.cpp:nvshmemi_transport_init:282: init failed for transport: IBGDA
WARN: device rdmap138s0 is not supported (expected HCA interface: mlx5). Skipping...

WARN: device rdmap160s0 is not supported (expected HCA interface: mlx5). Skipping...

WARN: device rdmap161s0 is not supported (expected HCA interface: mlx5). Skipping...

WARN: device rdmap162s0 is not supported (expected HCA interface: mlx5). Skipping...

WARN: device rdmap163s0 is not supported (expected HCA interface: mlx5). Skipping...

WARN: device rdmap160s0 is not supported (expected HCA interface: mlx5). Skipping...

/dvs/p4/build/sw/rel/gpgpu/toolkit/r13.0/main_nvshmem/src/host/transport/transport.cpp:nvshmemi_transport_init:282: init failed for transport: IBGDA
WARN: device rdmap161s0 is not supported (expected HCA interface: mlx5). Skipping...

WARN: device rdmap162s0 is not supported (expected HCA interface: mlx5). Skipping...

WARN: device rdmap163s0 is not supported (expected HCA interface: mlx5). Skipping...

/dvs/p4/build/sw/rel/gpgpu/toolkit/r13.0/main_nvshmem/src/host/transport/transport.cpp:nvshmemi_transport_init:282: init failed for transport: IBGDA
WARN: device rdmap161s0 is not supported (expected HCA interface: mlx5). Skipping...

WARN: device rdmap162s0 is not supported (expected HCA interface: mlx5). Skipping...

WARN: device rdmap163s0 is not supported (expected HCA interface: mlx5). Skipping...

/dvs/p4/build/sw/rel/gpgpu/toolkit/r13.0/main_nvshmem/src/host/transport/transport.cpp:nvshmemi_transport_init:282: init failed for transport: IBGDA
WARN: device rdmap162s0 is not supported (expected HCA interface: mlx5). Skipping...

/dvs/p4/build/sw/rel/gpgpu/toolkit/r13.0/main_nvshmem/src/host/transport/transport.cpp:nvshmemi_transport_init:282: init failed for transport: IBGDA
WARN: device rdmap163s0 is not supported (expected HCA interface: mlx5). Skipping...

WARN: device rdmap163s0 is not supported (expected HCA interface: mlx5). Skipping...

/dvs/p4/build/sw/rel/gpgpu/toolkit/r13.0/main_nvshmem/src/host/transport/transport.cpp:nvshmemi_transport_init:282: init failed for transport: IBGDA
=== capacity=16 ranks=8 ===
  tokens=16    pair=   40.43 us (p50   39.39, rank-max   41.04) | disp    397.5 KiB  comb    768.0 KiB
              disp=   29.82 us  comb(sub)=   10.61 us
WARN: device rdmap85s0 is not supported (expected HCA interface: mlx5). Skipping...

WARN: device rdmap86s0 is not supported (expected HCA interface: mlx5). Skipping...

WARN: device rdmap85s0 is not supported (expected HCA interface: mlx5). Skipping...

WARN: device rdmap85s0 is not supported (expected HCA interface: mlx5). Skipping...

WARN: device rdmap87s0 is not supported (expected HCA interface: mlx5). Skipping...

WARN: device rdmap86s0 is not supported (expected HCA interface: mlx5). Skipping...

WARN: device rdmap86s0 is not supported (expected HCA interface: mlx5). Skipping...

WARN: device rdmap85s0 is not supported (expected HCA interface: mlx5). Skipping...

WARN: device rdmap88s0 is not supported (expected HCA interface: mlx5). Skipping...

WARN: device rdmap85s0 is not supported (expected HCA interface: mlx5). Skipping...

WARN: device rdmap87s0 is not supported (expected HCA interface: mlx5). Skipping...

WARN: device rdmap85s0 is not supported (expected HCA interface: mlx5). Skipping...

WARN: device rdmap87s0 is not supported (expected HCA interface: mlx5). Skipping...

WARN: device rdmap86s0 is not supported (expected HCA interface: mlx5). Skipping...

WARN: device rdmap110s0 is not supported (expected HCA interface: mlx5). Skipping...

WARN: device rdmap88s0 is not supported (expected HCA interface: mlx5). Skipping...
WARN: 
device rdmap86s0 is not supported (expected HCA interface: mlx5). Skipping...

WARN: device rdmap87s0 is not supported (expected HCA interface: mlx5). Skipping...

WARN: WARN: device rdmap88s0 is not supported (expected HCA interface: mlx5). Skipping...
device rdmap86s0 is not supported (expected HCA interface: mlx5). Skipping...


WARN: device rdmap111s0 is not supported (expected HCA interface: mlx5). Skipping...

WARN: device rdmap85s0 is not supported (expected HCA interface: mlx5). Skipping...

WARN: device rdmap110s0 is not supported (expected HCA interface: mlx5). Skipping...

WARN: device rdmap85s0 is not supported (expected HCA interface: mlx5). Skipping...

WARN: device rdmap87s0 is not supported (expected HCA interface: mlx5). Skipping...

WARN: device rdmap110s0 is not supported (expected HCA interface: mlx5). Skipping...

WARN: WARN: device rdmap87s0 is not supported (expected HCA interface: mlx5). Skipping...
device rdmap88s0 is not supported (expected HCA interface: mlx5). Skipping...


WARN: device rdmap112s0 is not supported (expected HCA interface: mlx5). Skipping...

WARN: device rdmap86s0 is not supported (expected HCA interface: mlx5). Skipping...

WARN: device rdmap111s0 is not supported (expected HCA interface: mlx5). Skipping...

WARN: device rdmap86s0 is not supported (expected HCA interface: mlx5). Skipping...

WARN: device rdmap88s0 is not supported (expected HCA interface: mlx5). Skipping...

WARN: WARN: device rdmap111s0 is not supported (expected HCA interface: mlx5). Skipping...
device rdmap110s0 is not supported (expected HCA interface: mlx5). Skipping...


WARN: device rdmap113s0 is not supported (expected HCA interface: mlx5). Skipping...

WARN: device rdmap88s0 is not supported (expected HCA interface: mlx5). Skipping...

WARN: device rdmap87s0 is not supported (expected HCA interface: mlx5). Skipping...

WARN: device rdmap112s0 is not supported (expected HCA interface: mlx5). Skipping...

WARN: device rdmap110s0 is not supported (expected HCA interface: mlx5). Skipping...

WARN: device rdmap87s0 is not supported (expected HCA interface: mlx5). Skipping...

WARN: device rdmap112s0 is not supported (expected HCA interface: mlx5). Skipping...

WARN: device rdmap111s0 is not supported (expected HCA interface: mlx5). Skipping...

WARN: device rdmap110s0 is not supported (expected HCA interface: mlx5). Skipping...

WARN: device rdmap135s0 is not supported (expected HCA interface: mlx5). Skipping...

WARN: device rdmap113s0 is not supported (expected HCA interface: mlx5). Skipping...

WARN: device rdmap88s0 is not supported (expected HCA interface: mlx5). Skipping...

WARN: device rdmap111s0 is not supported (expected HCA interface: mlx5). Skipping...

WARN: device rdmap113s0 is not supported (expected HCA interface: mlx5). Skipping...

WARN: device rdmap88s0 is not supported (expected HCA interface: mlx5). Skipping...

WARN: device rdmap112s0 is not supported (expected HCA interface: mlx5). Skipping...

WARN: device rdmap111s0 is not supported (expected HCA interface: mlx5). Skipping...

WARN: device rdmap136s0 is not supported (expected HCA interface: mlx5). Skipping...

WARN: device rdmap110s0 is not supported (expected HCA interface: mlx5). Skipping...

WARN: device rdmap135s0 is not supported (expected HCA interface: mlx5). Skipping...

WARN: device rdmap112s0 is not supported (expected HCA interface: mlx5). Skipping...

WARN: device rdmap110s0 is not supported (expected HCA interface: mlx5). Skipping...

WARN: device rdmap135s0 is not supported (expected HCA interface: mlx5). Skipping...

WARN: device rdmap113s0 is not supported (expected HCA interface: mlx5). Skipping...

WARN: device rdmap112s0 is not supported (expected HCA interface: mlx5). Skipping...

WARN: device rdmap137s0 is not supported (expected HCA interface: mlx5). Skipping...

WARN: device rdmap111s0 is not supported (expected HCA interface: mlx5). Skipping...

WARN: device rdmap136s0 is not supported (expected HCA interface: mlx5). Skipping...

WARN: device rdmap113s0 is not supported (expected HCA interface: mlx5). Skipping...

WARN: device rdmap111s0 is not supported (expected HCA interface: mlx5). Skipping...

WARN: device rdmap135s0 is not supported (expected HCA interface: mlx5). Skipping...

WARN: WARN: device rdmap113s0 is not supported (expected HCA interface: mlx5). Skipping...
device rdmap136s0 is not supported (expected HCA interface: mlx5). Skipping...


WARN: device rdmap138s0 is not supported (expected HCA interface: mlx5). Skipping...

WARN: device rdmap112s0 is not supported (expected HCA interface: mlx5). Skipping...

WARN: device rdmap135s0 is not supported (expected HCA interface: mlx5). Skipping...

WARN: device rdmap137s0 is not supported (expected HCA interface: mlx5). Skipping...

WARN: device rdmap112s0 is not supported (expected HCA interface: mlx5). Skipping...

WARN: device rdmap135s0 is not supported (expected HCA interface: mlx5). Skipping...

WARN: WARN: device rdmap136s0 is not supported (expected HCA interface: mlx5). Skipping...
device rdmap160s0 is not supported (expected HCA interface: mlx5). Skipping...


WARN: device rdmap137s0 is not supported (expected HCA interface: mlx5). Skipping...

WARN: device rdmap113s0 is not supported (expected HCA interface: mlx5). Skipping...

WARN: device rdmap138s0 is not supported (expected HCA interface: mlx5). Skipping...

WARN: device rdmap113s0 is not supported (expected HCA interface: mlx5). Skipping...

WARN: device rdmap136s0 is not supported (expected HCA interface: mlx5). Skipping...

WARN: device rdmap161s0 is not supported (expected HCA interface: mlx5). Skipping...

WARN: device rdmap138s0 is not supported (expected HCA interface: mlx5). Skipping...

WARN: device rdmap137s0 is not supported (expected HCA interface: mlx5). Skipping...

WARN: device rdmap136s0 is not supported (expected HCA interface: mlx5). Skipping...

WARN: device rdmap135s0 is not supported (expected HCA interface: mlx5). Skipping...

WARN: device rdmap160s0 is not supported (expected HCA interface: mlx5). Skipping...

WARN: device rdmap162s0 is not supported (expected HCA interface: mlx5). Skipping...

WARN: device rdmap135s0 is not supported (expected HCA interface: mlx5). Skipping...

WARN: device rdmap160s0 is not supported (expected HCA interface: mlx5). Skipping...

WARN: device rdmap137s0 is not supported (expected HCA interface: mlx5). Skipping...

WARN: device rdmap138s0 is not supported (expected HCA interface: mlx5). Skipping...

WARN: device rdmap137s0 is not supported (expected HCA interface: mlx5). Skipping...

WARN: device rdmap136s0 is not supported (expected HCA interface: mlx5). Skipping...

WARN: device rdmap161s0 is not supported (expected HCA interface: mlx5). Skipping...

WARN: device rdmap136s0 is not supported (expected HCA interface: mlx5). Skipping...

WARN: device rdmap161s0 is not supported (expected HCA interface: mlx5). Skipping...

WARN: device rdmap163s0 is not supported (expected HCA interface: mlx5). Skipping...

/dvs/p4/build/sw/rel/gpgpu/toolkit/r13.0/main_nvshmem/src/host/transport/transport.cpp:nvshmemi_transport_init:282: init failed for transport: IBGDA
WARN: device rdmap160s0 is not supported (expected HCA interface: mlx5). Skipping...

WARN: device rdmap138s0 is not supported (expected HCA interface: mlx5). Skipping...

WARN: device rdmap162s0 is not supported (expected HCA interface: mlx5). Skipping...

WARN: device rdmap138s0 is not supported (expected HCA interface: mlx5). Skipping...

WARN: device rdmap137s0 is not supported (expected HCA interface: mlx5). Skipping...

WARN: device rdmap162s0 is not supported (expected HCA interface: mlx5). Skipping...

WARN: device rdmap137s0 is not supported (expected HCA interface: mlx5). Skipping...

WARN: device rdmap161s0 is not supported (expected HCA interface: mlx5). Skipping...

WARN: device rdmap160s0 is not supported (expected HCA interface: mlx5). Skipping...

/dvs/p4/build/sw/rel/gpgpu/toolkit/r13.0/main_nvshmem/src/host/transport/transport.cpp:nvshmemi_transport_init:282: init failed for transport: IBGDA
WARN: device rdmap163s0 is not supported (expected HCA interface: mlx5). Skipping...

WARN: device rdmap138s0 is not supported (expected HCA interface: mlx5). Skipping...

WARN: device rdmap160s0 is not supported (expected HCA interface: mlx5). Skipping...

WARN: device rdmap162s0 is not supported (expected HCA interface: mlx5). Skipping...

/dvs/p4/build/sw/rel/gpgpu/toolkit/r13.0/main_nvshmem/src/host/transport/transport.cpp:nvshmemi_transport_init:282: init failed for transport: IBGDA
WARN: device rdmap138s0 is not supported (expected HCA interface: mlx5). Skipping...

WARN: device rdmap163s0 is not supported (expected HCA interface: mlx5). Skipping...

WARN: device rdmap161s0 is not supported (expected HCA interface: mlx5). Skipping...

WARN: device rdmap160s0 is not supported (expected HCA interface: mlx5). Skipping...

WARN: device rdmap161s0 is not supported (expected HCA interface: mlx5). Skipping...

WARN: device rdmap163s0 is not supported (expected HCA interface: mlx5). Skipping...

/dvs/p4/build/sw/rel/gpgpu/toolkit/r13.0/main_nvshmem/src/host/transport/transport.cpp:nvshmemi_transport_init:282: init failed for transport: IBGDA
WARN: device rdmap160s0 is not supported (expected HCA interface: mlx5). Skipping...

WARN: device rdmap161s0 is not supported (expected HCA interface: mlx5). Skipping...

WARN: device rdmap162s0 is not supported (expected HCA interface: mlx5). Skipping...

WARN: device rdmap161s0 is not supported (expected HCA interface: mlx5). Skipping...

WARN: device rdmap162s0 is not supported (expected HCA interface: mlx5). Skipping...

WARN: device rdmap162s0 is not supported (expected HCA interface: mlx5). Skipping...
WARN: 
device rdmap163s0 is not supported (expected HCA interface: mlx5). Skipping...

/dvs/p4/build/sw/rel/gpgpu/toolkit/r13.0/main_nvshmem/src/host/transport/transport.cpp:nvshmemi_transport_init:282: init failed for transport: IBGDA
WARN: device rdmap162s0 is not supported (expected HCA interface: mlx5). Skipping...

WARN: device rdmap163s0 is not supported (expected HCA interface: mlx5). Skipping...

/dvs/p4/build/sw/rel/gpgpu/toolkit/r13.0/main_nvshmem/src/host/transport/transport.cpp:nvshmemi_transport_init:282: init failed for transport: IBGDA
WARN: device rdmap163s0 is not supported (expected HCA interface: mlx5). Skipping...

/dvs/p4/build/sw/rel/gpgpu/toolkit/r13.0/main_nvshmem/src/host/transport/transport.cpp:nvshmemi_transport_init:282: init failed for transport: IBGDA
/dvs/p4/build/sw/rel/gpgpu/toolkit/r13.0/main_nvshmem/src/host/transport/transport.cpp:nvshmemi_transport_init:282: init failed for transport: IBGDA
WARN: device rdmap163s0 is not supported (expected HCA interface: mlx5). Skipping...

=== capacity=32 ranks=8 ===
  tokens=32    pair=   42.49 us (p50   40.64, rank-max   42.56) | disp    795.0 KiB  comb   1536.0 KiB
              disp=   30.12 us  comb(sub)=   12.37 us
WARN: device rdmap85s0 is not supported (expected HCA interface: mlx5). Skipping...

WARN: device rdmap85s0 is not supported (expected HCA interface: mlx5). Skipping...

WARN: device rdmap86s0 is not supported (expected HCA interface: mlx5). Skipping...

WARN: device rdmap85s0 is not supported (expected HCA interface: mlx5). Skipping...

WARN: device rdmap86s0 is not supported (expected HCA interface: mlx5). Skipping...

WARN: device rdmap87s0 is not supported (expected HCA interface: mlx5). Skipping...

WARN: device rdmap85s0 is not supported (expected HCA interface: mlx5). Skipping...

WARN: device rdmap86s0 is not supported (expected HCA interface: mlx5). Skipping...

WARN: device rdmap87s0 is not supported (expected HCA interface: mlx5). Skipping...

WARN: device rdmap88s0 is not supported (expected HCA interface: mlx5). Skipping...

WARN: device rdmap86s0 is not supported (expected HCA interface: mlx5). Skipping...

WARN: device rdmap87s0 is not supported (expected HCA interface: mlx5). Skipping...

WARN: device rdmap85s0 is not supported (expected HCA interface: mlx5). Skipping...

WARN: device rdmap88s0 is not supported (expected HCA interface: mlx5). Skipping...

WARN: device rdmap110s0 is not supported (expected HCA interface: mlx5). Skipping...

WARN: device rdmap87s0 is not supported (expected HCA interface: mlx5). Skipping...

WARN: device rdmap85s0 is not supported (expected HCA interface: mlx5). Skipping...

WARN: device rdmap88s0 is not supported (expected HCA interface: mlx5). Skipping...

WARN: device rdmap110s0 is not supported (expected HCA interface: mlx5). Skipping...

WARN: device rdmap86s0 is not supported (expected HCA interface: mlx5). Skipping...

WARN: device rdmap111s0 is not supported (expected HCA interface: mlx5). Skipping...

WARN: device rdmap88s0 is not supported (expected HCA interface: mlx5). Skipping...

WARN: device rdmap110s0 is not supported (expected HCA interface: mlx5). Skipping...

WARN: device rdmap86s0 is not supported (expected HCA interface: mlx5). Skipping...

WARN: device rdmap111s0 is not supported (expected HCA interface: mlx5). Skipping...

WARN: device rdmap87s0 is not supported (expected HCA interface: mlx5). Skipping...

WARN: device rdmap112s0 is not supported (expected HCA interface: mlx5). Skipping...

WARN: device rdmap85s0 is not supported (expected HCA interface: mlx5). Skipping...

WARN: device rdmap110s0 is not supported (expected HCA interface: mlx5). Skipping...

WARN: device rdmap111s0 is not supported (expected HCA interface: mlx5). Skipping...

WARN: device rdmap112s0 is not supported (expected HCA interface: mlx5). Skipping...

WARN: device rdmap85s0 is not supported (expected HCA interface: mlx5). Skipping...

WARN: device rdmap88s0 is not supported (expected HCA interface: mlx5). Skipping...

WARN: device rdmap113s0 is not supported (expected HCA interface: mlx5). Skipping...

WARN: device rdmap87s0 is not supported (expected HCA interface: mlx5). Skipping...

WARN: device rdmap111s0 is not supported (expected HCA interface: mlx5). Skipping...

WARN: device rdmap112s0 is not supported (expected HCA interface: mlx5). Skipping...

WARN: device rdmap86s0 is not supported (expected HCA interface: mlx5). Skipping...

WARN: device rdmap113s0 is not supported (expected HCA interface: mlx5). Skipping...

WARN: device rdmap110s0 is not supported (expected HCA interface: mlx5). Skipping...

WARN: WARN: device rdmap86s0 is not supported (expected HCA interface: mlx5). Skipping...

device rdmap88s0 is not supported (expected HCA interface: mlx5). Skipping...

WARN: device rdmap135s0 is not supported (expected HCA interface: mlx5). Skipping...

WARN: device rdmap112s0 is not supported (expected HCA interface: mlx5). Skipping...

WARN: device rdmap113s0 is not supported (expected HCA interface: mlx5). Skipping...

WARN: device rdmap87s0 is not supported (expected HCA interface: mlx5). Skipping...

WARN: device rdmap135s0 is not supported (expected HCA interface: mlx5). Skipping...

WARN: device rdmap111s0 is not supported (expected HCA interface: mlx5). Skipping...

WARN: device rdmap87s0 is not supported (expected HCA interface: mlx5). Skipping...

WARN: device rdmap110s0 is not supported (expected HCA interface: mlx5). Skipping...

WARN: device rdmap136s0 is not supported (expected HCA interface: mlx5). Skipping...

WARN: device rdmap113s0 is not supported (expected HCA interface: mlx5). Skipping...

WARN: device rdmap135s0 is not supported (expected HCA interface: mlx5). Skipping...

WARN: device rdmap112s0 is not supported (expected HCA interface: mlx5). Skipping...

WARN: device rdmap88s0 is not supported (expected HCA interface: mlx5). Skipping...

WARN: device rdmap136s0 is not supported (expected HCA interface: mlx5). Skipping...

WARN: device rdmap111s0 is not supported (expected HCA interface: mlx5). Skipping...

WARN: WARN: device rdmap88s0 is not supported (expected HCA interface: mlx5). Skipping...
device rdmap137s0 is not supported (expected HCA interface: mlx5). Skipping...


WARN: device rdmap135s0 is not supported (expected HCA interface: mlx5). Skipping...

WARN: device rdmap136s0 is not supported (expected HCA interface: mlx5). Skipping...

WARN: device rdmap113s0 is not supported (expected HCA interface: mlx5). Skipping...

WARN: device rdmap112s0 is not supported (expected HCA interface: mlx5). Skipping...

WARN: device rdmap110s0 is not supported (expected HCA interface: mlx5). Skipping...

WARN: device rdmap137s0 is not supported (expected HCA interface: mlx5). Skipping...

WARN: device rdmap138s0 is not supported (expected HCA interface: mlx5). Skipping...

WARN: device rdmap110s0 is not supported (expected HCA interface: mlx5). Skipping...

WARN: device rdmap136s0 is not supported (expected HCA interface: mlx5). Skipping...

WARN: device rdmap137s0 is not supported (expected HCA interface: mlx5). Skipping...

WARN: device rdmap135s0 is not supported (expected HCA interface: mlx5). Skipping...

WARN: WARN: device rdmap113s0 is not supported (expected HCA interface: mlx5). Skipping...
device rdmap111s0 is not supported (expected HCA interface: mlx5). Skipping...


WARN: device rdmap138s0 is not supported (expected HCA interface: mlx5). Skipping...

WARN: device rdmap111s0 is not supported (expected HCA interface: mlx5). Skipping...

WARN: device rdmap160s0 is not supported (expected HCA interface: mlx5). Skipping...

WARN: device rdmap137s0 is not supported (expected HCA interface: mlx5). Skipping...

WARN: device rdmap138s0 is not supported (expected HCA interface: mlx5). Skipping...

WARN: device rdmap135s0 is not supported (expected HCA interface: mlx5). Skipping...

WARN: device rdmap136s0 is not supported (expected HCA interface: mlx5). Skipping...

WARN: device rdmap112s0 is not supported (expected HCA interface: mlx5). Skipping...

WARN: device rdmap160s0 is not supported (expected HCA interface: mlx5). Skipping...

WARN: device rdmap161s0 is not supported (expected HCA interface: mlx5). Skipping...

WARN: device rdmap112s0 is not supported (expected HCA interface: mlx5). Skipping...

WARN: device rdmap138s0 is not supported (expected HCA interface: mlx5). Skipping...

WARN: device rdmap160s0 is not supported (expected HCA interface: mlx5). Skipping...

WARN: device rdmap137s0 is not supported (expected HCA interface: mlx5). Skipping...

WARN: device rdmap136s0 is not supported (expected HCA interface: mlx5). Skipping...

WARN: device rdmap113s0 is not supported (expected HCA interface: mlx5). Skipping...

WARN: device rdmap161s0 is not supported (expected HCA interface: mlx5). Skipping...

WARN: device rdmap113s0 is not supported (expected HCA interface: mlx5). Skipping...

WARN: device rdmap162s0 is not supported (expected HCA interface: mlx5). Skipping...

WARN: device rdmap160s0 is not supported (expected HCA interface: mlx5). Skipping...

WARN: device rdmap161s0 is not supported (expected HCA interface: mlx5). Skipping...

WARN: device rdmap135s0 is not supported (expected HCA interface: mlx5). Skipping...

WARN: device rdmap137s0 is not supported (expected HCA interface: mlx5). Skipping...

WARN: device rdmap138s0 is not supported (expected HCA interface: mlx5). Skipping...

WARN: device rdmap162s0 is not supported (expected HCA interface: mlx5). Skipping...

WARN: device rdmap135s0 is not supported (expected HCA interface: mlx5). Skipping...

WARN: device rdmap163s0 is not supported (expected HCA interface: mlx5). Skipping...

/dvs/p4/build/sw/rel/gpgpu/toolkit/r13.0/main_nvshmem/src/host/transport/transport.cpp:nvshmemi_transport_init:282: init failed for transport: IBGDA
WARN: device rdmap161s0 is not supported (expected HCA interface: mlx5). Skipping...

WARN: device rdmap136s0 is not supported (expected HCA interface: mlx5). Skipping...

WARN: device rdmap162s0 is not supported (expected HCA interface: mlx5). Skipping...

WARN: device rdmap160s0 is not supported (expected HCA interface: mlx5). Skipping...

WARN: device rdmap138s0 is not supported (expected HCA interface: mlx5). Skipping...

WARN: device rdmap136s0 is not supported (expected HCA interface: mlx5). Skipping...

WARN: device rdmap163s0 is not supported (expected HCA interface: mlx5). Skipping...

/dvs/p4/build/sw/rel/gpgpu/toolkit/r13.0/main_nvshmem/src/host/transport/transport.cpp:nvshmemi_transport_init:282: init failed for transport: IBGDA
WARN: device rdmap162s0 is not supported (expected HCA interface: mlx5). Skipping...

WARN: device rdmap137s0 is not supported (expected HCA interface: mlx5). Skipping...

/dvs/p4/build/sw/rel/gpgpu/toolkit/r13.0/main_nvshmem/src/host/transport/transport.cpp:nvshmemi_transport_init:282: init failed for transport: IBGDA
WARN: device rdmap163s0 is not supported (expected HCA interface: mlx5). Skipping...

WARN: device rdmap161s0 is not supported (expected HCA interface: mlx5). Skipping...

WARN: device rdmap160s0 is not supported (expected HCA interface: mlx5). Skipping...

WARN: device rdmap137s0 is not supported (expected HCA interface: mlx5). Skipping...

/dvs/p4/build/sw/rel/gpgpu/toolkit/r13.0/main_nvshmem/src/host/transport/transport.cpp:nvshmemi_transport_init:282: init failed for transport: IBGDA
WARN: device rdmap163s0 is not supported (expected HCA interface: mlx5). Skipping...

WARN: device rdmap138s0 is not supported (expected HCA interface: mlx5). Skipping...

WARN: device rdmap162s0 is not supported (expected HCA interface: mlx5). Skipping...

WARN: device rdmap161s0 is not supported (expected HCA interface: mlx5). Skipping...

WARN: device rdmap138s0 is not supported (expected HCA interface: mlx5). Skipping...

WARN: device rdmap160s0 is not supported (expected HCA interface: mlx5). Skipping...

/dvs/p4/build/sw/rel/gpgpu/toolkit/r13.0/main_nvshmem/src/host/transport/transport.cpp:nvshmemi_transport_init:282: init failed for transport: IBGDA
WARN: device rdmap162s0 is not supported (expected HCA interface: mlx5). Skipping...

WARN: device rdmap163s0 is not supported (expected HCA interface: mlx5). Skipping...

WARN: device rdmap160s0 is not supported (expected HCA interface: mlx5). Skipping...

WARN: device rdmap161s0 is not supported (expected HCA interface: mlx5). Skipping...

WARN: device rdmap161s0 is not supported (expected HCA interface: mlx5). Skipping...

WARN: device rdmap163s0 is not supported (expected HCA interface: mlx5). Skipping...

/dvs/p4/build/sw/rel/gpgpu/toolkit/r13.0/main_nvshmem/src/host/transport/transport.cpp:nvshmemi_transport_init:282: init failed for transport: IBGDA
WARN: device rdmap162s0 is not supported (expected HCA interface: mlx5). Skipping...

WARN: device rdmap162s0 is not supported (expected HCA interface: mlx5). Skipping...

WARN: device rdmap163s0 is not supported (expected HCA interface: mlx5). Skipping...

/dvs/p4/build/sw/rel/gpgpu/toolkit/r13.0/main_nvshmem/src/host/transport/transport.cpp:nvshmemi_transport_init:282: init failed for transport: IBGDA
/dvs/p4/build/sw/rel/gpgpu/toolkit/r13.0/main_nvshmem/src/host/transport/transport.cpp:nvshmemi_transport_init:282: init failed for transport: IBGDA
WARN: device rdmap163s0 is not supported (expected HCA interface: mlx5). Skipping...

=== capacity=128 ranks=8 ===
  tokens=128   pair=   63.44 us (p50   62.85, rank-max   63.60) | disp   3180.0 KiB  comb   6144.0 KiB
              disp=   30.70 us  comb(sub)=   32.74 us
