NCCL version 2.31.1+cuda13.0
[WARN] DeepEP GIN signal budget reduced the number of channels per SM from 8 to 3
[WARN] DeepEP GIN signal budget reduced the number of channels per SM from 8 to 3
GIN auto-tuner: gin_context_cnt=17, gin_indexed_signals_cnt=13, num_qp=17, num_max_sms=55
GIN auto-tuner: gin_context_cnt=17, gin_indexed_signals_cnt=13, num_qp=17, num_max_sms=55
[WARN] DeepEP GIN signal budget reduced the number of channels per SM from 8 to 3
GIN auto-tuner: gin_context_cnt=17, gin_indexed_signals_cnt=13, num_qp=17, num_max_sms=55
[WARN] DeepEP GIN signal budget reduced the number of channels per SM from 8 to 3
GIN auto-tuner: gin_context_cnt=17, gin_indexed_signals_cnt=13, num_qp=17, num_max_sms=55
[WARN] DeepEP GIN signal budget reduced the number of channels per SM from 8 to 3
GIN auto-tuner: gin_context_cnt=17, gin_indexed_signals_cnt=13, num_qp=17, num_max_sms=55
[WARN] DeepEP GIN signal budget reduced the number of channels per SM from 8 to 3
GIN auto-tuner: gin_context_cnt=17, gin_indexed_signals_cnt=13, num_qp=17, num_max_sms=55
[WARN] DeepEP GIN signal budget reduced the number of channels per SM from 8 to 3
GIN auto-tuner: gin_context_cnt=17, gin_indexed_signals_cnt=13, num_qp=17, num_max_sms=55
[WARN] DeepEP GIN signal budget reduced the number of channels per SM from 8 to 3
GIN auto-tuner: gin_context_cnt=17, gin_indexed_signals_cnt=13, num_qp=17, num_max_sms=55
=== capacity=1024 ranks=8 num_sms=14 num_qps=17/17 ===
/usr/local/lib/python3.12/dist-packages/torch/distributed/c10d_logger.py:83: FutureWarning: `torch.distributed.all_gather_into_tensor` is deprecated. Please use `torch.distributed.all_gather_single` instead.
  return func(*args, **kwargs)
/usr/local/lib/python3.12/dist-packages/torch/distributed/c10d_logger.py:83: FutureWarning: `torch.distributed.all_gather_into_tensor` is deprecated. Please use `torch.distributed.all_gather_single` instead.
  return func(*args, **kwargs)
/usr/local/lib/python3.12/dist-packages/torch/distributed/c10d_logger.py:83: FutureWarning: `torch.distributed.all_gather_into_tensor` is deprecated. Please use `torch.distributed.all_gather_single` instead.
  return func(*args, **kwargs)
/usr/local/lib/python3.12/dist-packages/torch/distributed/c10d_logger.py:83: FutureWarning: `torch.distributed.all_gather_into_tensor` is deprecated. Please use `torch.distributed.all_gather_single` instead.
  return func(*args, **kwargs)
/usr/local/lib/python3.12/dist-packages/torch/distributed/c10d_logger.py:83: FutureWarning: `torch.distributed.all_gather_into_tensor` is deprecated. Please use `torch.distributed.all_gather_single` instead.
  return func(*args, **kwargs)
/usr/local/lib/python3.12/dist-packages/torch/distributed/c10d_logger.py:83: FutureWarning: `torch.distributed.all_gather_into_tensor` is deprecated. Please use `torch.distributed.all_gather_single` instead.
  return func(*args, **kwargs)
/usr/local/lib/python3.12/dist-packages/torch/distributed/c10d_logger.py:83: FutureWarning: `torch.distributed.all_gather_into_tensor` is deprecated. Please use `torch.distributed.all_gather_single` instead.
  return func(*args, **kwargs)
/usr/local/lib/python3.12/dist-packages/torch/distributed/c10d_logger.py:83: FutureWarning: `torch.distributed.all_gather_into_tensor` is deprecated. Please use `torch.distributed.all_gather_single` instead.
  return func(*args, **kwargs)
  tokens=4     pair=   97.24 us (p50   94.27, rank-max   98.45) | disp     99.4 KiB  comb    192.0 KiB
              disp=   66.02 us  comb(sub)=   31.21 us
  tokens=8     pair=   97.11 us (p50   94.11, rank-max   97.15) | disp    198.8 KiB  comb    384.0 KiB
              disp=   65.45 us  comb(sub)=   31.66 us
  tokens=16    pair=   95.97 us (p50   93.38, rank-max   96.76) | disp    397.5 KiB  comb    768.0 KiB
              disp=   66.37 us  comb(sub)=   29.60 us
  tokens=32    pair=   98.22 us (p50   95.58, rank-max   99.51) | disp    795.0 KiB  comb   1536.0 KiB
              disp=   66.46 us  comb(sub)=   31.76 us
  tokens=128   pair=  105.44 us (p50  102.18, rank-max  105.69) | disp   3180.0 KiB  comb   6144.0 KiB
              disp=   70.64 us  comb(sub)=   34.80 us
