NCCL version 2.31.1+cuda13.0
WARN: device rdmap85s0 is not supported (expected HCA interface: mlx5). Skipping...

WARN: device rdmap85s0 is not supported (expected HCA interface: mlx5). Skipping...

WARN: device rdmap85s0 is not supported (expected HCA interface: mlx5). Skipping...

WARN: device rdmap86s0 is not supported (expected HCA interface: mlx5). Skipping...

WARN: device rdmap85s0 is not supported (expected HCA interface: mlx5). Skipping...

WARN: WARN: device rdmap87s0 is not supported (expected HCA interface: mlx5). Skipping...

device rdmap86s0 is not supported (expected HCA interface: mlx5). Skipping...

WARN: device rdmap85s0 is not supported (expected HCA interface: mlx5). Skipping...

WARN: device rdmap86s0 is not supported (expected HCA interface: mlx5). Skipping...

WARN: device rdmap86s0 is not supported (expected HCA interface: mlx5). Skipping...

WARN: device rdmap87s0 is not supported (expected HCA interface: mlx5). Skipping...

WARN: device rdmap88s0 is not supported (expected HCA interface: mlx5). Skipping...

WARN: device rdmap86s0 is not supported (expected HCA interface: mlx5). Skipping...

WARN: device rdmap85s0 is not supported (expected HCA interface: mlx5). Skipping...

WARN: device rdmap87s0 is not supported (expected HCA interface: mlx5). Skipping...

WARN: device rdmap87s0 is not supported (expected HCA interface: mlx5). Skipping...

WARN: device rdmap110s0 is not supported (expected HCA interface: mlx5). Skipping...

WARN: device rdmap88s0 is not supported (expected HCA interface: mlx5). Skipping...

WARN: device rdmap86s0 is not supported (expected HCA interface: mlx5). Skipping...

WARN: device rdmap87s0 is not supported (expected HCA interface: mlx5). Skipping...

WARN: device rdmap88s0 is not supported (expected HCA interface: mlx5). Skipping...

WARN: device rdmap111s0 is not supported (expected HCA interface: mlx5). Skipping...

WARN: device rdmap110s0 is not supported (expected HCA interface: mlx5). Skipping...

WARN: device rdmap88s0 is not supported (expected HCA interface: mlx5). Skipping...

WARN: device rdmap85s0 is not supported (expected HCA interface: mlx5). Skipping...

WARN: device rdmap87s0 is not supported (expected HCA interface: mlx5). Skipping...

WARN: device rdmap110s0 is not supported (expected HCA interface: mlx5). Skipping...

WARN: WARN: device rdmap112s0 is not supported (expected HCA interface: mlx5). Skipping...
device rdmap85s0 is not supported (expected HCA interface: mlx5). Skipping...


WARN: device rdmap111s0 is not supported (expected HCA interface: mlx5). Skipping...

WARN: device rdmap86s0 is not supported (expected HCA interface: mlx5). Skipping...

WARN: device rdmap110s0 is not supported (expected HCA interface: mlx5). Skipping...

WARN: device rdmap88s0 is not supported (expected HCA interface: mlx5). Skipping...

WARN: device rdmap88s0 is not supported (expected HCA interface: mlx5). Skipping...

WARN: device rdmap111s0 is not supported (expected HCA interface: mlx5). Skipping...

WARN: device rdmap86s0 is not supported (expected HCA interface: mlx5). Skipping...

WARN: device rdmap112s0 is not supported (expected HCA interface: mlx5). Skipping...

WARN: device rdmap113s0 is not supported (expected HCA interface: mlx5). Skipping...

WARN: device rdmap111s0 is not supported (expected HCA interface: mlx5). Skipping...

WARN: WARN: device rdmap110s0 is not supported (expected HCA interface: mlx5). Skipping...
device rdmap87s0 is not supported (expected HCA interface: mlx5). Skipping...


WARN: device rdmap110s0 is not supported (expected HCA interface: mlx5). Skipping...

WARN: device rdmap112s0 is not supported (expected HCA interface: mlx5). Skipping...

WARN: device rdmap135s0 is not supported (expected HCA interface: mlx5). Skipping...

WARN: device rdmap87s0 is not supported (expected HCA interface: mlx5). Skipping...

WARN: device rdmap113s0 is not supported (expected HCA interface: mlx5). Skipping...

WARN: device rdmap112s0 is not supported (expected HCA interface: mlx5). Skipping...

WARN: device rdmap111s0 is not supported (expected HCA interface: mlx5). Skipping...

WARN: device rdmap88s0 is not supported (expected HCA interface: mlx5). Skipping...

WARN: device rdmap111s0 is not supported (expected HCA interface: mlx5). Skipping...

WARN: device rdmap113s0 is not supported (expected HCA interface: mlx5). Skipping...

WARN: device rdmap136s0 is not supported (expected HCA interface: mlx5). Skipping...

WARN: device rdmap135s0 is not supported (expected HCA interface: mlx5). Skipping...

WARN: device rdmap88s0 is not supported (expected HCA interface: mlx5). Skipping...

WARN: device rdmap113s0 is not supported (expected HCA interface: mlx5). Skipping...

WARN: device rdmap112s0 is not supported (expected HCA interface: mlx5). Skipping...

WARN: device rdmap110s0 is not supported (expected HCA interface: mlx5). Skipping...

WARN: device rdmap112s0 is not supported (expected HCA interface: mlx5). Skipping...

WARN: device rdmap135s0 is not supported (expected HCA interface: mlx5). Skipping...

WARN: device rdmap136s0 is not supported (expected HCA interface: mlx5). Skipping...

WARN: device rdmap137s0 is not supported (expected HCA interface: mlx5). Skipping...

WARN: WARN: device rdmap110s0 is not supported (expected HCA interface: mlx5). Skipping...
device rdmap135s0 is not supported (expected HCA interface: mlx5). Skipping...


WARN: device rdmap113s0 is not supported (expected HCA interface: mlx5). Skipping...

WARN: device rdmap111s0 is not supported (expected HCA interface: mlx5). Skipping...

WARN: device rdmap113s0 is not supported (expected HCA interface: mlx5). Skipping...

WARN: device rdmap136s0 is not supported (expected HCA interface: mlx5). Skipping...

WARN: device rdmap111s0 is not supported (expected HCA interface: mlx5). Skipping...

WARN: device rdmap138s0 is not supported (expected HCA interface: mlx5). Skipping...

WARN: device rdmap136s0 is not supported (expected HCA interface: mlx5). Skipping...

WARN: device rdmap137s0 is not supported (expected HCA interface: mlx5). Skipping...
WARN: 
device rdmap135s0 is not supported (expected HCA interface: mlx5). Skipping...

WARN: device rdmap112s0 is not supported (expected HCA interface: mlx5). Skipping...

WARN: device rdmap135s0 is not supported (expected HCA interface: mlx5). Skipping...

WARN: device rdmap137s0 is not supported (expected HCA interface: mlx5). Skipping...

WARN: device rdmap112s0 is not supported (expected HCA interface: mlx5). Skipping...

WARN: device rdmap160s0 is not supported (expected HCA interface: mlx5). Skipping...

WARN: device rdmap138s0 is not supported (expected HCA interface: mlx5). Skipping...

WARN: device rdmap136s0 is not supported (expected HCA interface: mlx5). Skipping...

WARN: device rdmap137s0 is not supported (expected HCA interface: mlx5). Skipping...

WARN: device rdmap113s0 is not supported (expected HCA interface: mlx5). Skipping...

WARN: device rdmap136s0 is not supported (expected HCA interface: mlx5). Skipping...

WARN: device rdmap138s0 is not supported (expected HCA interface: mlx5). Skipping...

WARN: device rdmap113s0 is not supported (expected HCA interface: mlx5). Skipping...

WARN: WARN: device rdmap160s0 is not supported (expected HCA interface: mlx5). Skipping...
device rdmap135s0 is not supported (expected HCA interface: mlx5). Skipping...


WARN: device rdmap138s0 is not supported (expected HCA interface: mlx5). Skipping...

WARN: device rdmap161s0 is not supported (expected HCA interface: mlx5). Skipping...

WARN: device rdmap137s0 is not supported (expected HCA interface: mlx5). Skipping...

WARN: device rdmap137s0 is not supported (expected HCA interface: mlx5). Skipping...

WARN: device rdmap135s0 is not supported (expected HCA interface: mlx5). Skipping...

WARN: device rdmap160s0 is not supported (expected HCA interface: mlx5). Skipping...

WARN: device rdmap162s0 is not supported (expected HCA interface: mlx5). Skipping...

WARN: device rdmap136s0 is not supported (expected HCA interface: mlx5). Skipping...

WARN: WARN: device rdmap138s0 is not supported (expected HCA interface: mlx5). Skipping...
device rdmap160s0 is not supported (expected HCA interface: mlx5). Skipping...


WARN: device rdmap161s0 is not supported (expected HCA interface: mlx5). Skipping...

WARN: device rdmap138s0 is not supported (expected HCA interface: mlx5). Skipping...

WARN: device rdmap136s0 is not supported (expected HCA interface: mlx5). Skipping...

WARN: device rdmap137s0 is not supported (expected HCA interface: mlx5). Skipping...

WARN: device rdmap161s0 is not supported (expected HCA interface: mlx5). Skipping...

WARN: device rdmap162s0 is not supported (expected HCA interface: mlx5). Skipping...

WARN: device rdmap163s0 is not supported (expected HCA interface: mlx5). Skipping...

/dvs/p4/build/sw/rel/gpgpu/toolkit/r13.0/main_nvshmem/src/host/transport/transport.cpp:nvshmemi_transport_init:282: init failed for transport: IBGDA
WARN: device rdmap160s0 is not supported (expected HCA interface: mlx5). Skipping...

WARN: device rdmap161s0 is not supported (expected HCA interface: mlx5). Skipping...

WARN: device rdmap160s0 is not supported (expected HCA interface: mlx5). Skipping...

WARN: device rdmap137s0 is not supported (expected HCA interface: mlx5). Skipping...

WARN: device rdmap162s0 is not supported (expected HCA interface: mlx5). Skipping...

WARN: device rdmap138s0 is not supported (expected HCA interface: mlx5). Skipping...

WARN: device rdmap162s0 is not supported (expected HCA interface: mlx5). Skipping...

WARN: device rdmap163s0 is not supported (expected HCA interface: mlx5). Skipping...

/dvs/p4/build/sw/rel/gpgpu/toolkit/r13.0/main_nvshmem/src/host/transport/transport.cpp:nvshmemi_transport_init:282: init failed for transport: IBGDA
WARN: device rdmap161s0 is not supported (expected HCA interface: mlx5). Skipping...

WARN: device rdmap161s0 is not supported (expected HCA interface: mlx5). Skipping...

WARN: device rdmap138s0 is not supported (expected HCA interface: mlx5). Skipping...

/dvs/p4/build/sw/rel/gpgpu/toolkit/r13.0/main_nvshmem/src/host/transport/transport.cpp:nvshmemi_transport_init:282: init failed for transport: IBGDA
WARN: device rdmap163s0 is not supported (expected HCA interface: mlx5). Skipping...

WARN: device rdmap160s0 is not supported (expected HCA interface: mlx5). Skipping...

WARN: device rdmap162s0 is not supported (expected HCA interface: mlx5). Skipping...

WARN: device rdmap163s0 is not supported (expected HCA interface: mlx5). Skipping...

/dvs/p4/build/sw/rel/gpgpu/toolkit/r13.0/main_nvshmem/src/host/transport/transport.cpp:nvshmemi_transport_init:282: init failed for transport: IBGDA
WARN: device rdmap162s0 is not supported (expected HCA interface: mlx5). Skipping...

WARN: device rdmap160s0 is not supported (expected HCA interface: mlx5). Skipping...

WARN: device rdmap161s0 is not supported (expected HCA interface: mlx5). Skipping...

/dvs/p4/build/sw/rel/gpgpu/toolkit/r13.0/main_nvshmem/src/host/transport/transport.cpp:nvshmemi_transport_init:282: init failed for transport: IBGDA
WARN: device rdmap163s0 is not supported (expected HCA interface: mlx5). Skipping...

WARN: device rdmap163s0 is not supported (expected HCA interface: mlx5). Skipping...

/dvs/p4/build/sw/rel/gpgpu/toolkit/r13.0/main_nvshmem/src/host/transport/transport.cpp:nvshmemi_transport_init:282: init failed for transport: IBGDA
WARN: device rdmap161s0 is not supported (expected HCA interface: mlx5). Skipping...

WARN: device rdmap162s0 is not supported (expected HCA interface: mlx5). Skipping...

WARN: device rdmap162s0 is not supported (expected HCA interface: mlx5). Skipping...

/dvs/p4/build/sw/rel/gpgpu/toolkit/r13.0/main_nvshmem/src/host/transport/transport.cpp:nvshmemi_transport_init:282: init failed for transport: IBGDA
WARN: device rdmap163s0 is not supported (expected HCA interface: mlx5). Skipping...

/dvs/p4/build/sw/rel/gpgpu/toolkit/r13.0/main_nvshmem/src/host/transport/transport.cpp:nvshmemi_transport_init:282: init failed for transport: IBGDA
WARN: device rdmap163s0 is not supported (expected HCA interface: mlx5). Skipping...

/dvs/p4/build/sw/rel/gpgpu/toolkit/r13.0/main_nvshmem/src/host/topo/topo.cpp:469: [GPU 4] Peer GPU 8 is not accessible, exiting ... 
/dvs/p4/build/sw/rel/gpgpu/toolkit/r13.0/main_nvshmem/src/host/init/init.cu:1037: non-zero status: 3 building transport map failed 

/dvs/p4/build/sw/rel/gpgpu/toolkit/r13.0/main_nvshmem/src/host/team/team.cu:nvshmem_team_split_strided:63: NVSHMEM API called before NVSHMEM initialization has completed

/dvs/p4/build/sw/rel/gpgpu/toolkit/r13.0/main_nvshmem/src/host/topo/topo.cpp:469: [GPU 2] Peer GPU 8 is not accessible, exiting ... 
/dvs/p4/build/sw/rel/gpgpu/toolkit/r13.0/main_nvshmem/src/host/init/init.cu:1037: non-zero status: 3 building transport map failed 

/dvs/p4/build/sw/rel/gpgpu/toolkit/r13.0/main_nvshmem/src/host/team/team.cu:nvshmem_team_split_strided:63: NVSHMEM API called before NVSHMEM initialization has completed

/dvs/p4/build/sw/rel/gpgpu/toolkit/r13.0/main_nvshmem/src/host/topo/topo.cpp:469: [GPU 6] Peer GPU 8 is not accessible, exiting ... 
/dvs/p4/build/sw/rel/gpgpu/toolkit/r13.0/main_nvshmem/src/host/init/init.cu:1037: non-zero status: 3 building transport map failed 

/dvs/p4/build/sw/rel/gpgpu/toolkit/r13.0/main_nvshmem/src/host/team/team.cu:nvshmem_team_split_strided:63: NVSHMEM API called before NVSHMEM initialization has completed

/dvs/p4/build/sw/rel/gpgpu/toolkit/r13.0/main_nvshmem/src/host/topo/topo.cpp:469: [GPU 0] Peer GPU 8 is not accessible, exiting ... 
/dvs/p4/build/sw/rel/gpgpu/toolkit/r13.0/main_nvshmem/src/host/init/init.cu:1037: non-zero status: 3 building transport map failed 

/dvs/p4/build/sw/rel/gpgpu/toolkit/r13.0/main_nvshmem/src/host/team/team.cu:nvshmem_team_split_strided:63: NVSHMEM API called before NVSHMEM initialization has completed

/dvs/p4/build/sw/rel/gpgpu/toolkit/r13.0/main_nvshmem/src/host/topo/topo.cpp:469: [GPU 5] Peer GPU 8 is not accessible, exiting ... 
/dvs/p4/build/sw/rel/gpgpu/toolkit/r13.0/main_nvshmem/src/host/init/init.cu:1037: non-zero status: 3 building transport map failed 

/dvs/p4/build/sw/rel/gpgpu/toolkit/r13.0/main_nvshmem/src/host/team/team.cu:nvshmem_team_split_strided:63: NVSHMEM API called before NVSHMEM initialization has completed

/dvs/p4/build/sw/rel/gpgpu/toolkit/r13.0/main_nvshmem/src/host/topo/topo.cpp:469: [GPU 7] Peer GPU 8 is not accessible, exiting ... 
/dvs/p4/build/sw/rel/gpgpu/toolkit/r13.0/main_nvshmem/src/host/init/init.cu:1037: non-zero status: 3 building transport map failed 

/dvs/p4/build/sw/rel/gpgpu/toolkit/r13.0/main_nvshmem/src/host/team/team.cu:nvshmem_team_split_strided:63: NVSHMEM API called before NVSHMEM initialization has completed

/dvs/p4/build/sw/rel/gpgpu/toolkit/r13.0/main_nvshmem/src/host/topo/topo.cpp:469: [GPU 3] Peer GPU 8 is not accessible, exiting ... 
/dvs/p4/build/sw/rel/gpgpu/toolkit/r13.0/main_nvshmem/src/host/init/init.cu:1037: non-zero status: 3 building transport map failed 

/dvs/p4/build/sw/rel/gpgpu/toolkit/r13.0/main_nvshmem/src/host/team/team.cu:nvshmem_team_split_strided:63: NVSHMEM API called before NVSHMEM initialization has completed

/dvs/p4/build/sw/rel/gpgpu/toolkit/r13.0/main_nvshmem/src/host/topo/topo.cpp:469: [GPU 1] Peer GPU 8 is not accessible, exiting ... 
/dvs/p4/build/sw/rel/gpgpu/toolkit/r13.0/main_nvshmem/src/host/init/init.cu:1037: non-zero status: 3 building transport map failed 

/dvs/p4/build/sw/rel/gpgpu/toolkit/r13.0/main_nvshmem/src/host/team/team.cu:nvshmem_team_split_strided:63: NVSHMEM API called before NVSHMEM initialization has completed

Traceback (most recent call last):
  File "/bench/bench_a2a_ll.py", line 487, in <module>
    torch.multiprocessing.spawn(run, args=(args.num_processes, args), nprocs=args.num_processes)
  File "/usr/local/lib/python3.12/dist-packages/torch/multiprocessing/spawn.py", line 340, in spawn
    return start_processes(fn, args, nprocs, join, daemon, start_method="spawn")
           ^^^^^^^^^^^^^^^^^^^^^^^^^^^^^^^^^^^^^^^^^^^^^^^^^^^^^^^^^^^^^^^^^^^^^
  File "/usr/local/lib/python3.12/dist-packages/torch/multiprocessing/spawn.py", line 296, in start_processes
    while not context.join():
              ^^^^^^^^^^^^^^
  File "/usr/local/lib/python3.12/dist-packages/torch/multiprocessing/spawn.py", line 200, in join
    raise ProcessExitedException(
torch.multiprocessing.spawn.ProcessExitedException: process 5 terminated with exit code 255
