NCCL version 2.31.1+cuda13.0
WARN: device rdmap85s0 is not supported (expected HCA interface: mlx5). Skipping...

WARN: device rdmap86s0 is not supported (expected HCA interface: mlx5). Skipping...

WARN: device rdmap85s0 is not supported (expected HCA interface: mlx5). Skipping...

WARN: device rdmap85s0 is not supported (expected HCA interface: mlx5). Skipping...

WARN: device rdmap87s0 is not supported (expected HCA interface: mlx5). Skipping...

WARN: device rdmap85s0 is not supported (expected HCA interface: mlx5). Skipping...

WARN: device rdmap86s0 is not supported (expected HCA interface: mlx5). Skipping...

WARN: device rdmap88s0 is not supported (expected HCA interface: mlx5). Skipping...

WARN: device rdmap86s0 is not supported (expected HCA interface: mlx5). Skipping...

WARN: device rdmap85s0 is not supported (expected HCA interface: mlx5). Skipping...

WARN: device rdmap86s0 is not supported (expected HCA interface: mlx5). Skipping...

WARN: device rdmap87s0 is not supported (expected HCA interface: mlx5). Skipping...

WARN: device rdmap110s0 is not supported (expected HCA interface: mlx5). Skipping...

WARN: device rdmap85s0 is not supported (expected HCA interface: mlx5). Skipping...

WARN: device rdmap86s0 is not supported (expected HCA interface: mlx5). Skipping...

WARN: device rdmap85s0 is not supported (expected HCA interface: mlx5). Skipping...

WARN: device rdmap87s0 is not supported (expected HCA interface: mlx5). Skipping...

WARN: device rdmap88s0 is not supported (expected HCA interface: mlx5). Skipping...

WARN: device rdmap85s0 is not supported (expected HCA interface: mlx5). Skipping...

WARN: device rdmap87s0 is not supported (expected HCA interface: mlx5). Skipping...

WARN: device rdmap111s0 is not supported (expected HCA interface: mlx5). Skipping...

WARN: device rdmap88s0 is not supported (expected HCA interface: mlx5). Skipping...

WARN: device rdmap87s0 is not supported (expected HCA interface: mlx5). Skipping...

WARN: device rdmap86s0 is not supported (expected HCA interface: mlx5). Skipping...

WARN: device rdmap88s0 is not supported (expected HCA interface: mlx5). Skipping...

WARN: device rdmap110s0 is not supported (expected HCA interface: mlx5). Skipping...

WARN: device rdmap86s0 is not supported (expected HCA interface: mlx5). Skipping...

WARN: device rdmap112s0 is not supported (expected HCA interface: mlx5). Skipping...

WARN: device rdmap86s0 is not supported (expected HCA interface: mlx5). Skipping...

WARN: device rdmap88s0 is not supported (expected HCA interface: mlx5). Skipping...

WARN: device rdmap110s0 is not supported (expected HCA interface: mlx5). Skipping...

WARN: device rdmap87s0 is not supported (expected HCA interface: mlx5). Skipping...

WARN: device rdmap110s0 is not supported (expected HCA interface: mlx5). Skipping...

WARN: device rdmap111s0 is not supported (expected HCA interface: mlx5). Skipping...

WARN: device rdmap113s0 is not supported (expected HCA interface: mlx5). Skipping...

WARN: device rdmap87s0 is not supported (expected HCA interface: mlx5). Skipping...

WARN: device rdmap87s0 is not supported (expected HCA interface: mlx5). Skipping...

WARN: device rdmap88s0 is not supported (expected HCA interface: mlx5). Skipping...

WARN: device rdmap110s0 is not supported (expected HCA interface: mlx5). Skipping...

WARN: device rdmap111s0 is not supported (expected HCA interface: mlx5). Skipping...

WARN: device rdmap112s0 is not supported (expected HCA interface: mlx5). Skipping...

WARN: device rdmap111s0 is not supported (expected HCA interface: mlx5). Skipping...

WARN: device rdmap135s0 is not supported (expected HCA interface: mlx5). Skipping...

WARN: device rdmap88s0 is not supported (expected HCA interface: mlx5). Skipping...

WARN: device rdmap88s0 is not supported (expected HCA interface: mlx5). Skipping...

WARN: device rdmap110s0 is not supported (expected HCA interface: mlx5). Skipping...

WARN: device rdmap112s0 is not supported (expected HCA interface: mlx5). Skipping...

WARN: device rdmap111s0 is not supported (expected HCA interface: mlx5). Skipping...

WARN: device rdmap136s0 is not supported (expected HCA interface: mlx5). Skipping...

WARN: device rdmap113s0 is not supported (expected HCA interface: mlx5). Skipping...

WARN: device rdmap112s0 is not supported (expected HCA interface: mlx5). Skipping...

WARN: device rdmap110s0 is not supported (expected HCA interface: mlx5). Skipping...

WARN: device rdmap111s0 is not supported (expected HCA interface: mlx5). Skipping...

WARN: device rdmap110s0 is not supported (expected HCA interface: mlx5). Skipping...

WARN: device rdmap112s0 is not supported (expected HCA interface: mlx5). Skipping...
WARN: 
device rdmap113s0 is not supported (expected HCA interface: mlx5). Skipping...

WARN: device rdmap135s0 is not supported (expected HCA interface: mlx5). Skipping...

WARN: device rdmap137s0 is not supported (expected HCA interface: mlx5). Skipping...

WARN: device rdmap113s0 is not supported (expected HCA interface: mlx5). Skipping...

WARN: device rdmap111s0 is not supported (expected HCA interface: mlx5). Skipping...

WARN: device rdmap112s0 is not supported (expected HCA interface: mlx5). Skipping...

WARN: device rdmap111s0 is not supported (expected HCA interface: mlx5). Skipping...

WARN: device rdmap136s0 is not supported (expected HCA interface: mlx5). Skipping...

WARN: device rdmap113s0 is not supported (expected HCA interface: mlx5). Skipping...

WARN: device rdmap135s0 is not supported (expected HCA interface: mlx5). Skipping...

WARN: device rdmap138s0 is not supported (expected HCA interface: mlx5). Skipping...

WARN: device rdmap135s0 is not supported (expected HCA interface: mlx5). Skipping...

WARN: device rdmap112s0 is not supported (expected HCA interface: mlx5). Skipping...

WARN: device rdmap113s0 is not supported (expected HCA interface: mlx5). Skipping...

WARN: device rdmap112s0 is not supported (expected HCA interface: mlx5). Skipping...

WARN: WARN: device rdmap137s0 is not supported (expected HCA interface: mlx5). Skipping...
device rdmap136s0 is not supported (expected HCA interface: mlx5). Skipping...


WARN: device rdmap160s0 is not supported (expected HCA interface: mlx5). Skipping...

WARN: device rdmap135s0 is not supported (expected HCA interface: mlx5). Skipping...

WARN: device rdmap136s0 is not supported (expected HCA interface: mlx5). Skipping...

WARN: device rdmap113s0 is not supported (expected HCA interface: mlx5). Skipping...

WARN: device rdmap113s0 is not supported (expected HCA interface: mlx5). Skipping...

WARN: device rdmap135s0 is not supported (expected HCA interface: mlx5). Skipping...

WARN: device rdmap138s0 is not supported (expected HCA interface: mlx5). Skipping...

WARN: device rdmap137s0 is not supported (expected HCA interface: mlx5). Skipping...

WARN: device rdmap136s0 is not supported (expected HCA interface: mlx5). Skipping...

WARN: device rdmap161s0 is not supported (expected HCA interface: mlx5). Skipping...

WARN: device rdmap137s0 is not supported (expected HCA interface: mlx5). Skipping...

WARN: device rdmap135s0 is not supported (expected HCA interface: mlx5). Skipping...

WARN: device rdmap136s0 is not supported (expected HCA interface: mlx5). Skipping...

WARN: device rdmap160s0 is not supported (expected HCA interface: mlx5). Skipping...

WARN: device rdmap135s0 is not supported (expected HCA interface: mlx5). Skipping...

WARN: device rdmap138s0 is not supported (expected HCA interface: mlx5). Skipping...

WARN: device rdmap137s0 is not supported (expected HCA interface: mlx5). Skipping...

WARN: device rdmap162s0 is not supported (expected HCA interface: mlx5). Skipping...

WARN: device rdmap138s0 is not supported (expected HCA interface: mlx5). Skipping...

WARN: device rdmap136s0 is not supported (expected HCA interface: mlx5). Skipping...

WARN: device rdmap137s0 is not supported (expected HCA interface: mlx5). Skipping...

WARN: device rdmap136s0 is not supported (expected HCA interface: mlx5). Skipping...

WARN: device rdmap160s0 is not supported (expected HCA interface: mlx5). Skipping...

WARN: device rdmap161s0 is not supported (expected HCA interface: mlx5). Skipping...

WARN: device rdmap138s0 is not supported (expected HCA interface: mlx5). Skipping...

WARN: device rdmap163s0 is not supported (expected HCA interface: mlx5). Skipping...

WARN: device rdmap160s0 is not supported (expected HCA interface: mlx5). Skipping...

/dvs/p4/build/sw/rel/gpgpu/toolkit/r13.0/main_nvshmem/src/host/transport/transport.cpp:nvshmemi_transport_init:282: init failed for transport: IBGDA
WARN: device rdmap137s0 is not supported (expected HCA interface: mlx5). Skipping...

WARN: device rdmap138s0 is not supported (expected HCA interface: mlx5). Skipping...

WARN: device rdmap162s0 is not supported (expected HCA interface: mlx5). Skipping...

WARN: device rdmap137s0 is not supported (expected HCA interface: mlx5). Skipping...

WARN: device rdmap161s0 is not supported (expected HCA interface: mlx5). Skipping...

WARN: device rdmap160s0 is not supported (expected HCA interface: mlx5). Skipping...

WARN: device rdmap161s0 is not supported (expected HCA interface: mlx5). Skipping...

WARN: device rdmap138s0 is not supported (expected HCA interface: mlx5). Skipping...

WARN: device rdmap163s0 is not supported (expected HCA interface: mlx5). Skipping...

WARN: device rdmap138s0 is not supported (expected HCA interface: mlx5). Skipping...
WARN: 
device rdmap162s0 is not supported (expected HCA interface: mlx5). Skipping...

WARN: device rdmap160s0 is not supported (expected HCA interface: mlx5). Skipping...

/dvs/p4/build/sw/rel/gpgpu/toolkit/r13.0/main_nvshmem/src/host/transport/transport.cpp:nvshmemi_transport_init:282: init failed for transport: IBGDA
WARN: device rdmap162s0 is not supported (expected HCA interface: mlx5). Skipping...

WARN: device rdmap161s0 is not supported (expected HCA interface: mlx5). Skipping...

WARN: device rdmap160s0 is not supported (expected HCA interface: mlx5). Skipping...

WARN: device rdmap163s0 is not supported (expected HCA interface: mlx5). Skipping...

WARN: device rdmap160s0 is not supported (expected HCA interface: mlx5). Skipping...

WARN: device rdmap161s0 is not supported (expected HCA interface: mlx5). Skipping...

/dvs/p4/build/sw/rel/gpgpu/toolkit/r13.0/main_nvshmem/src/host/transport/transport.cpp:nvshmemi_transport_init:282: init failed for transport: IBGDA
WARN: device rdmap163s0 is not supported (expected HCA interface: mlx5). Skipping...

WARN: device rdmap162s0 is not supported (expected HCA interface: mlx5). Skipping...

/dvs/p4/build/sw/rel/gpgpu/toolkit/r13.0/main_nvshmem/src/host/transport/transport.cpp:nvshmemi_transport_init:282: init failed for transport: IBGDA
WARN: device rdmap161s0 is not supported (expected HCA interface: mlx5). Skipping...

WARN: device rdmap162s0 is not supported (expected HCA interface: mlx5). Skipping...

WARN: device rdmap161s0 is not supported (expected HCA interface: mlx5). Skipping...

WARN: device rdmap163s0 is not supported (expected HCA interface: mlx5). Skipping...

/dvs/p4/build/sw/rel/gpgpu/toolkit/r13.0/main_nvshmem/src/host/transport/transport.cpp:nvshmemi_transport_init:282: init failed for transport: IBGDA
WARN: device rdmap162s0 is not supported (expected HCA interface: mlx5). Skipping...

/dvs/p4/build/sw/rel/gpgpu/toolkit/r13.0/main_nvshmem/src/host/transport/transport.cpp:nvshmemi_transport_init:282: init failed for transport: IBGDA
WARN: device rdmap163s0 is not supported (expected HCA interface: mlx5). Skipping...

WARN: device rdmap162s0 is not supported (expected HCA interface: mlx5). Skipping...

WARN: device rdmap163s0 is not supported (expected HCA interface: mlx5). Skipping...

/dvs/p4/build/sw/rel/gpgpu/toolkit/r13.0/main_nvshmem/src/host/transport/transport.cpp:nvshmemi_transport_init:282: init failed for transport: IBGDA
/dvs/p4/build/sw/rel/gpgpu/toolkit/r13.0/main_nvshmem/src/host/transport/transport.cpp:nvshmemi_transport_init:282: init failed for transport: IBGDA
WARN: device rdmap163s0 is not supported (expected HCA interface: mlx5). Skipping...

NCCL version 2.31.1+cuda13.0
NCCL version 2.31.1+cuda13.0
NCCL version 2.31.1+cuda13.0
NCCL version 2.31.1+cuda13.0
NCCL version 2.31.1+cuda13.0
NCCL version 2.31.1+cuda13.0
NCCL version 2.31.1+cuda13.0
=== capacity=1024 ranks=8 ===
/usr/local/lib/python3.12/dist-packages/torch/distributed/c10d_logger.py:83: FutureWarning: `torch.distributed.all_gather_into_tensor` is deprecated. Please use `torch.distributed.all_gather_single` instead.
  return func(*args, **kwargs)
/usr/local/lib/python3.12/dist-packages/torch/distributed/c10d_logger.py:83: FutureWarning: `torch.distributed.all_gather_into_tensor` is deprecated. Please use `torch.distributed.all_gather_single` instead.
  return func(*args, **kwargs)
/usr/local/lib/python3.12/dist-packages/torch/distributed/c10d_logger.py:83: FutureWarning: `torch.distributed.all_gather_into_tensor` is deprecated. Please use `torch.distributed.all_gather_single` instead.
  return func(*args, **kwargs)
/usr/local/lib/python3.12/dist-packages/torch/distributed/c10d_logger.py:83: FutureWarning: `torch.distributed.all_gather_into_tensor` is deprecated. Please use `torch.distributed.all_gather_single` instead.
  return func(*args, **kwargs)
/usr/local/lib/python3.12/dist-packages/torch/distributed/c10d_logger.py:83: FutureWarning: `torch.distributed.all_gather_into_tensor` is deprecated. Please use `torch.distributed.all_gather_single` instead.
  return func(*args, **kwargs)
/usr/local/lib/python3.12/dist-packages/torch/distributed/c10d_logger.py:83: FutureWarning: `torch.distributed.all_gather_into_tensor` is deprecated. Please use `torch.distributed.all_gather_single` instead.
  return func(*args, **kwargs)
/usr/local/lib/python3.12/dist-packages/torch/distributed/c10d_logger.py:83: FutureWarning: `torch.distributed.all_gather_into_tensor` is deprecated. Please use `torch.distributed.all_gather_single` instead.
  return func(*args, **kwargs)
/usr/local/lib/python3.12/dist-packages/torch/distributed/c10d_logger.py:83: FutureWarning: `torch.distributed.all_gather_into_tensor` is deprecated. Please use `torch.distributed.all_gather_single` instead.
  return func(*args, **kwargs)
  tokens=4     pair=   41.42 us (p50   39.90, rank-max   41.53) | disp    231.5 KiB  comb    448.0 KiB
              disp=   29.73 us  comb(sub)=   11.69 us
  tokens=8     pair=   41.87 us (p50   40.26, rank-max   41.99) | disp    463.0 KiB  comb    896.0 KiB
              disp=   30.83 us  comb(sub)=   11.04 us
  tokens=16    pair=   42.66 us (p50   41.70, rank-max   42.79) | disp    926.0 KiB  comb   1792.0 KiB
              disp=   30.37 us  comb(sub)=   12.29 us
  tokens=32    pair=   50.90 us (p50   50.27, rank-max   51.00) | disp   1852.0 KiB  comb   3584.0 KiB
              disp=   29.95 us  comb(sub)=   20.95 us
  tokens=128   pair=  110.42 us (p50  110.34, rank-max  110.54) | disp   7408.0 KiB  comb  14336.0 KiB
              disp=   42.92 us  comb(sub)=   67.50 us
