NCCL version 2.31.1+cuda13.0
[WARN] DeepEP GIN signal budget reduced the number of channels per SM from 8 to 3
[WARN] DeepEP GIN signal budget reduced the number of channels per SM from 8 to 3
GIN auto-tuner: gin_context_cnt=17, gin_indexed_signals_cnt=13, num_qp=17, num_max_sms=55
[WARN] DeepEP GIN signal budget reduced the number of channels per SM from 8 to 3
GIN auto-tuner: gin_context_cnt=17, gin_indexed_signals_cnt=13, num_qp=17, num_max_sms=55
[WARN] DeepEP GIN signal budget reduced the number of channels per SM from 8 to 3
GIN auto-tuner: gin_context_cnt=17, gin_indexed_signals_cnt=13, num_qp=17, num_max_sms=55
GIN auto-tuner: gin_context_cnt=17, gin_indexed_signals_cnt=13, num_qp=17, num_max_sms=55
[WARN] DeepEP GIN signal budget reduced the number of channels per SM from 8 to 3
GIN auto-tuner: gin_context_cnt=17, gin_indexed_signals_cnt=13, num_qp=17, num_max_sms=55
[WARN] DeepEP GIN signal budget reduced the number of channels per SM from 8 to 3
GIN auto-tuner: gin_context_cnt=17, gin_indexed_signals_cnt=13, num_qp=17, num_max_sms=55
[WARN] DeepEP GIN signal budget reduced the number of channels per SM from 8 to 3
GIN auto-tuner: gin_context_cnt=17, gin_indexed_signals_cnt=13, num_qp=17, num_max_sms=55
[WARN] DeepEP GIN signal budget reduced the number of channels per SM from 8 to 3
GIN auto-tuner: gin_context_cnt=17, gin_indexed_signals_cnt=13, num_qp=17, num_max_sms=55
=== capacity=4 ranks=16 num_sms=6 num_qps=17/17 ===
/usr/local/lib/python3.12/dist-packages/torch/distributed/c10d_logger.py:83: FutureWarning: `torch.distributed.all_gather_into_tensor` is deprecated. Please use `torch.distributed.all_gather_single` instead.
  return func(*args, **kwargs)
/usr/local/lib/python3.12/dist-packages/torch/distributed/c10d_logger.py:83: FutureWarning: `torch.distributed.all_gather_into_tensor` is deprecated. Please use `torch.distributed.all_gather_single` instead.
  return func(*args, **kwargs)
/usr/local/lib/python3.12/dist-packages/torch/distributed/c10d_logger.py:83: FutureWarning: `torch.distributed.all_gather_into_tensor` is deprecated. Please use `torch.distributed.all_gather_single` instead.
  return func(*args, **kwargs)
/usr/local/lib/python3.12/dist-packages/torch/distributed/c10d_logger.py:83: FutureWarning: `torch.distributed.all_gather_into_tensor` is deprecated. Please use `torch.distributed.all_gather_single` instead.
  return func(*args, **kwargs)
/usr/local/lib/python3.12/dist-packages/torch/distributed/c10d_logger.py:83: FutureWarning: `torch.distributed.all_gather_into_tensor` is deprecated. Please use `torch.distributed.all_gather_single` instead.
  return func(*args, **kwargs)
/usr/local/lib/python3.12/dist-packages/torch/distributed/c10d_logger.py:83: FutureWarning: `torch.distributed.all_gather_into_tensor` is deprecated. Please use `torch.distributed.all_gather_single` instead.
  return func(*args, **kwargs)
/usr/local/lib/python3.12/dist-packages/torch/distributed/c10d_logger.py:83: FutureWarning: `torch.distributed.all_gather_into_tensor` is deprecated. Please use `torch.distributed.all_gather_single` instead.
  return func(*args, **kwargs)
/usr/local/lib/python3.12/dist-packages/torch/distributed/c10d_logger.py:83: FutureWarning: `torch.distributed.all_gather_into_tensor` is deprecated. Please use `torch.distributed.all_gather_single` instead.
  return func(*args, **kwargs)
  tokens=4     pair=  181.10 us (p50  180.48, rank-max  181.35) | disp     99.4 KiB  comb    192.0 KiB
              disp=  118.76 us  comb(sub)=   62.34 us
[WARN] DeepEP GIN signal budget reduced the number of channels per SM from 8 to 3
GIN auto-tuner: gin_context_cnt=17, gin_indexed_signals_cnt=13, num_qp=17, num_max_sms=55
[WARN] DeepEP GIN signal budget reduced the number of channels per SM from 8 to 3
GIN auto-tuner: gin_context_cnt=17, gin_indexed_signals_cnt=13, num_qp=17, num_max_sms=55
[WARN] DeepEP GIN signal budget reduced the number of channels per SM from 8 to 3
GIN auto-tuner: gin_context_cnt=17, gin_indexed_signals_cnt=13, num_qp=17, num_max_sms=55
[WARN] DeepEP GIN signal budget reduced the number of channels per SM from 8 to 3
GIN auto-tuner: gin_context_cnt=17, gin_indexed_signals_cnt=13, num_qp=17, num_max_sms=55
[WARN] DeepEP GIN signal budget reduced the number of channels per SM from 8 to 3
GIN auto-tuner: gin_context_cnt=17, gin_indexed_signals_cnt=13, num_qp=17, num_max_sms=55
[WARN] DeepEP GIN signal budget reduced the number of channels per SM from 8 to 3
GIN auto-tuner: gin_context_cnt=17, gin_indexed_signals_cnt=13, num_qp=17, num_max_sms=55
[WARN] DeepEP GIN signal budget reduced the number of channels per SM from 8 to 3
GIN auto-tuner: gin_context_cnt=17, gin_indexed_signals_cnt=13, num_qp=17, num_max_sms=55
[WARN] DeepEP GIN signal budget reduced the number of channels per SM from 8 to 3
GIN auto-tuner: gin_context_cnt=17, gin_indexed_signals_cnt=13, num_qp=17, num_max_sms=55
=== capacity=8 ranks=16 num_sms=6 num_qps=17/17 ===
  tokens=8     pair=  184.82 us (p50  182.98, rank-max  184.99) | disp    198.8 KiB  comb    384.0 KiB
              disp=  120.45 us  comb(sub)=   64.37 us
[WARN] DeepEP GIN signal budget reduced the number of channels per SM from 8 to 3
GIN auto-tuner: gin_context_cnt=17, gin_indexed_signals_cnt=13, num_qp=17, num_max_sms=55
[WARN] DeepEP GIN signal budget reduced the number of channels per SM from 8 to 3
GIN auto-tuner: gin_context_cnt=17, gin_indexed_signals_cnt=13, num_qp=17, num_max_sms=55
[WARN] DeepEP GIN signal budget reduced the number of channels per SM from 8 to 3
GIN auto-tuner: gin_context_cnt=17, gin_indexed_signals_cnt=13, num_qp=17, num_max_sms=55
[WARN] DeepEP GIN signal budget reduced the number of channels per SM from 8 to 3
GIN auto-tuner: gin_context_cnt=17, gin_indexed_signals_cnt=13, num_qp=17, num_max_sms=55
[WARN] DeepEP GIN signal budget reduced the number of channels per SM from 8 to 3
GIN auto-tuner: gin_context_cnt=17, gin_indexed_signals_cnt=13, num_qp=17, num_max_sms=55
[WARN] DeepEP GIN signal budget reduced the number of channels per SM from 8 to 3
GIN auto-tuner: gin_context_cnt=17, gin_indexed_signals_cnt=13, num_qp=17, num_max_sms=55
[WARN] DeepEP GIN signal budget reduced the number of channels per SM from 8 to 3
GIN auto-tuner: gin_context_cnt=17, gin_indexed_signals_cnt=13, num_qp=17, num_max_sms=55
[WARN] DeepEP GIN signal budget reduced the number of channels per SM from 8 to 3
GIN auto-tuner: gin_context_cnt=17, gin_indexed_signals_cnt=13, num_qp=17, num_max_sms=55
=== capacity=16 ranks=16 num_sms=6 num_qps=17/17 ===
  tokens=16    pair=  233.60 us (p50  228.90, rank-max  234.03) | disp    397.5 KiB  comb    768.0 KiB
              disp=  168.19 us  comb(sub)=   65.41 us
[WARN] DeepEP GIN signal budget reduced the number of channels per SM from 8 to 3
GIN auto-tuner: gin_context_cnt=17, gin_indexed_signals_cnt=13, num_qp=17, num_max_sms=55
[WARN] DeepEP GIN signal budget reduced the number of channels per SM from 8 to 3
GIN auto-tuner: gin_context_cnt=17, gin_indexed_signals_cnt=13, num_qp=17, num_max_sms=55
[WARN] DeepEP GIN signal budget reduced the number of channels per SM from 8 to 3
GIN auto-tuner: gin_context_cnt=17, gin_indexed_signals_cnt=13, num_qp=17, num_max_sms=55
[WARN] DeepEP GIN signal budget reduced the number of channels per SM from 8 to 3
GIN auto-tuner: gin_context_cnt=17, gin_indexed_signals_cnt=13, num_qp=17, num_max_sms=55
[WARN] DeepEP GIN signal budget reduced the number of channels per SM from 8 to 3
GIN auto-tuner: gin_context_cnt=17, gin_indexed_signals_cnt=13, num_qp=17, num_max_sms=55
[WARN] DeepEP GIN signal budget reduced the number of channels per SM from 8 to 3
GIN auto-tuner: gin_context_cnt=17, gin_indexed_signals_cnt=13, num_qp=17, num_max_sms=55
[WARN] DeepEP GIN signal budget reduced the number of channels per SM from 8 to 3
GIN auto-tuner: gin_context_cnt=17, gin_indexed_signals_cnt=13, num_qp=17, num_max_sms=55
[WARN] DeepEP GIN signal budget reduced the number of channels per SM from 8 to 3
GIN auto-tuner: gin_context_cnt=17, gin_indexed_signals_cnt=13, num_qp=17, num_max_sms=55
=== capacity=32 ranks=16 num_sms=6 num_qps=17/17 ===
  tokens=32    pair=  203.49 us (p50  201.60, rank-max  203.77) | disp    795.0 KiB  comb   1536.0 KiB
              disp=  119.59 us  comb(sub)=   83.90 us
[WARN] DeepEP GIN signal budget reduced the number of channels per SM from 8 to 3
GIN auto-tuner: gin_context_cnt=17, gin_indexed_signals_cnt=13, num_qp=17, num_max_sms=55
[WARN] DeepEP GIN signal budget reduced the number of channels per SM from 8 to 3
GIN auto-tuner: gin_context_cnt=17, gin_indexed_signals_cnt=13, num_qp=17, num_max_sms=55
[WARN] DeepEP GIN signal budget reduced the number of channels per SM from 8 to 3
[WARN] DeepEP GIN signal budget reduced the number of channels per SM from 8 to 3
GIN auto-tuner: gin_context_cnt=17, gin_indexed_signals_cnt=13, num_qp=17, num_max_sms=55
GIN auto-tuner: gin_context_cnt=17, gin_indexed_signals_cnt=13, num_qp=17, num_max_sms=55
[WARN] DeepEP GIN signal budget reduced the number of channels per SM from 8 to 3
GIN auto-tuner: gin_context_cnt=17, gin_indexed_signals_cnt=13, num_qp=17, num_max_sms=55
[WARN] DeepEP GIN signal budget reduced the number of channels per SM from 8 to 3
GIN auto-tuner: gin_context_cnt=17, gin_indexed_signals_cnt=13, num_qp=17, num_max_sms=55
[WARN] DeepEP GIN signal budget reduced the number of channels per SM from 8 to 3
GIN auto-tuner: gin_context_cnt=17, gin_indexed_signals_cnt=13, num_qp=17, num_max_sms=55
[WARN] DeepEP GIN signal budget reduced the number of channels per SM from 8 to 3
GIN auto-tuner: gin_context_cnt=17, gin_indexed_signals_cnt=13, num_qp=17, num_max_sms=55
=== capacity=128 ranks=16 num_sms=6 num_qps=17/17 ===
  tokens=128   pair=  281.62 us (p50  280.77, rank-max  281.91) | disp   3180.0 KiB  comb   6144.0 KiB
              disp=  134.37 us  comb(sub)=  147.26 us
