NCCL version 2.31.1+cuda13.0
[DEBUG] IP distribution across 16 ranks:
[DEBUG]   172.31.9.118: 8 ranks
[DEBUG]   172.31.6.47: 8 ranks
Registered proxies for device 6 (low-latency mode)
Registered proxies for device 7 (low-latency mode)
Registered proxies for device 0 (low-latency mode)
Registered proxies for device 2 (low-latency mode)
Registered proxies for device 4 (low-latency mode)
Registered proxies for device 1 (low-latency mode)
Registered proxies for device 3 (low-latency mode)
Registered proxies for device 5 (low-latency mode)
[RDMA] Selected NIC rdmap135s0 (index 8) for affinity rank 4, CUDA device 4, NUMA node 1
[RDMA] Selected NIC rdmap136s0 (index 9) for affinity rank 4, CUDA device 4, NUMA node 1
[RDMA] Selected NIC rdmap136s0 (index 9) for affinity rank 4, CUDA device 4, NUMA node 1
[RDMA] Selected NIC rdmap111s0 (index 5) for affinity rank 2, CUDA device 2, NUMA node 0
[RDMA] Selected NIC rdmap110s0 (index 4) for affinity rank 2, CUDA device 2, NUMA node 0
[RDMA] Selected NIC rdmap162s0 (index 14) for affinity rank 7, CUDA device 7, NUMA node 1
[RDMA] Selected NIC rdmap112s0 (index 6) for affinity rank 3, CUDA device 3, NUMA node 0
[RDMA] Selected NIC rdmap161s0 (index 13) for affinity rank 6, CUDA device 6, NUMA node 1
[RDMA] Selected NIC rdmap88s0 (index 3) for affinity rank 1, CUDA device 1, NUMA node 0
[RDMA] Selected NIC rdmap87s0 (index 2) for affinity rank 1, CUDA device 1, NUMA node 0
[RDMA] Selected NIC rdmap87s0 (index 2) for affinity rank 1, CUDA device 1, NUMA node 0
[RDMA] Selected NIC rdmap110s0 (index 4) for affinity rank 2, CUDA device 2, NUMA node 0
[RDMA] Selected NIC rdmap111s0 (index 5) for affinity rank 2, CUDA device 2, NUMA node 0
[RDMA] Selected NIC rdmap113s0 (index 7) for affinity rank 3, CUDA device 3, NUMA node 0
[RDMA] Selected NIC rdmap112s0 (index 6) for affinity rank 3, CUDA device 3, NUMA node 0
[RDMA] Selected NIC rdmap162s0 (index 14) for affinity rank 7, CUDA device 7, NUMA node 1
[RDMA] Selected NIC rdmap113s0 (index 7) for affinity rank 3, CUDA device 3, NUMA node 0
[RDMA] Selected NIC rdmap160s0 (index 12) for affinity rank 6, CUDA device 6, NUMA node 1
[RDMA] Selected NIC rdmap88s0 (index 3) for affinity rank 1, CUDA device 1, NUMA node 0
[RDMA] Selected NIC rdmap135s0 (index 8) for affinity rank 4, CUDA device 4, NUMA node 1
[RDMA] Selected NIC rdmap138s0 (index 11) for affinity rank 5, CUDA device 5, NUMA node 1
[RDMA] Selected NIC rdmap137s0 (index 10) for affinity rank 5, CUDA device 5, NUMA node 1
[RDMA] Selected NIC rdmap138s0 (index 11) for affinity rank 5, CUDA device 5, NUMA node 1
[RDMA] Selected NIC rdmap161s0 (index 13) for affinity rank 6, CUDA device 6, NUMA node 1
[RDMA] Selected NIC rdmap137s0 (index 10) for affinity rank 5, CUDA device 5, NUMA node 1
[RDMA] Selected NIC rdmap86s0 (index 1) for affinity rank 0, CUDA device 0, NUMA node 0
[RDMA] Selected NIC rdmap86s0 (index 1) for affinity rank 0, CUDA device 0, NUMA node 0
[RDMA] Selected NIC rdmap85s0 (index 0) for affinity rank 0, CUDA device 0, NUMA node 0
[RDMA] Selected NIC rdmap160s0 (index 12) for affinity rank 6, CUDA device 6, NUMA node 1
[RDMA] Selected NIC rdmap163s0 (index 15) for affinity rank 7, CUDA device 7, NUMA node 1
[RDMA] Selected NIC rdmap85s0 (index 0) for affinity rank 0, CUDA device 0, NUMA node 0
[RDMA] Selected NIC rdmap163s0 (index 15) for affinity rank 7, CUDA device 7, NUMA node 1
Pinned to NUMA node 1, thread_idx: 0, local_rank: 4, running on CPU 64.
Local CPU thread pinned to NUMA node 1, thread_idx: 0, local_rank: 4, running on CPU 64.
[Proxy] Registered atomic_buffer_ptr MR: addr=0x7cf01bc00000, len=81960, rkey=0xe
Pinned to NUMA node 1, thread_idx: 1, local_rank: 4, running on CPU 65.
Local CPU thread pinned to NUMA node 1, thread_idx: 1, local_rank: 4, running on CPU 65.
Pinned to NUMA node 1, thread_idx: 3, local_rank: 4, running on CPU 67.
Local CPU thread pinned to NUMA node 1, thread_idx: 3, local_rank: 4, running on CPU 67.
[Proxy] Registered atomic_buffer_ptr MR: addr=0x7cf01bc00000, len=81960, rkey=0xe0001e
[Proxy] Registered atomic_buffer_ptr MR: addr=0x7cf01bc00000, len=81960, rkey=0xa0002a
[RDMA] Auto-detected GID index 0 for rdmap135s0 (set UCCL_IB_GID_INDEX to override)
[create_per_thread_qp] Populated atomic buffer info: addr=0x7cf01bc00000, len=81960, rkey=0xe
Pinned to NUMA node 0, thread_idx: 0, local_rank: 2, running on CPU 8.
Local CPU thread pinned to NUMA node 0, thread_idx: 0, local_rank: 2, running on CPU 8.
Pinned to NUMA node 1, thread_idx: 0, local_rank: 7, running on CPU 76.
Local CPU thread pinned to NUMA node 1, thread_idx: 0, local_rank: 7, running on CPU 76.
Pinned to NUMA node 0, thread_idx: 0, local_rank: 1, running on CPU 4.
Local CPU thread pinned to NUMA node 0, thread_idx: 0, local_rank: 1, running on CPU 4.
[Proxy] Registered atomic_buffer_ptr MR: addr=0x776ef3c00000, len=81960, rkey=0x80001e
Pinned to NUMA node 0, thread_idx: 1, local_rank: 2, running on CPU 9.
Local CPU thread pinned to NUMA node 0, thread_idx: 1, local_rank: 2, running on CPU 9.
[Proxy] Registered atomic_buffer_ptr MR: addr=0x7acb77c00000, len=81960, rkey=0xc00017
Pinned to NUMA node 1, thread_idx: 1, local_rank: 6, running on CPU 73.
Local CPU thread pinned to NUMA node 1, thread_idx: 1, local_rank: 6, running on CPU 73.
Pinned to NUMA node 0, thread_idx: 3, local_rank: 1, running on CPU 7.
Local CPU thread pinned to NUMA node 0, thread_idx: 3, local_rank: 1, running on CPU 7.
Pinned to NUMA node 0, thread_idx: 2, local_rank: 1, running on CPU 6.
Local CPU thread pinned to NUMA node 0, thread_idx: 2, local_rank: 1, running on CPU 6.
[Proxy] Registered atomic_buffer_ptr MR: addr=0x7b7a0bc00000, len=81960, rkey=0xb00009
[Proxy] Registered atomic_buffer_ptr MR: addr=0x776ef3c00000, len=81960, rkey=0x800033
Pinned to NUMA node 0, thread_idx: 2, local_rank: 2, running on CPU 10.
Local CPU thread pinned to NUMA node 0, thread_idx: 2, local_rank: 2, running on CPU 10.
Pinned to NUMA node 0, thread_idx: 3, local_rank: 2, running on CPU 11.
Local CPU thread pinned to NUMA node 0, thread_idx: 3, local_rank: 2, running on CPU 11.
[Proxy] Registered atomic_buffer_ptr MR: addr=0x74388fc00000, len=81960, rkey=0xa0000d
[Proxy] Registered atomic_buffer_ptr MR: addr=0x7b7a0bc00000, len=81960, rkey=0xa00028
[Proxy] Registered atomic_buffer_ptr MR: addr=0x7b7a0bc00000, len=81960, rkey=0x800035
[RDMA] Auto-detected GID index 0 for rdmap136s0 (set UCCL_IB_GID_INDEX to override)
[create_per_thread_qp] Populated atomic buffer info: addr=0x7cf01bc00000, len=81960, rkey=0xe0001e
Pinned to NUMA node 0, thread_idx: 2, local_rank: 3, running on CPU 14.
Local CPU thread pinned to NUMA node 0, thread_idx: 2, local_rank: 3, running on CPU 14.
Pinned to NUMA node 0, thread_idx: 1, local_rank: 3, running on CPU 13.
Local CPU thread pinned to NUMA node 0, thread_idx: 1, local_rank: 3, running on CPU 13.
Pinned to NUMA node 1, thread_idx: 2, local_rank: 7, running on CPU 78.
Local CPU thread pinned to NUMA node 1, thread_idx: 2, local_rank: 7, running on CPU 78.
Pinned to NUMA node 1, thread_idx: 2, local_rank: 4, running on CPU 66.
Pinned to NUMA node 1, thread_idx: 0, local_rank: 6, running on CPU 72.
Local CPU thread pinned to NUMA node 1, thread_idx: 2, local_rank: 4, running on CPU 66.
Pinned to NUMA node 0, thread_idx: 1, local_rank: 0, running on CPU 1.
Local CPU thread pinned to NUMA node 1, thread_idx: 0, local_rank: 6, running on CPU 72.
Local CPU thread pinned to NUMA node 0, thread_idx: 1, local_rank: 0, running on CPU 1.
Pinned to NUMA node 1, thread_idx: 3, local_rank: 6, running on CPU 75.
Pinned to NUMA node 1, thread_idx: 1, local_rank: 5, running on CPU 69.
Local CPU thread pinned to NUMA node 1, thread_idx: 3, local_rank: 6, running on CPU 75.
Local CPU thread pinned to NUMA node 1, thread_idx: 1, local_rank: 5, running on CPU 69.
Pinned to NUMA node 1, thread_idx: 2, local_rank: 5, running on CPU 70.
Local CPU thread pinned to NUMA node 1, thread_idx: 2, local_rank: 5, running on CPU 70.
Pinned to NUMA node 1, thread_idx: 1, local_rank: 7, running on CPU 77.
Local CPU thread pinned to NUMA node 1, thread_idx: 1, local_rank: 7, running on CPU 77.
Pinned to NUMA node 0, thread_idx: 0, local_rank: 0, running on CPU 0.
Local CPU thread pinned to NUMA node 0, thread_idx: 0, local_rank: 0, running on CPU 0.
Pinned to NUMA node 0, thread_idx: 3, local_rank: 3, running on CPU 15.
Local CPU thread pinned to NUMA node 0, thread_idx: 3, local_rank: 3, running on CPU 15.
Pinned to NUMA node 0, thread_idx: 1, local_rank: 1, running on CPU 5.
Pinned to NUMA node 0, thread_idx: 3, local_rank: 0, running on CPU 3.
Local CPU thread pinned to NUMA node 0, thread_idx: 1, local_rank: 1, running on CPU 5.
Local CPU thread pinned to NUMA node 0, thread_idx: 3, local_rank: 0, running on CPU 3.
Pinned to NUMA node 1, thread_idx: 2, local_rank: 6, running on CPU 74.
Local CPU thread pinned to NUMA node 1, thread_idx: 2, local_rank: 6, running on CPU 74.
Pinned to NUMA node 1, thread_idx: 0, local_rank: 5, running on CPU 68.
Local CPU thread pinned to NUMA node 1, thread_idx: 0, local_rank: 5, running on CPU 68.
Pinned to NUMA node 1, thread_idx: 3, local_rank: 7, running on CPU 79.
Local CPU thread pinned to NUMA node 1, thread_idx: 3, local_rank: 7, running on CPU 79.
Pinned to NUMA node 0, thread_idx: 2, local_rank: 0, running on CPU 2.
Local CPU thread pinned to NUMA node 0, thread_idx: 2, local_rank: 0, running on CPU 2.
Pinned to NUMA node 1, thread_idx: 3, local_rank: 5, running on CPU 71.
Local CPU thread pinned to NUMA node 1, thread_idx: 3, local_rank: 5, running on CPU 71.
Pinned to NUMA node 0, thread_idx: 0, local_rank: 3, running on CPU 12.
Local CPU thread pinned to NUMA node 0, thread_idx: 0, local_rank: 3, running on CPU 12.
[RDMA] Auto-detected GID index 0 for rdmap136s0 (set UCCL_IB_GID_INDEX to override)
[create_per_thread_qp] Populated atomic buffer info: addr=0x7cf01bc00000, len=81960, rkey=0xa0002a
[Proxy] Registered atomic_buffer_ptr MR: addr=0x776ef3c00000, len=81960, rkey=0xa0005f
[Proxy] Registered atomic_buffer_ptr MR: addr=0x776ef3c00000, len=81960, rkey=0x600077
[Proxy] Registered atomic_buffer_ptr MR: addr=0x7acb77c00000, len=81960, rkey=0x900000
[Proxy] Registered atomic_buffer_ptr MR: addr=0x7af923c00000, len=81960, rkey=0x800066
[Proxy] Registered atomic_buffer_ptr MR: addr=0x7cf01bc00000, len=81960, rkey=0xa00021
[Proxy] Registered atomic_buffer_ptr MR: addr=0x74388fc00000, len=81960, rkey=0x800048
[Proxy] Registered atomic_buffer_ptr MR: addr=0x75e009c00000, len=81960, rkey=0x800062
[Proxy] Registered atomic_buffer_ptr MR: addr=0x7acb77c00000, len=81960, rkey=0xa00026
[Proxy] Registered atomic_buffer_ptr MR: addr=0x7af923c00000, len=81960, rkey=0x900077
[Proxy] Registered atomic_buffer_ptr MR: addr=0x74388fc00000, len=81960, rkey=0x900028
[Proxy] Registered atomic_buffer_ptr MR: addr=0x71d9ebc00000, len=81960, rkey=0x900029
[Proxy] Registered atomic_buffer_ptr MR: addr=0x71d9ebc00000, len=81960, rkey=0x80003b
[Proxy] Registered atomic_buffer_ptr MR: addr=0x7af923c00000, len=81960, rkey=0xd0004b
[Proxy] Registered atomic_buffer_ptr MR: addr=0x75e009c00000, len=81960, rkey=0xa00028
[Proxy] Registered atomic_buffer_ptr MR: addr=0x75e009c00000, len=81960, rkey=0x900077
[Proxy] Registered atomic_buffer_ptr MR: addr=0x74388fc00000, len=81960, rkey=0xd00017
[Proxy] Registered atomic_buffer_ptr MR: addr=0x7b7a0bc00000, len=81960, rkey=0x90005f
[Proxy] Registered atomic_buffer_ptr MR: addr=0x71d9ebc00000, len=81960, rkey=0xa00015
[Proxy] Registered atomic_buffer_ptr MR: addr=0x71d9ebc00000, len=81960, rkey=0x900034
[Proxy] Registered atomic_buffer_ptr MR: addr=0x7af923c00000, len=81960, rkey=0xc0000c
[Proxy] Registered atomic_buffer_ptr MR: addr=0x75e009c00000, len=81960, rkey=0x200012
[Proxy] Registered atomic_buffer_ptr MR: addr=0x7acb77c00000, len=81960, rkey=0xa00018
[RDMA] Auto-detected GID index 0 for rdmap110s0 (set UCCL_IB_GID_INDEX to override)
[create_per_thread_qp] Populated atomic buffer info: addr=0x776ef3c00000, len=81960, rkey=0x80001e
[RDMA] Auto-detected GID index 0 for rdmap162s0 (set UCCL_IB_GID_INDEX to override)
[create_per_thread_qp] Populated atomic buffer info: addr=0x7acb77c00000, len=81960, rkey=0xc00017
[RDMA] Auto-detected GID index 0 for rdmap87s0 (set UCCL_IB_GID_INDEX to override)
[create_per_thread_qp] Populated atomic buffer info: addr=0x7b7a0bc00000, len=81960, rkey=0xb00009
[RDMA] Auto-detected GID index 0 for rdmap111s0 (set UCCL_IB_GID_INDEX to override)
[create_per_thread_qp] Populated atomic buffer info: addr=0x776ef3c00000, len=81960, rkey=0x800033
[RDMA] Auto-detected GID index 0 for rdmap161s0 (set UCCL_IB_GID_INDEX to override)
[create_per_thread_qp] Populated atomic buffer info: addr=0x74388fc00000, len=81960, rkey=0xa0000d
[RDMA] Auto-detected GID index 0 for rdmap87s0 (set UCCL_IB_GID_INDEX to override)
[create_per_thread_qp] Populated atomic buffer info: addr=0x7b7a0bc00000, len=81960, rkey=0xa00028
[RDMA] Auto-detected GID index 0 for rdmap111s0 (set UCCL_IB_GID_INDEX to override)
[create_per_thread_qp] Populated atomic buffer info: addr=0x776ef3c00000, len=81960, rkey=0xa0005f
[RDMA] Auto-detected GID index 0 for rdmap110s0 (set UCCL_IB_GID_INDEX to override)
[create_per_thread_qp] Populated atomic buffer info: addr=0x776ef3c00000, len=81960, rkey=0x600077
[RDMA] Auto-detected GID index 0 for rdmap135s0 (set UCCL_IB_GID_INDEX to override)
[create_per_thread_qp] Populated atomic buffer info: addr=0x7cf01bc00000, len=81960, rkey=0xa00021
[RDMA] Auto-detected GID index 0 for rdmap113s0 (set UCCL_IB_GID_INDEX to override)
[create_per_thread_qp] Populated atomic buffer info: addr=0x7af923c00000, len=81960, rkey=0x800066
[RDMA] Auto-detected GID index 0 for rdmap162s0 (set UCCL_IB_GID_INDEX to override)
[create_per_thread_qp] Populated atomic buffer info: addr=0x7acb77c00000, len=81960, rkey=0x900000
[RDMA] Auto-detected GID index 0 for rdmap86s0 (set UCCL_IB_GID_INDEX to override)
[create_per_thread_qp] Populated atomic buffer info: addr=0x75e009c00000, len=81960, rkey=0x800062
[RDMA] Auto-detected GID index 0 for rdmap113s0 (set UCCL_IB_GID_INDEX to override)
[create_per_thread_qp] Populated atomic buffer info: addr=0x7af923c00000, len=81960, rkey=0x900077
[RDMA] Auto-detected GID index 0 for rdmap138s0 (set UCCL_IB_GID_INDEX to override)
[create_per_thread_qp] Populated atomic buffer info: addr=0x71d9ebc00000, len=81960, rkey=0x900029
[RDMA] Auto-detected GID index 0 for rdmap163s0 (set UCCL_IB_GID_INDEX to override)
[create_per_thread_qp] Populated atomic buffer info: addr=0x7acb77c00000, len=81960, rkey=0xa00026
[RDMA] Auto-detected GID index 0 for rdmap86s0 (set UCCL_IB_GID_INDEX to override)
[create_per_thread_qp] Populated atomic buffer info: addr=0x75e009c00000, len=81960, rkey=0x900077
[RDMA] Auto-detected GID index 0 for rdmap112s0 (set UCCL_IB_GID_INDEX to override)
[create_per_thread_qp] Populated atomic buffer info: addr=0x7af923c00000, len=81960, rkey=0xd0004b
[RDMA] Auto-detected GID index 0 for rdmap85s0 (set UCCL_IB_GID_INDEX to override)
[create_per_thread_qp] Populated atomic buffer info: addr=0x75e009c00000, len=81960, rkey=0xa00028
[RDMA] Auto-detected GID index 0 for rdmap160s0 (set UCCL_IB_GID_INDEX to override)
[create_per_thread_qp] Populated atomic buffer info: addr=0x74388fc00000, len=81960, rkey=0xd00017
[RDMA] Auto-detected GID index 0 for rdmap88s0 (set UCCL_IB_GID_INDEX to override)
[create_per_thread_qp] Populated atomic buffer info: addr=0x7b7a0bc00000, len=81960, rkey=0x90005f
[RDMA] Auto-detected GID index 0 for rdmap137s0 (set UCCL_IB_GID_INDEX to override)
[create_per_thread_qp] Populated atomic buffer info: addr=0x71d9ebc00000, len=81960, rkey=0xa00015
[RDMA] Auto-detected GID index 0 for rdmap85s0 (set UCCL_IB_GID_INDEX to override)
[RDMA] Auto-detected GID index 0 for rdmap112s0 (set UCCL_IB_GID_INDEX to override)
[create_per_thread_qp] Populated atomic buffer info: addr=0x75e009c00000, len=81960, rkey=0x200012
[create_per_thread_qp] Populated atomic buffer info: addr=0x7af923c00000, len=81960, rkey=0xc0000c
[RDMA] Auto-detected GID index 0 for rdmap137s0 (set UCCL_IB_GID_INDEX to override)
[create_per_thread_qp] Populated atomic buffer info: addr=0x71d9ebc00000, len=81960, rkey=0x80003b
[RDMA] Auto-detected GID index 0 for rdmap163s0 (set UCCL_IB_GID_INDEX to override)
[create_per_thread_qp] Populated atomic buffer info: addr=0x7acb77c00000, len=81960, rkey=0xa00018
[RDMA] Auto-detected GID index 0 for rdmap160s0 (set UCCL_IB_GID_INDEX to override)
[create_per_thread_qp] Populated atomic buffer info: addr=0x74388fc00000, len=81960, rkey=0x800048
[RDMA] Auto-detected GID index 0 for rdmap88s0 (set UCCL_IB_GID_INDEX to override)
[create_per_thread_qp] Populated atomic buffer info: addr=0x7b7a0bc00000, len=81960, rkey=0x800035
[RDMA] Auto-detected GID index 0 for rdmap161s0 (set UCCL_IB_GID_INDEX to override)
[create_per_thread_qp] Populated atomic buffer info: addr=0x74388fc00000, len=81960, rkey=0x900028
[RDMA] Auto-detected GID index 0 for rdmap138s0 (set UCCL_IB_GID_INDEX to override)
[create_per_thread_qp] Populated atomic buffer info: addr=0x71d9ebc00000, len=81960, rkey=0x900034
[Proxy] Remote atomic buffer info for peer 8: addr=0x730ac3c00000, len=81960, rkey=0x200044
[Proxy] Remote atomic buffer info for peer 8: addr=0x730ac3c00000, len=81960, rkey=0x600012
[Proxy] Remote atomic buffer info for peer 8: addr=0x730ac3c00000, len=81960, rkey=0x200044
[Proxy] Remote atomic buffer info for peer 8: addr=0x730ac3c00000, len=81960, rkey=0x600012
[Proxy] Remote atomic buffer info for peer 9: addr=0x725acfc00000, len=81960, rkey=0x700077
[Proxy] Remote atomic buffer info for peer 8: addr=0x730ac3c00000, len=81960, rkey=0xa00021
[Proxy] Remote atomic buffer info for peer 9: addr=0x725acfc00000, len=81960, rkey=0xb00041
[Proxy] Remote atomic buffer info for peer 8: addr=0x730ac3c00000, len=81960, rkey=0xa00021
[Proxy] Remote atomic buffer info for peer 8: addr=0x730ac3c00000, len=81960, rkey=0x700070
[Proxy] Remote atomic buffer info for peer 9: addr=0x725acfc00000, len=81960, rkey=0x700077
[Proxy] Remote atomic buffer info for peer 8: addr=0x730ac3c00000, len=81960, rkey=0xa00021
[Proxy] Remote atomic buffer info for peer 8: addr=0x730ac3c00000, len=81960, rkey=0x200044
[Proxy] Remote atomic buffer info for peer 8: addr=0x730ac3c00000, len=81960, rkey=0xa00021
[Proxy] Remote atomic buffer info for peer 8: addr=0x730ac3c00000, len=81960, rkey=0x600012
[Proxy] Remote atomic buffer info for peer 8: addr=0x730ac3c00000, len=81960, rkey=0x700070
[Proxy] Remote atomic buffer info for peer 8: addr=0x730ac3c00000, len=81960, rkey=0x700070
[Proxy] Remote atomic buffer info for peer 9: addr=0x725acfc00000, len=81960, rkey=0xb00041
[Proxy] Remote atomic buffer info for peer 10: addr=0x77aa63c00000, len=81960, rkey=0x60002a
[Proxy] Remote atomic buffer info for peer 9: addr=0x725acfc00000, len=81960, rkey=0x70000c
[Proxy] Remote atomic buffer info for peer 10: addr=0x77aa63c00000, len=81960, rkey=0x900021
[Proxy] Remote atomic buffer info for peer 8: addr=0x730ac3c00000, len=81960, rkey=0x600012
[Proxy] Remote atomic buffer info for peer 8: addr=0x730ac3c00000, len=81960, rkey=0xa00021
[Proxy] Remote atomic buffer info for peer 9: addr=0x725acfc00000, len=81960, rkey=0x70000c
[Proxy] Remote atomic buffer info for peer 9: addr=0x725acfc00000, len=81960, rkey=0x800056
[Proxy] Remote atomic buffer info for peer 10: addr=0x77aa63c00000, len=81960, rkey=0x60002a
[Proxy] Remote atomic buffer info for peer 9: addr=0x725acfc00000, len=81960, rkey=0x70000c
[Proxy] Remote atomic buffer info for peer 8: addr=0x730ac3c00000, len=81960, rkey=0x200044
[Proxy] Remote atomic buffer info for peer 9: addr=0x725acfc00000, len=81960, rkey=0x800056
[Proxy] Remote atomic buffer info for peer 8: addr=0x730ac3c00000, len=81960, rkey=0x700070
[Proxy] Remote atomic buffer info for peer 9: addr=0x725acfc00000, len=81960, rkey=0x70000c
[Proxy] Remote atomic buffer info for peer 10: addr=0x77aa63c00000, len=81960, rkey=0x900021
[Proxy] Remote atomic buffer info for peer 9: addr=0x725acfc00000, len=81960, rkey=0xb00041
[Proxy] Remote atomic buffer info for peer 9: addr=0x725acfc00000, len=81960, rkey=0x700077
[Proxy] Remote atomic buffer info for peer 8: addr=0x730ac3c00000, len=81960, rkey=0xa00021
[Proxy] Remote atomic buffer info for peer 8: addr=0x730ac3c00000, len=81960, rkey=0x700070
[Proxy] Remote atomic buffer info for peer 8: addr=0x730ac3c00000, len=81960, rkey=0x200044
[Proxy] Remote atomic buffer info for peer 9: addr=0x725acfc00000, len=81960, rkey=0x800056
[Proxy] Remote atomic buffer info for peer 10: addr=0x77aa63c00000, len=81960, rkey=0x100072
[Proxy] Remote atomic buffer info for peer 8: addr=0x730ac3c00000, len=81960, rkey=0x600012
[Proxy] Remote atomic buffer info for peer 8: addr=0x730ac3c00000, len=81960, rkey=0xa00021
[Proxy] Remote atomic buffer info for peer 8: addr=0x730ac3c00000, len=81960, rkey=0x600012
[Proxy] Remote atomic buffer info for peer 11: addr=0x7d09ffc00000, len=81960, rkey=0xb0000f
[Proxy] Remote atomic buffer info for peer 8: addr=0x730ac3c00000, len=81960, rkey=0x600012
[Proxy] Remote atomic buffer info for peer 10: addr=0x77aa63c00000, len=81960, rkey=0xc0001b
[Proxy] Remote atomic buffer info for peer 8: addr=0x730ac3c00000, len=81960, rkey=0x700070
[Proxy] Remote atomic buffer info for peer 8: addr=0x730ac3c00000, len=81960, rkey=0x200044
[Proxy] Remote atomic buffer info for peer 8: addr=0x730ac3c00000, len=81960, rkey=0x200044
[Proxy] Remote atomic buffer info for peer 9: addr=0x725acfc00000, len=81960, rkey=0xb00041
[Proxy] Remote atomic buffer info for peer 11: addr=0x7d09ffc00000, len=81960, rkey=0xa00067
[Proxy] Remote atomic buffer info for peer 8: addr=0x730ac3c00000, len=81960, rkey=0xa00021
[Proxy] Remote atomic buffer info for peer 9: addr=0x725acfc00000, len=81960, rkey=0x70000c
[Proxy] Remote atomic buffer info for peer 10: addr=0x77aa63c00000, len=81960, rkey=0x100072
[Proxy] Remote atomic buffer info for peer 11: addr=0x7d09ffc00000, len=81960, rkey=0xb0000f
[Proxy] Remote atomic buffer info for peer 9: addr=0x725acfc00000, len=81960, rkey=0x700077
[Proxy] Remote atomic buffer info for peer 8: addr=0x730ac3c00000, len=81960, rkey=0x600012
[Proxy] Remote atomic buffer info for peer 8: addr=0x730ac3c00000, len=81960, rkey=0x700070
[Proxy] Remote atomic buffer info for peer 9: addr=0x725acfc00000, len=81960, rkey=0x800056
[Proxy] Remote atomic buffer info for peer 10: addr=0x77aa63c00000, len=81960, rkey=0xc0001b
[Proxy] Remote atomic buffer info for peer 10: addr=0x77aa63c00000, len=81960, rkey=0x100072
[Proxy] Remote atomic buffer info for peer 10: addr=0x77aa63c00000, len=81960, rkey=0x100072
[Proxy] Remote atomic buffer info for peer 11: addr=0x7d09ffc00000, len=81960, rkey=0xa00067
[Proxy] Remote atomic buffer info for peer 10: addr=0x77aa63c00000, len=81960, rkey=0x900021
[Proxy] Remote atomic buffer info for peer 10: addr=0x77aa63c00000, len=81960, rkey=0x60002a
[Proxy] Remote atomic buffer info for peer 9: addr=0x725acfc00000, len=81960, rkey=0x70000c
[Proxy] Remote atomic buffer info for peer 9: addr=0x725acfc00000, len=81960, rkey=0x800056
[Proxy] Remote atomic buffer info for peer 9: addr=0x725acfc00000, len=81960, rkey=0x700077
[Proxy] Remote atomic buffer info for peer 10: addr=0x77aa63c00000, len=81960, rkey=0xc0001b
[Proxy] Remote atomic buffer info for peer 9: addr=0x725acfc00000, len=81960, rkey=0xb00041
[Proxy] Remote atomic buffer info for peer 11: addr=0x7d09ffc00000, len=81960, rkey=0x90002d
[Proxy] Remote atomic buffer info for peer 9: addr=0x725acfc00000, len=81960, rkey=0x70000c
[Proxy] Remote atomic buffer info for peer 9: addr=0x725acfc00000, len=81960, rkey=0x700077
[Proxy] Remote atomic buffer info for peer 9: addr=0x725acfc00000, len=81960, rkey=0xb00041
[Proxy] Remote atomic buffer info for peer 8: addr=0x730ac3c00000, len=81960, rkey=0x700070
[Proxy] Remote atomic buffer info for peer 12: addr=0x7709e7c00000, len=81960, rkey=0xc00001
[Proxy] Remote atomic buffer info for peer 9: addr=0x725acfc00000, len=81960, rkey=0xb00041
[Proxy] Remote atomic buffer info for peer 11: addr=0x7d09ffc00000, len=81960, rkey=0xb0000a
[Proxy] Remote atomic buffer info for peer 8: addr=0x730ac3c00000, len=81960, rkey=0x200044
[Proxy] Remote atomic buffer info for peer 9: addr=0x725acfc00000, len=81960, rkey=0x800056
[Proxy] Remote atomic buffer info for peer 10: addr=0x77aa63c00000, len=81960, rkey=0x900021
[Proxy] Remote atomic buffer info for peer 12: addr=0x7709e7c00000, len=81960, rkey=0xa0005a
[Proxy] Remote atomic buffer info for peer 9: addr=0x725acfc00000, len=81960, rkey=0x700077
[Proxy] Remote atomic buffer info for peer 9: addr=0x725acfc00000, len=81960, rkey=0x70000c
[Proxy] Remote atomic buffer info for peer 10: addr=0x77aa63c00000, len=81960, rkey=0x100072
[Proxy] Remote atomic buffer info for peer 11: addr=0x7d09ffc00000, len=81960, rkey=0x90002d
[Proxy] Remote atomic buffer info for peer 11: addr=0x7d09ffc00000, len=81960, rkey=0x90002d
[Proxy] Remote atomic buffer info for peer 12: addr=0x7709e7c00000, len=81960, rkey=0xc00001
[Proxy] Remote atomic buffer info for peer 11: addr=0x7d09ffc00000, len=81960, rkey=0xa00067
[Proxy] Remote atomic buffer info for peer 10: addr=0x77aa63c00000, len=81960, rkey=0x60002a
[Proxy] Remote atomic buffer info for peer 9: addr=0x725acfc00000, len=81960, rkey=0xb00041
[Proxy] Remote atomic buffer info for peer 10: addr=0x77aa63c00000, len=81960, rkey=0xc0001b
[Proxy] Remote atomic buffer info for peer 9: addr=0x725acfc00000, len=81960, rkey=0x800056
[Proxy] Remote atomic buffer info for peer 11: addr=0x7d09ffc00000, len=81960, rkey=0xb0000a
[Proxy] Remote atomic buffer info for peer 11: addr=0x7d09ffc00000, len=81960, rkey=0x90002d
[Proxy] Remote atomic buffer info for peer 11: addr=0x7d09ffc00000, len=81960, rkey=0xb0000a
[Proxy] Remote atomic buffer info for peer 12: addr=0x7709e7c00000, len=81960, rkey=0xa0005a
[Proxy] Remote atomic buffer info for peer 10: addr=0x77aa63c00000, len=81960, rkey=0x60002a
[Proxy] Remote atomic buffer info for peer 11: addr=0x7d09ffc00000, len=81960, rkey=0xb0000f
[Proxy] Remote atomic buffer info for peer 10: addr=0x77aa63c00000, len=81960, rkey=0x100072
[Proxy] Remote atomic buffer info for peer 10: addr=0x77aa63c00000, len=81960, rkey=0x60002a
[Proxy] Remote atomic buffer info for peer 10: addr=0x77aa63c00000, len=81960, rkey=0xc0001b
[Proxy] Remote atomic buffer info for peer 10: addr=0x77aa63c00000, len=81960, rkey=0x900021
[Proxy] Remote atomic buffer info for peer 12: addr=0x7709e7c00000, len=81960, rkey=0x70006b
[Proxy] Remote atomic buffer info for peer 10: addr=0x77aa63c00000, len=81960, rkey=0x100072
[Proxy] Remote atomic buffer info for peer 10: addr=0x77aa63c00000, len=81960, rkey=0x900021
[Proxy] Remote atomic buffer info for peer 9: addr=0x725acfc00000, len=81960, rkey=0x800056
[Proxy] Remote atomic buffer info for peer 13: addr=0x7f570fc00000, len=81960, rkey=0xa0005f
[Proxy] Remote atomic buffer info for peer 10: addr=0x77aa63c00000, len=81960, rkey=0x900021
[Proxy] Remote atomic buffer info for peer 9: addr=0x725acfc00000, len=81960, rkey=0x700077
[Proxy] Remote atomic buffer info for peer 12: addr=0x7709e7c00000, len=81960, rkey=0xb0001d
[Proxy] Remote atomic buffer info for peer 10: addr=0x77aa63c00000, len=81960, rkey=0xc0001b
[Proxy] Remote atomic buffer info for peer 11: addr=0x7d09ffc00000, len=81960, rkey=0xa00067
[Proxy] Remote atomic buffer info for peer 13: addr=0x7f570fc00000, len=81960, rkey=0x90002d
[Proxy] Remote atomic buffer info for peer 10: addr=0x77aa63c00000, len=81960, rkey=0x60002a
[Proxy] Remote atomic buffer info for peer 10: addr=0x77aa63c00000, len=81960, rkey=0x100072
[Proxy] Remote atomic buffer info for peer 11: addr=0x7d09ffc00000, len=81960, rkey=0x90002d
[Proxy] Remote atomic buffer info for peer 12: addr=0x7709e7c00000, len=81960, rkey=0x70006b
[Proxy] Remote atomic buffer info for peer 12: addr=0x7709e7c00000, len=81960, rkey=0x70006b
[Proxy] Remote atomic buffer info for peer 13: addr=0x7f570fc00000, len=81960, rkey=0xa0005f
[Proxy] Remote atomic buffer info for peer 12: addr=0x7709e7c00000, len=81960, rkey=0xa0005a
[Proxy] Remote atomic buffer info for peer 11: addr=0x7d09ffc00000, len=81960, rkey=0xb0000f
[Proxy] Remote atomic buffer info for peer 10: addr=0x77aa63c00000, len=81960, rkey=0x900021
[Proxy] Remote atomic buffer info for peer 10: addr=0x77aa63c00000, len=81960, rkey=0xc0001b
[Proxy] Remote atomic buffer info for peer 11: addr=0x7d09ffc00000, len=81960, rkey=0xb0000a
[Proxy] Remote atomic buffer info for peer 12: addr=0x7709e7c00000, len=81960, rkey=0xb0001d
[Proxy] Remote atomic buffer info for peer 12: addr=0x7709e7c00000, len=81960, rkey=0x70006b
[Proxy] Remote atomic buffer info for peer 12: addr=0x7709e7c00000, len=81960, rkey=0xb0001d
[Proxy] Remote atomic buffer info for peer 13: addr=0x7f570fc00000, len=81960, rkey=0x90002d
[Proxy] Remote atomic buffer info for peer 11: addr=0x7d09ffc00000, len=81960, rkey=0xb0000f
[Proxy] Remote atomic buffer info for peer 12: addr=0x7709e7c00000, len=81960, rkey=0xc00001
[Proxy] Remote atomic buffer info for peer 11: addr=0x7d09ffc00000, len=81960, rkey=0x90002d
[Proxy] Remote atomic buffer info for peer 11: addr=0x7d09ffc00000, len=81960, rkey=0xb0000a
[Proxy] Remote atomic buffer info for peer 11: addr=0x7d09ffc00000, len=81960, rkey=0xb0000f
[Proxy] Remote atomic buffer info for peer 13: addr=0x7f570fc00000, len=81960, rkey=0xa00059
[Proxy] Remote atomic buffer info for peer 11: addr=0x7d09ffc00000, len=81960, rkey=0xa00067
[Proxy] Remote atomic buffer info for peer 11: addr=0x7d09ffc00000, len=81960, rkey=0x90002d
[Proxy] Remote atomic buffer info for peer 11: addr=0x7d09ffc00000, len=81960, rkey=0xa00067
[Proxy] Remote atomic buffer info for peer 12: addr=0x7709e7c00000, len=81960, rkey=0xa0005a
[Proxy] Remote atomic buffer info for peer 10: addr=0x77aa63c00000, len=81960, rkey=0xc0001b
[Proxy] Remote atomic buffer info for peer 14: addr=0x7415fbc00000, len=81960, rkey=0xd00038
[Proxy] Remote atomic buffer info for peer 12: addr=0x7709e7c00000, len=81960, rkey=0x70006b
[Proxy] Remote atomic buffer info for peer 11: addr=0x7d09ffc00000, len=81960, rkey=0xa00067
[Proxy] Remote atomic buffer info for peer 10: addr=0x77aa63c00000, len=81960, rkey=0x60002a
[Proxy] Remote atomic buffer info for peer 13: addr=0x7f570fc00000, len=81960, rkey=0x80006d
[Proxy] Remote atomic buffer info for peer 11: addr=0x7d09ffc00000, len=81960, rkey=0xb0000a
[Proxy] Remote atomic buffer info for peer 12: addr=0x7709e7c00000, len=81960, rkey=0xc00001
[Proxy] Remote atomic buffer info for peer 14: addr=0x7415fbc00000, len=81960, rkey=0xc0001b
[Proxy] Remote atomic buffer info for peer 12: addr=0x7709e7c00000, len=81960, rkey=0xb0001d
[Proxy] Remote atomic buffer info for peer 11: addr=0x7d09ffc00000, len=81960, rkey=0xb0000f
[Proxy] Remote atomic buffer info for peer 11: addr=0x7d09ffc00000, len=81960, rkey=0x90002d
[Proxy] Remote atomic buffer info for peer 13: addr=0x7f570fc00000, len=81960, rkey=0xa00059
[Proxy] Remote atomic buffer info for peer 13: addr=0x7f570fc00000, len=81960, rkey=0xa00059
[Proxy] Remote atomic buffer info for peer 14: addr=0x7415fbc00000, len=81960, rkey=0xd00038
[Proxy] Remote atomic buffer info for peer 13: addr=0x7f570fc00000, len=81960, rkey=0x90002d
[Proxy] Remote atomic buffer info for peer 11: addr=0x7d09ffc00000, len=81960, rkey=0xb0000a
[Proxy] Remote atomic buffer info for peer 11: addr=0x7d09ffc00000, len=81960, rkey=0xa00067
[Proxy] Remote atomic buffer info for peer 13: addr=0x7f570fc00000, len=81960, rkey=0x80006d
[Proxy] Remote atomic buffer info for peer 13: addr=0x7f570fc00000, len=81960, rkey=0x80006d
[Proxy] Remote atomic buffer info for peer 13: addr=0x7f570fc00000, len=81960, rkey=0xa00059
[Proxy] Remote atomic buffer info for peer 14: addr=0x7415fbc00000, len=81960, rkey=0xc0001b
[Proxy] Remote atomic buffer info for peer 12: addr=0x7709e7c00000, len=81960, rkey=0xc00001
[Proxy] Remote atomic buffer info for peer 13: addr=0x7f570fc00000, len=81960, rkey=0xa0005f
[Proxy] Remote atomic buffer info for peer 12: addr=0x7709e7c00000, len=81960, rkey=0x70006b
[Proxy] Remote atomic buffer info for peer 12: addr=0x7709e7c00000, len=81960, rkey=0xb0001d
[Proxy] Remote atomic buffer info for peer 12: addr=0x7709e7c00000, len=81960, rkey=0xc00001
[Proxy] Remote atomic buffer info for peer 12: addr=0x7709e7c00000, len=81960, rkey=0xa0005a
[Proxy] Remote atomic buffer info for peer 14: addr=0x7415fbc00000, len=81960, rkey=0x20005c
[Proxy] Remote atomic buffer info for peer 12: addr=0x7709e7c00000, len=81960, rkey=0x70006b
[Proxy] Remote atomic buffer info for peer 12: addr=0x7709e7c00000, len=81960, rkey=0xa0005a
[Proxy] Remote atomic buffer info for peer 13: addr=0x7f570fc00000, len=81960, rkey=0x90002d
[Proxy] Remote atomic buffer info for peer 11: addr=0x7d09ffc00000, len=81960, rkey=0xb0000a
[Proxy] Remote atomic buffer info for peer 15: addr=0x72cedbc00000, len=81960, rkey=0xc0000e
[Proxy] Remote atomic buffer info for peer 13: addr=0x7f570fc00000, len=81960, rkey=0xa00059
[Proxy] Remote atomic buffer info for peer 12: addr=0x7709e7c00000, len=81960, rkey=0xa0005a
[Proxy] Remote atomic buffer info for peer 11: addr=0x7d09ffc00000, len=81960, rkey=0xb0000f
[Proxy] Remote atomic buffer info for peer 14: addr=0x7415fbc00000, len=81960, rkey=0xe00000
[Proxy] Remote atomic buffer info for peer 12: addr=0x7709e7c00000, len=81960, rkey=0xb0001d
[Proxy] Remote atomic buffer info for peer 13: addr=0x7f570fc00000, len=81960, rkey=0xa0005f
[Proxy] Remote atomic buffer info for peer 15: addr=0x72cedbc00000, len=81960, rkey=0xe0001d
[Proxy] Remote atomic buffer info for peer 13: addr=0x7f570fc00000, len=81960, rkey=0x80006d
[Proxy] Remote atomic buffer info for peer 12: addr=0x7709e7c00000, len=81960, rkey=0x70006b
[Proxy] Remote atomic buffer info for peer 14: addr=0x7415fbc00000, len=81960, rkey=0x20005c
[Proxy] Remote atomic buffer info for peer 12: addr=0x7709e7c00000, len=81960, rkey=0xc00001
[Proxy] Remote atomic buffer info for peer 14: addr=0x7415fbc00000, len=81960, rkey=0x20005c
[Proxy] Remote atomic buffer info for peer 15: addr=0x72cedbc00000, len=81960, rkey=0xc0000e
[Proxy] Remote atomic buffer info for peer 14: addr=0x7415fbc00000, len=81960, rkey=0xc0001b
[Proxy] Remote atomic buffer info for peer 13: addr=0x7f570fc00000, len=81960, rkey=0xa00059
[Proxy] Remote atomic buffer info for peer 12: addr=0x7709e7c00000, len=81960, rkey=0xb0001d
[Proxy] Remote atomic buffer info for peer 12: addr=0x7709e7c00000, len=81960, rkey=0xa0005a
[Proxy] Remote atomic buffer info for peer 14: addr=0x7415fbc00000, len=81960, rkey=0xe00000
[Proxy] Remote atomic buffer info for peer 14: addr=0x7415fbc00000, len=81960, rkey=0xe00000
[Proxy] Remote atomic buffer info for peer 13: addr=0x7f570fc00000, len=81960, rkey=0xa0005f
[Proxy] Remote atomic buffer info for peer 14: addr=0x7415fbc00000, len=81960, rkey=0x20005c
[Proxy] Remote atomic buffer info for peer 15: addr=0x72cedbc00000, len=81960, rkey=0xe0001d
[Proxy] Remote atomic buffer info for peer 13: addr=0x7f570fc00000, len=81960, rkey=0xa0005f
[Proxy] Remote atomic buffer info for peer 14: addr=0x7415fbc00000, len=81960, rkey=0xd00038
[Proxy] Remote atomic buffer info for peer 12: addr=0x7709e7c00000, len=81960, rkey=0xb0001d
[Proxy] Remote atomic buffer info for peer 13: addr=0x7f570fc00000, len=81960, rkey=0x90002d
[Proxy] Remote atomic buffer info for peer 13: addr=0x7f570fc00000, len=81960, rkey=0x80006d
[Proxy] Remote atomic buffer info for peer 13: addr=0x7f570fc00000, len=81960, rkey=0x90002d
[Proxy] Remote atomic buffer info for peer 15: addr=0x72cedbc00000, len=81960, rkey=0xf00041
[Proxy] Remote atomic buffer info for peer 13: addr=0x7f570fc00000, len=81960, rkey=0xa00059
[Proxy] Remote atomic buffer info for peer 13: addr=0x7f570fc00000, len=81960, rkey=0x90002d
[Proxy] Remote atomic buffer info for peer 14: addr=0x7415fbc00000, len=81960, rkey=0xc0001b
[Proxy] Remote atomic buffer info for peer 14: addr=0x7415fbc00000, len=81960, rkey=0x20005c
[Proxy] Remote atomic buffer info for peer 12: addr=0x7709e7c00000, len=81960, rkey=0xc00001
[Proxy] Remote atomic buffer info for peer 15: addr=0x72cedbc00000, len=81960, rkey=0xa0003f
[Proxy] Remote atomic buffer info for peer 13: addr=0x7f570fc00000, len=81960, rkey=0x80006d
[Proxy] Remote atomic buffer info for peer 14: addr=0x7415fbc00000, len=81960, rkey=0xd00038
[Proxy] Remote atomic buffer info for peer 13: addr=0x7f570fc00000, len=81960, rkey=0xa00059
[Proxy] Remote atomic buffer info for peer 14: addr=0x7415fbc00000, len=81960, rkey=0xe00000
[Proxy] Remote atomic buffer info for peer 15: addr=0x72cedbc00000, len=81960, rkey=0xf00041
[Proxy] Remote atomic buffer info for peer 13: addr=0x7f570fc00000, len=81960, rkey=0xa0005f
[Proxy] Remote atomic buffer info for peer 15: addr=0x72cedbc00000, len=81960, rkey=0xf00041
[Proxy] Remote atomic buffer info for peer 15: addr=0x72cedbc00000, len=81960, rkey=0xe0001d
[Proxy] Remote atomic buffer info for peer 14: addr=0x7415fbc00000, len=81960, rkey=0x20005c
[Proxy] Remote atomic buffer info for peer 13: addr=0x7f570fc00000, len=81960, rkey=0x80006d
[Proxy] Remote atomic buffer info for peer 15: addr=0x72cedbc00000, len=81960, rkey=0xa0003f
[Proxy] Remote atomic buffer info for peer 13: addr=0x7f570fc00000, len=81960, rkey=0x90002d
[Proxy] Remote atomic buffer info for peer 15: addr=0x72cedbc00000, len=81960, rkey=0xa0003f
[Proxy] Remote atomic buffer info for peer 14: addr=0x7415fbc00000, len=81960, rkey=0xd00038
[Proxy] Remote atomic buffer info for peer 15: addr=0x72cedbc00000, len=81960, rkey=0xf00041
[Proxy] Remote atomic buffer info for peer 14: addr=0x7415fbc00000, len=81960, rkey=0xc0001b
[Proxy] Remote atomic buffer info for peer 14: addr=0x7415fbc00000, len=81960, rkey=0xd00038
[Proxy] Remote atomic buffer info for peer 14: addr=0x7415fbc00000, len=81960, rkey=0x20005c
[Proxy] Remote atomic buffer info for peer 15: addr=0x72cedbc00000, len=81960, rkey=0xc0000e
[Proxy] Remote atomic buffer info for peer 13: addr=0x7f570fc00000, len=81960, rkey=0x80006d
[Proxy] Remote atomic buffer info for peer 14: addr=0x7415fbc00000, len=81960, rkey=0xc0001b
[Proxy] Remote atomic buffer info for peer 14: addr=0x7415fbc00000, len=81960, rkey=0xe00000
[Proxy] Remote atomic buffer info for peer 13: addr=0x7f570fc00000, len=81960, rkey=0xa0005f
[Proxy] Remote atomic buffer info for peer 14: addr=0x7415fbc00000, len=81960, rkey=0xe00000
[Proxy] Remote atomic buffer info for peer 14: addr=0x7415fbc00000, len=81960, rkey=0xc0001b
[Proxy] Remote atomic buffer info for peer 15: addr=0x72cedbc00000, len=81960, rkey=0xe0001d
[Proxy] Remote atomic buffer info for peer 15: addr=0x72cedbc00000, len=81960, rkey=0xf00041
[Proxy] Remote atomic buffer info for peer 15: addr=0x72cedbc00000, len=81960, rkey=0xc0000e
[Proxy] Remote atomic buffer info for peer 14: addr=0x7415fbc00000, len=81960, rkey=0x20005c
[Proxy] Remote atomic buffer info for peer 15: addr=0x72cedbc00000, len=81960, rkey=0xa0003f
[Proxy] Remote atomic buffer info for peer 14: addr=0x7415fbc00000, len=81960, rkey=0xd00038
[Proxy] Remote atomic buffer info for peer 15: addr=0x72cedbc00000, len=81960, rkey=0xc0000e
[Proxy] Remote atomic buffer info for peer 15: addr=0x72cedbc00000, len=81960, rkey=0xf00041
[Proxy] Remote atomic buffer info for peer 14: addr=0x7415fbc00000, len=81960, rkey=0xe00000
[Proxy] Remote atomic buffer info for peer 15: addr=0x72cedbc00000, len=81960, rkey=0xa0003f
[Proxy] Remote atomic buffer info for peer 14: addr=0x7415fbc00000, len=81960, rkey=0xc0001b
[Proxy] Remote atomic buffer info for peer 15: addr=0x72cedbc00000, len=81960, rkey=0xc0000e
[Proxy] Remote atomic buffer info for peer 15: addr=0x72cedbc00000, len=81960, rkey=0xe0001d
[Proxy] Remote atomic buffer info for peer 15: addr=0x72cedbc00000, len=81960, rkey=0xe0001d
[Proxy] Remote atomic buffer info for peer 15: addr=0x72cedbc00000, len=81960, rkey=0xf00041
[Proxy] Remote atomic buffer info for peer 14: addr=0x7415fbc00000, len=81960, rkey=0xe00000
[Proxy] Remote atomic buffer info for peer 15: addr=0x72cedbc00000, len=81960, rkey=0xe0001d
[Proxy] Remote atomic buffer info for peer 14: addr=0x7415fbc00000, len=81960, rkey=0xd00038
[Proxy] Remote atomic buffer info for peer 15: addr=0x72cedbc00000, len=81960, rkey=0xa0003f
[Proxy] Remote atomic buffer info for peer 15: addr=0x72cedbc00000, len=81960, rkey=0xf00041
[Proxy] Remote atomic buffer info for peer 15: addr=0x72cedbc00000, len=81960, rkey=0xc0000e
[Proxy] Remote atomic buffer info for peer 15: addr=0x72cedbc00000, len=81960, rkey=0xa0003f
[Proxy] Remote atomic buffer info for peer 15: addr=0x72cedbc00000, len=81960, rkey=0xe0001d
[Proxy] Remote atomic buffer info for peer 15: addr=0x72cedbc00000, len=81960, rkey=0xa0003f
[Proxy] Remote atomic buffer info for peer 15: addr=0x72cedbc00000, len=81960, rkey=0xc0000e
=== capacity=4 ranks=16 ===
/usr/local/lib/python3.12/dist-packages/torch/distributed/c10d_logger.py:83: FutureWarning: `torch.distributed.all_gather_into_tensor` is deprecated. Please use `torch.distributed.all_gather_single` instead.
  return func(*args, **kwargs)
/usr/local/lib/python3.12/dist-packages/torch/distributed/c10d_logger.py:83: FutureWarning: `torch.distributed.all_gather_into_tensor` is deprecated. Please use `torch.distributed.all_gather_single` instead.
  return func(*args, **kwargs)
/usr/local/lib/python3.12/dist-packages/torch/distributed/c10d_logger.py:83: FutureWarning: `torch.distributed.all_gather_into_tensor` is deprecated. Please use `torch.distributed.all_gather_single` instead.
  return func(*args, **kwargs)
/usr/local/lib/python3.12/dist-packages/torch/distributed/c10d_logger.py:83: FutureWarning: `torch.distributed.all_gather_into_tensor` is deprecated. Please use `torch.distributed.all_gather_single` instead.
  return func(*args, **kwargs)
/usr/local/lib/python3.12/dist-packages/torch/distributed/c10d_logger.py:83: FutureWarning: `torch.distributed.all_gather_into_tensor` is deprecated. Please use `torch.distributed.all_gather_single` instead.
  return func(*args, **kwargs)
/usr/local/lib/python3.12/dist-packages/torch/distributed/c10d_logger.py:83: FutureWarning: `torch.distributed.all_gather_into_tensor` is deprecated. Please use `torch.distributed.all_gather_single` instead.
  return func(*args, **kwargs)
/usr/local/lib/python3.12/dist-packages/torch/distributed/c10d_logger.py:83: FutureWarning: `torch.distributed.all_gather_into_tensor` is deprecated. Please use `torch.distributed.all_gather_single` instead.
  return func(*args, **kwargs)
/usr/local/lib/python3.12/dist-packages/torch/distributed/c10d_logger.py:83: FutureWarning: `torch.distributed.all_gather_into_tensor` is deprecated. Please use `torch.distributed.all_gather_single` instead.
  return func(*args, **kwargs)
  tokens=4     pair=  162.26 us (p50  162.05, rank-max  162.40) | disp     99.4 KiB  comb    192.0 KiB
              disp=   74.83 us  comb(sub)=   87.43 us
[rank0]:[W819 07:52:00.472733182 ProcessGroupNCCL.cpp:1624] Warning: WARNING: destroy_process_group() was not called before program exit, which can leak resources. For more info, please see https://pytorch.org/docs/stable/distributed.html#shutdown (function operator())
W0819 07:52:01.351000 1 torch/multiprocessing/spawn.py:165] Terminating process 397 via signal SIGTERM
W0819 07:52:01.352000 1 torch/multiprocessing/spawn.py:165] Terminating process 398 via signal SIGTERM
W0819 07:52:01.352000 1 torch/multiprocessing/spawn.py:165] Terminating process 399 via signal SIGTERM
W0819 07:52:01.352000 1 torch/multiprocessing/spawn.py:165] Terminating process 400 via signal SIGTERM
W0819 07:52:01.353000 1 torch/multiprocessing/spawn.py:165] Terminating process 402 via signal SIGTERM
W0819 07:52:01.353000 1 torch/multiprocessing/spawn.py:165] Terminating process 403 via signal SIGTERM
W0819 07:52:01.353000 1 torch/multiprocessing/spawn.py:165] Terminating process 404 via signal SIGTERM
Traceback (most recent call last):
  File "/bench/bench_a2a_ll.py", line 487, in <module>
    torch.multiprocessing.spawn(run, args=(args.num_processes, args), nprocs=args.num_processes)
  File "/usr/local/lib/python3.12/dist-packages/torch/multiprocessing/spawn.py", line 340, in spawn
    return start_processes(fn, args, nprocs, join, daemon, start_method="spawn")
           ^^^^^^^^^^^^^^^^^^^^^^^^^^^^^^^^^^^^^^^^^^^^^^^^^^^^^^^^^^^^^^^^^^^^^
  File "/usr/local/lib/python3.12/dist-packages/torch/multiprocessing/spawn.py", line 296, in start_processes
    while not context.join():
              ^^^^^^^^^^^^^^
  File "/usr/local/lib/python3.12/dist-packages/torch/multiprocessing/spawn.py", line 211, in join
    raise ProcessRaisedException(msg, error_index, failed_process.pid)
torch.multiprocessing.spawn.ProcessRaisedException: 

-- Process 4 terminated with the following error:
Traceback (most recent call last):
  File "/usr/local/lib/python3.12/dist-packages/torch/multiprocessing/spawn.py", line 87, in _wrap
    fn(i, *args)
  File "/bench/bench_a2a_ll.py", line 454, in run
    dist.barrier()
  File "/usr/local/lib/python3.12/dist-packages/torch/distributed/c10d_logger.py", line 83, in wrapper
    return func(*args, **kwargs)
           ^^^^^^^^^^^^^^^^^^^^^
  File "/usr/local/lib/python3.12/dist-packages/torch/distributed/distributed_c10d.py", line 5349, in barrier
    work = group.barrier(opts=opts)
           ^^^^^^^^^^^^^^^^^^^^^^^^
torch.AcceleratorError: CUDA error: invalid argument
Search for `cudaErrorInvalidValue' in https://docs.nvidia.com/cuda/cuda-runtime-api/group__CUDART__TYPES.html for more information.
For more detailed error information, run with CUDA_LOG_FILE=stderr


