NCCL version 2.31.1+cuda13.0
WARN: device rdmap85s0 is not supported (expected HCA interface: mlx5). Skipping...

WARN: device rdmap86s0 is not supported (expected HCA interface: mlx5). Skipping...

WARN: device rdmap87s0 is not supported (expected HCA interface: mlx5). Skipping...

WARN: device rdmap85s0 is not supported (expected HCA interface: mlx5). Skipping...

WARN: device rdmap85s0 is not supported (expected HCA interface: mlx5). Skipping...

WARN: device rdmap88s0 is not supported (expected HCA interface: mlx5). Skipping...

WARN: device rdmap86s0 is not supported (expected HCA interface: mlx5). Skipping...

WARN: device rdmap86s0 is not supported (expected HCA interface: mlx5). Skipping...

WARN: device rdmap110s0 is not supported (expected HCA interface: mlx5). Skipping...

WARN: device rdmap87s0 is not supported (expected HCA interface: mlx5). Skipping...

WARN: device rdmap87s0 is not supported (expected HCA interface: mlx5). Skipping...

WARN: device rdmap85s0 is not supported (expected HCA interface: mlx5). Skipping...

WARN: device rdmap111s0 is not supported (expected HCA interface: mlx5). Skipping...

WARN: device rdmap88s0 is not supported (expected HCA interface: mlx5). Skipping...

WARN: device rdmap88s0 is not supported (expected HCA interface: mlx5). Skipping...

WARN: device rdmap86s0 is not supported (expected HCA interface: mlx5). Skipping...

WARN: device rdmap112s0 is not supported (expected HCA interface: mlx5). Skipping...

WARN: device rdmap110s0 is not supported (expected HCA interface: mlx5). Skipping...

WARN: device rdmap110s0 is not supported (expected HCA interface: mlx5). Skipping...

WARN: device rdmap87s0 is not supported (expected HCA interface: mlx5). Skipping...

WARN: device rdmap113s0 is not supported (expected HCA interface: mlx5). Skipping...

WARN: device rdmap111s0 is not supported (expected HCA interface: mlx5). Skipping...

WARN: device rdmap111s0 is not supported (expected HCA interface: mlx5). Skipping...

WARN: device rdmap85s0 is not supported (expected HCA interface: mlx5). Skipping...

WARN: device rdmap88s0 is not supported (expected HCA interface: mlx5). Skipping...

WARN: device rdmap135s0 is not supported (expected HCA interface: mlx5). Skipping...

WARN: device rdmap112s0 is not supported (expected HCA interface: mlx5). Skipping...

WARN: device rdmap85s0 is not supported (expected HCA interface: mlx5). Skipping...

WARN: device rdmap112s0 is not supported (expected HCA interface: mlx5). Skipping...

WARN: device rdmap86s0 is not supported (expected HCA interface: mlx5). Skipping...

WARN: device rdmap110s0 is not supported (expected HCA interface: mlx5). Skipping...

WARN: device rdmap136s0 is not supported (expected HCA interface: mlx5). Skipping...

WARN: device rdmap85s0 is not supported (expected HCA interface: mlx5). Skipping...

WARN: device rdmap113s0 is not supported (expected HCA interface: mlx5). Skipping...

WARN: device rdmap86s0 is not supported (expected HCA interface: mlx5). Skipping...

WARN: device rdmap87s0 is not supported (expected HCA interface: mlx5). Skipping...

WARN: device rdmap113s0 is not supported (expected HCA interface: mlx5). Skipping...

WARN: device rdmap111s0 is not supported (expected HCA interface: mlx5). Skipping...

WARN: device rdmap137s0 is not supported (expected HCA interface: mlx5). Skipping...

WARN: device rdmap85s0 is not supported (expected HCA interface: mlx5). Skipping...

WARN: device rdmap86s0 is not supported (expected HCA interface: mlx5). Skipping...

WARN: device rdmap87s0 is not supported (expected HCA interface: mlx5). Skipping...

WARN: device rdmap135s0 is not supported (expected HCA interface: mlx5). Skipping...

WARN: device rdmap88s0 is not supported (expected HCA interface: mlx5). Skipping...

WARN: device rdmap112s0 is not supported (expected HCA interface: mlx5). Skipping...

WARN: device rdmap135s0 is not supported (expected HCA interface: mlx5). Skipping...

WARN: device rdmap86s0 is not supported (expected HCA interface: mlx5). Skipping...

WARN: device rdmap138s0 is not supported (expected HCA interface: mlx5). Skipping...

WARN: device rdmap87s0 is not supported (expected HCA interface: mlx5). Skipping...

WARN: device rdmap88s0 is not supported (expected HCA interface: mlx5). Skipping...

WARN: device rdmap136s0 is not supported (expected HCA interface: mlx5). Skipping...

WARN: device rdmap110s0 is not supported (expected HCA interface: mlx5). Skipping...

WARN: device rdmap113s0 is not supported (expected HCA interface: mlx5). Skipping...

WARN: device rdmap136s0 is not supported (expected HCA interface: mlx5). Skipping...

WARN: device rdmap87s0 is not supported (expected HCA interface: mlx5). Skipping...

WARN: device rdmap88s0 is not supported (expected HCA interface: mlx5). Skipping...

WARN: device rdmap160s0 is not supported (expected HCA interface: mlx5). Skipping...

WARN: device rdmap110s0 is not supported (expected HCA interface: mlx5). Skipping...

WARN: device rdmap135s0 is not supported (expected HCA interface: mlx5). Skipping...

WARN: WARN: device rdmap111s0 is not supported (expected HCA interface: mlx5). Skipping...
device rdmap137s0 is not supported (expected HCA interface: mlx5). Skipping...


WARN: device rdmap137s0 is not supported (expected HCA interface: mlx5). Skipping...

WARN: device rdmap88s0 is not supported (expected HCA interface: mlx5). Skipping...

WARN: device rdmap161s0 is not supported (expected HCA interface: mlx5). Skipping...

WARN: device rdmap110s0 is not supported (expected HCA interface: mlx5). Skipping...

WARN: device rdmap136s0 is not supported (expected HCA interface: mlx5). Skipping...

WARN: device rdmap111s0 is not supported (expected HCA interface: mlx5). Skipping...

WARN: device rdmap138s0 is not supported (expected HCA interface: mlx5). Skipping...

WARN: device rdmap112s0 is not supported (expected HCA interface: mlx5). Skipping...

WARN: device rdmap138s0 is not supported (expected HCA interface: mlx5). Skipping...

WARN: WARN: device rdmap110s0 is not supported (expected HCA interface: mlx5). Skipping...
device rdmap162s0 is not supported (expected HCA interface: mlx5). Skipping...


WARN: device rdmap111s0 is not supported (expected HCA interface: mlx5). Skipping...

WARN: device rdmap137s0 is not supported (expected HCA interface: mlx5). Skipping...

WARN: device rdmap112s0 is not supported (expected HCA interface: mlx5). Skipping...

WARN: device rdmap160s0 is not supported (expected HCA interface: mlx5). Skipping...

WARN: device rdmap113s0 is not supported (expected HCA interface: mlx5). Skipping...

WARN: device rdmap160s0 is not supported (expected HCA interface: mlx5). Skipping...

/dvs/p4/build/sw/rel/gpgpu/toolkit/r13.0/main_nvshmem/src/host/transport/transport.cpp:nvshmemi_transport_init:282: init failed for transport: IBGDA
WARN: device rdmap163s0 is not supported (expected HCA interface: mlx5). Skipping...

WARN: device rdmap111s0 is not supported (expected HCA interface: mlx5). Skipping...

WARN: device rdmap112s0 is not supported (expected HCA interface: mlx5). Skipping...

WARN: device rdmap138s0 is not supported (expected HCA interface: mlx5). Skipping...

WARN: device rdmap113s0 is not supported (expected HCA interface: mlx5). Skipping...

WARN: device rdmap135s0 is not supported (expected HCA interface: mlx5). Skipping...

WARN: device rdmap161s0 is not supported (expected HCA interface: mlx5). Skipping...

WARN: device rdmap161s0 is not supported (expected HCA interface: mlx5). Skipping...

WARN: device rdmap112s0 is not supported (expected HCA interface: mlx5). Skipping...

WARN: device rdmap113s0 is not supported (expected HCA interface: mlx5). Skipping...

WARN: device rdmap160s0 is not supported (expected HCA interface: mlx5). Skipping...

WARN: device rdmap135s0 is not supported (expected HCA interface: mlx5). Skipping...

WARN: device rdmap136s0 is not supported (expected HCA interface: mlx5). Skipping...

WARN: device rdmap162s0 is not supported (expected HCA interface: mlx5). Skipping...

WARN: device rdmap162s0 is not supported (expected HCA interface: mlx5). Skipping...

WARN: device rdmap113s0 is not supported (expected HCA interface: mlx5). Skipping...

WARN: device rdmap135s0 is not supported (expected HCA interface: mlx5). Skipping...

WARN: WARN: device rdmap136s0 is not supported (expected HCA interface: mlx5). Skipping...

device rdmap161s0 is not supported (expected HCA interface: mlx5). Skipping...

WARN: device rdmap163s0 is not supported (expected HCA interface: mlx5). Skipping...

WARN: device rdmap137s0 is not supported (expected HCA interface: mlx5). Skipping...

/dvs/p4/build/sw/rel/gpgpu/toolkit/r13.0/main_nvshmem/src/host/transport/transport.cpp:nvshmemi_transport_init:282: init failed for transport: IBGDA
/dvs/p4/build/sw/rel/gpgpu/toolkit/r13.0/main_nvshmem/src/host/transport/transport.cpp:nvshmemi_transport_init:282: init failed for transport: IBGDA
WARN: device rdmap163s0 is not supported (expected HCA interface: mlx5). Skipping...

WARN: device rdmap135s0 is not supported (expected HCA interface: mlx5). Skipping...

WARN: device rdmap136s0 is not supported (expected HCA interface: mlx5). Skipping...

WARN: device rdmap162s0 is not supported (expected HCA interface: mlx5). Skipping...

WARN: device rdmap137s0 is not supported (expected HCA interface: mlx5). Skipping...

WARN: device rdmap138s0 is not supported (expected HCA interface: mlx5). Skipping...

WARN: device rdmap136s0 is not supported (expected HCA interface: mlx5). Skipping...

/dvs/p4/build/sw/rel/gpgpu/toolkit/r13.0/main_nvshmem/src/host/transport/transport.cpp:nvshmemi_transport_init:282: init failed for transport: IBGDA
WARN: device rdmap163s0 is not supported (expected HCA interface: mlx5). Skipping...

WARN: device rdmap137s0 is not supported (expected HCA interface: mlx5). Skipping...

WARN: device rdmap138s0 is not supported (expected HCA interface: mlx5). Skipping...

WARN: device rdmap160s0 is not supported (expected HCA interface: mlx5). Skipping...

WARN: device rdmap137s0 is not supported (expected HCA interface: mlx5). Skipping...

WARN: device rdmap138s0 is not supported (expected HCA interface: mlx5). Skipping...

WARN: device rdmap160s0 is not supported (expected HCA interface: mlx5). Skipping...

WARN: device rdmap161s0 is not supported (expected HCA interface: mlx5). Skipping...

WARN: device rdmap138s0 is not supported (expected HCA interface: mlx5). Skipping...

WARN: device rdmap161s0 is not supported (expected HCA interface: mlx5). Skipping...

WARN: device rdmap162s0 is not supported (expected HCA interface: mlx5). Skipping...

WARN: device rdmap160s0 is not supported (expected HCA interface: mlx5). Skipping...

WARN: device rdmap162s0 is not supported (expected HCA interface: mlx5). Skipping...

WARN: device rdmap160s0 is not supported (expected HCA interface: mlx5). Skipping...

WARN: device rdmap163s0 is not supported (expected HCA interface: mlx5). Skipping...

WARN: device rdmap161s0 is not supported (expected HCA interface: mlx5). Skipping...

/dvs/p4/build/sw/rel/gpgpu/toolkit/r13.0/main_nvshmem/src/host/transport/transport.cpp:nvshmemi_transport_init:282: init failed for transport: IBGDA
WARN: device rdmap163s0 is not supported (expected HCA interface: mlx5). Skipping...

WARN: device rdmap161s0 is not supported (expected HCA interface: mlx5). Skipping...

/dvs/p4/build/sw/rel/gpgpu/toolkit/r13.0/main_nvshmem/src/host/transport/transport.cpp:nvshmemi_transport_init:282: init failed for transport: IBGDA
WARN: device rdmap162s0 is not supported (expected HCA interface: mlx5). Skipping...

WARN: device rdmap163s0 is not supported (expected HCA interface: mlx5). Skipping...

/dvs/p4/build/sw/rel/gpgpu/toolkit/r13.0/main_nvshmem/src/host/transport/transport.cpp:nvshmemi_transport_init:282: init failed for transport: IBGDA
WARN: device rdmap162s0 is not supported (expected HCA interface: mlx5). Skipping...

WARN: device rdmap163s0 is not supported (expected HCA interface: mlx5). Skipping...

/dvs/p4/build/sw/rel/gpgpu/toolkit/r13.0/main_nvshmem/src/host/transport/transport.cpp:nvshmemi_transport_init:282: init failed for transport: IBGDA
NCCL version 2.31.1+cuda13.0
NCCL version 2.31.1+cuda13.0
NCCL version 2.31.1+cuda13.0
NCCL version 2.31.1+cuda13.0
NCCL version 2.31.1+cuda13.0
NCCL version 2.31.1+cuda13.0
NCCL version 2.31.1+cuda13.0
=== capacity=1024 ranks=8 ===
/usr/local/lib/python3.12/dist-packages/torch/distributed/c10d_logger.py:83: FutureWarning: `torch.distributed.all_gather_into_tensor` is deprecated. Please use `torch.distributed.all_gather_single` instead.
  return func(*args, **kwargs)
/usr/local/lib/python3.12/dist-packages/torch/distributed/c10d_logger.py:83: FutureWarning: `torch.distributed.all_gather_into_tensor` is deprecated. Please use `torch.distributed.all_gather_single` instead.
  return func(*args, **kwargs)
/usr/local/lib/python3.12/dist-packages/torch/distributed/c10d_logger.py:83: FutureWarning: `torch.distributed.all_gather_into_tensor` is deprecated. Please use `torch.distributed.all_gather_single` instead.
  return func(*args, **kwargs)
/usr/local/lib/python3.12/dist-packages/torch/distributed/c10d_logger.py:83: FutureWarning: `torch.distributed.all_gather_into_tensor` is deprecated. Please use `torch.distributed.all_gather_single` instead.
  return func(*args, **kwargs)
/usr/local/lib/python3.12/dist-packages/torch/distributed/c10d_logger.py:83: FutureWarning: `torch.distributed.all_gather_into_tensor` is deprecated. Please use `torch.distributed.all_gather_single` instead.
  return func(*args, **kwargs)
/usr/local/lib/python3.12/dist-packages/torch/distributed/c10d_logger.py:83: FutureWarning: `torch.distributed.all_gather_into_tensor` is deprecated. Please use `torch.distributed.all_gather_single` instead.
  return func(*args, **kwargs)
/usr/local/lib/python3.12/dist-packages/torch/distributed/c10d_logger.py:83: FutureWarning: `torch.distributed.all_gather_into_tensor` is deprecated. Please use `torch.distributed.all_gather_single` instead.
  return func(*args, **kwargs)
/usr/local/lib/python3.12/dist-packages/torch/distributed/c10d_logger.py:83: FutureWarning: `torch.distributed.all_gather_into_tensor` is deprecated. Please use `torch.distributed.all_gather_single` instead.
  return func(*args, **kwargs)
  tokens=4     pair=   42.41 us (p50   40.96, rank-max   42.46) | disp     99.4 KiB  comb    192.0 KiB
              disp=   28.38 us  comb(sub)=   14.03 us
  tokens=8     pair=   41.96 us (p50   40.54, rank-max   42.46) | disp    198.8 KiB  comb    384.0 KiB
              disp=   31.00 us  comb(sub)=   10.95 us
  tokens=16    pair=   42.43 us (p50   41.41, rank-max   42.74) | disp    397.5 KiB  comb    768.0 KiB
              disp=   28.87 us  comb(sub)=   13.55 us
  tokens=32    pair=   42.07 us (p50   41.09, rank-max   42.58) | disp    795.0 KiB  comb   1536.0 KiB
              disp=   30.23 us  comb(sub)=   11.84 us
  tokens=128   pair=   63.86 us (p50   63.81, rank-max   64.07) | disp   3180.0 KiB  comb   6144.0 KiB
              disp=   31.30 us  comb(sub)=   32.56 us
